Component: ARM Compiler 5.06 update 7 (build 960) Tool: armlink [4d3601]

==============================================================================

Section Cross References

    main.o(i.main) refers to systick.o(i.systick_config) for systick_config
    main.o(i.main) refers to main.o(i.load_appx) for load_appx
    main.o(i.main) refers to ebus_port.o(i.eBus_init) for eBus_init
    main.o(i.main) refers to led.o(i.led_init) for led_init
    main.o(i.main) refers to uldiv.o(.text) for __aeabi_uldivmod
    main.o(i.main) refers to gd32e10x_gpio.o(i.gpio_bit_set) for gpio_bit_set
    main.o(i.main) refers to gd32e10x_gpio.o(i.gpio_bit_reset) for gpio_bit_reset
    main.o(i.main) refers to systick.o(i.delay_1ms) for delay_1ms
    systick.o(i.delay_1ms) refers to systick.o(.data) for delay
    systick.o(i.delay_decrement) refers to systick.o(.data) for delay
    systick.o(i.systick_config) refers to systick.o(i.NVIC_SetPriority) for NVIC_SetPriority
    systick.o(i.systick_config) refers to system_gd32e10x.o(.data) for SystemCoreClock
    gd32e10x_it.o(i.SysTick_Handler) refers to systick.o(i.delay_decrement) for delay_decrement
    system_gd32e10x.o(i.SystemCoreClockUpdate) refers to system_gd32e10x.o(.data) for SystemCoreClock
    system_gd32e10x.o(i.SystemInit) refers to system_gd32e10x.o(i.system_clock_config) for system_clock_config
    system_gd32e10x.o(i.SystemInit) refers to gd32e10x_misc.o(i.nvic_vector_table_set) for nvic_vector_table_set
    system_gd32e10x.o(i.system_clock_config) refers to system_gd32e10x.o(i.system_clock_120m_hxtal) for system_clock_120m_hxtal
    gd32e10x_adc.o(i.adc_deinit) refers to gd32e10x_rcu.o(i.rcu_periph_reset_enable) for rcu_periph_reset_enable
    gd32e10x_adc.o(i.adc_deinit) refers to gd32e10x_rcu.o(i.rcu_periph_reset_disable) for rcu_periph_reset_disable
    gd32e10x_bkp.o(i.bkp_deinit) refers to gd32e10x_rcu.o(i.rcu_bkp_reset_enable) for rcu_bkp_reset_enable
    gd32e10x_bkp.o(i.bkp_deinit) refers to gd32e10x_rcu.o(i.rcu_bkp_reset_disable) for rcu_bkp_reset_disable
    gd32e10x_can.o(i.can_debug_freeze_disable) refers to gd32e10x_dbg.o(i.dbg_periph_disable) for dbg_periph_disable
    gd32e10x_can.o(i.can_debug_freeze_enable) refers to gd32e10x_dbg.o(i.dbg_periph_enable) for dbg_periph_enable
    gd32e10x_can.o(i.can_deinit) refers to gd32e10x_rcu.o(i.rcu_periph_reset_enable) for rcu_periph_reset_enable
    gd32e10x_can.o(i.can_deinit) refers to gd32e10x_rcu.o(i.rcu_periph_reset_disable) for rcu_periph_reset_disable
    gd32e10x_can.o(i.can_fd_frequency_set) refers to gd32e10x_can.o(i.can_working_mode_set) for can_working_mode_set
    gd32e10x_can.o(i.can_fd_frequency_set) refers to gd32e10x_can.o(i.dev_can_baudrate_set) for dev_can_baudrate_set
    gd32e10x_can.o(i.can_filter_mask_mode_init) refers to gd32e10x_can.o(i.can_struct_para_init) for can_struct_para_init
    gd32e10x_can.o(i.can_filter_mask_mode_init) refers to gd32e10x_can.o(i.can_filter_init) for can_filter_init
    gd32e10x_can.o(i.can_frequency_set) refers to gd32e10x_can.o(i.can_working_mode_set) for can_working_mode_set
    gd32e10x_can.o(i.can_frequency_set) refers to gd32e10x_can.o(i.dev_can_baudrate_set) for dev_can_baudrate_set
    gd32e10x_can.o(i.can_message_receive) refers to gd32e10x_can.o(.constdata) for g_can_fdlength_table
    gd32e10x_can.o(i.can_message_transmit) refers to gd32e10x_can.o(.constdata) for g_can_fdlength_table
    gd32e10x_can.o(i.dev_can_baudrate_set) refers to gd32e10x_rcu.o(i.rcu_clock_freq_get) for rcu_clock_freq_get
    gd32e10x_can.o(i.dev_can_baudrate_set) refers to gd32e10x_can.o(.constdata) for timing_pts
    gd32e10x_ctc.o(i.ctc_deinit) refers to gd32e10x_rcu.o(i.rcu_periph_reset_enable) for rcu_periph_reset_enable
    gd32e10x_ctc.o(i.ctc_deinit) refers to gd32e10x_rcu.o(i.rcu_periph_reset_disable) for rcu_periph_reset_disable
    gd32e10x_dac.o(i.dac_deinit) refers to gd32e10x_rcu.o(i.rcu_periph_reset_enable) for rcu_periph_reset_enable
    gd32e10x_dac.o(i.dac_deinit) refers to gd32e10x_rcu.o(i.rcu_periph_reset_disable) for rcu_periph_reset_disable
    gd32e10x_dma.o(i.dma_channel_disable) refers to gd32e10x_dma.o(i.dma_periph_and_channel_check) for dma_periph_and_channel_check
    gd32e10x_dma.o(i.dma_channel_enable) refers to gd32e10x_dma.o(i.dma_periph_and_channel_check) for dma_periph_and_channel_check
    gd32e10x_dma.o(i.dma_circulation_disable) refers to gd32e10x_dma.o(i.dma_periph_and_channel_check) for dma_periph_and_channel_check
    gd32e10x_dma.o(i.dma_circulation_enable) refers to gd32e10x_dma.o(i.dma_periph_and_channel_check) for dma_periph_and_channel_check
    gd32e10x_dma.o(i.dma_deinit) refers to gd32e10x_dma.o(i.dma_periph_and_channel_check) for dma_periph_and_channel_check
    gd32e10x_dma.o(i.dma_init) refers to gd32e10x_dma.o(i.dma_periph_and_channel_check) for dma_periph_and_channel_check
    gd32e10x_dma.o(i.dma_interrupt_disable) refers to gd32e10x_dma.o(i.dma_periph_and_channel_check) for dma_periph_and_channel_check
[...]
    mallocr.o(i.realloc) refers to mvars.o(.data) for __microlib_freelist
    malloca.o(i.__aligned_malloc) refers to mvars.o(.data) for __microlib_freelist_initialised
    malloca.o(i.__aligned_malloc) refers to mvars.o(.data) for __microlib_freelist
    malloca.o(i.__aligned_malloc) refers to startup_gd32e10x.o(HEAP) for __heap_base
    malloca.o(i.__free$memalign) refers to mvars.o(.data) for __microlib_freelist
    malloca.o(i.__malloc$memalign) refers to malloca.o(i.__aligned_malloc) for __aligned_malloc
    mallocra.o(i.__aligned_malloc$realloc) refers to mallocra.o(i.internal_alloc) for internal_alloc
    mallocra.o(i.__aligned_malloc$realloc) refers to mvars.o(.data) for __microlib_freelist_initialised
    mallocra.o(i.__aligned_malloc$realloc) refers to startup_gd32e10x.o(HEAP) for __heap_base
    mallocra.o(i.__aligned_malloc$realloc) refers to mvars.o(.data) for __microlib_freelist
    mallocra.o(i.__free$realloc$memalign) refers to mvars.o(.data) for __microlib_freelist
    mallocra.o(i.__malloc$realloc$memalign) refers to mallocra.o(i.__aligned_malloc$realloc) for __aligned_malloc$realloc
    mallocra.o(i.__realloc$memalign) refers to mallocra.o(i.__free$realloc$memalign) for __free$realloc$memalign
    mallocra.o(i.__realloc$memalign) refers to mallocra.o(i.internal_alloc) for internal_alloc
    mallocra.o(i.__realloc$memalign) refers to mallocra.o(i.__malloc$realloc$memalign) for __malloc$realloc$memalign
    mallocra.o(i.__realloc$memalign) refers to mvars.o(.data) for __microlib_freelist
    mallocra.o(i.internal_alloc) refers to memcpya.o(.text) for __aeabi_memcpy
    mallocra.o(i.internal_alloc) refers to mvars.o(.data) for __microlib_freelist
    calloc.o(.text) refers to malloc.o(i.malloc) for malloc
    entry2.o(.ARM.Collect$$$$00000001) refers to entry2.o(.ARM.Collect$$$$00002712) for __lit__00000000
    entry2.o(.ARM.Collect$$$$00002712) refers to startup_gd32e10x.o(STACK) for __initial_sp
    entry2.o(__vectab_stack_and_reset_area) refers to startup_gd32e10x.o(STACK) for __initial_sp
    entry2.o(__vectab_stack_and_reset_area) refers to entry.o(.ARM.Collect$$$$00000000) for __main
    entry5.o(.ARM.Collect$$$$00000004) refers to init.o(.text) for __scatterload
    entry9a.o(.ARM.Collect$$$$0000000B) refers to main.o(i.main) for main
    entry9b.o(.ARM.Collect$$$$0000000C) refers to main.o(i.main) for main
    init.o(.text) refers to entry5.o(.ARM.Collect$$$$00000004) for __main_after_scatterload


==============================================================================

Removing Unused input sections from the image.

    Removing main.o(.rev16_text), (4 bytes).
    Removing main.o(.revsh_text), (4 bytes).
    Removing main.o(i.usart0_receive_back), (2 bytes).
    Removing main.o(.data), (2 bytes).
    Removing systick.o(.rev16_text), (4 bytes).
    Removing systick.o(.revsh_text), (4 bytes).
    Removing gd32e10x_it.o(.rev16_text), (4 bytes).
    Removing gd32e10x_it.o(.revsh_text), (4 bytes).
    Removing gd32e10x_it.o(.data), (14 bytes).
    Removing system_gd32e10x.o(.rev16_text), (4 bytes).
    Removing system_gd32e10x.o(.revsh_text), (4 bytes).
    Removing system_gd32e10x.o(i.SystemCoreClockUpdate), (316 bytes).
    Removing gd32e10x_adc.o(.rev16_text), (4 bytes).
    Removing gd32e10x_adc.o(.revsh_text), (4 bytes).
    Removing gd32e10x_adc.o(i.adc_calibration_enable), (42 bytes).
    Removing gd32e10x_adc.o(i.adc_channel_length_config), (70 bytes).
    Removing gd32e10x_adc.o(i.adc_data_alignment_config), (22 bytes).
    Removing gd32e10x_adc.o(i.adc_deinit), (64 bytes).
    Removing gd32e10x_adc.o(i.adc_disable), (10 bytes).
    Removing gd32e10x_adc.o(i.adc_discontinuous_mode_config), (76 bytes).
    Removing gd32e10x_adc.o(i.adc_dma_mode_disable), (10 bytes).
    Removing gd32e10x_adc.o(i.adc_dma_mode_enable), (10 bytes).
    Removing gd32e10x_adc.o(i.adc_enable), (18 bytes).
    Removing gd32e10x_adc.o(i.adc_external_trigger_config), (62 bytes).
    Removing gd32e10x_adc.o(i.adc_external_trigger_source_config), (48 bytes).
    Removing gd32e10x_adc.o(i.adc_flag_clear), (8 bytes).
    Removing gd32e10x_adc.o(i.adc_flag_get), (14 bytes).
    Removing gd32e10x_adc.o(i.adc_inserted_channel_config), (116 bytes).
    Removing gd32e10x_adc.o(i.adc_inserted_channel_offset_config), (36 bytes).
    Removing gd32e10x_adc.o(i.adc_inserted_data_read), (46 bytes).
    Removing gd32e10x_adc.o(i.adc_inserted_software_startconv_flag_get), (16 bytes).
    Removing gd32e10x_adc.o(i.adc_interrupt_disable), (44 bytes).
    Removing gd32e10x_adc.o(i.adc_interrupt_enable), (44 bytes).
    Removing gd32e10x_adc.o(i.adc_interrupt_flag_clear), (8 bytes).
    Removing gd32e10x_adc.o(i.adc_interrupt_flag_get), (88 bytes).
    Removing gd32e10x_adc.o(i.adc_mode_config), (28 bytes).
    Removing gd32e10x_adc.o(i.adc_oversample_mode_config), (58 bytes).
    Removing gd32e10x_adc.o(i.adc_oversample_mode_disable), (14 bytes).
    Removing gd32e10x_adc.o(i.adc_oversample_mode_enable), (14 bytes).
    Removing gd32e10x_adc.o(i.adc_regular_channel_config), (172 bytes).
    Removing gd32e10x_adc.o(i.adc_regular_data_read), (8 bytes).
    Removing gd32e10x_adc.o(i.adc_regular_software_startconv_flag_get), (16 bytes).
    Removing gd32e10x_adc.o(i.adc_resolution_config), (20 bytes).
    Removing gd32e10x_adc.o(i.adc_software_trigger_enable), (30 bytes).
    Removing gd32e10x_adc.o(i.adc_special_function_config), (90 bytes).
    Removing gd32e10x_adc.o(i.adc_sync_mode_convert_value_read), (12 bytes).
    Removing gd32e10x_adc.o(i.adc_tempsensor_vrefint_disable), (20 bytes).
    Removing gd32e10x_adc.o(i.adc_tempsensor_vrefint_enable), (20 bytes).
    Removing gd32e10x_adc.o(i.adc_watchdog_disable), (16 bytes).
    Removing gd32e10x_adc.o(i.adc_watchdog_group_channel_enable), (64 bytes).
    Removing gd32e10x_adc.o(i.adc_watchdog_single_channel_enable), (32 bytes).
    Removing gd32e10x_adc.o(i.adc_watchdog_threshold_config), (14 bytes).
    Removing gd32e10x_bkp.o(.rev16_text), (4 bytes).
    Removing gd32e10x_bkp.o(.revsh_text), (4 bytes).
    Removing gd32e10x_bkp.o(i.bkp_data_read), (56 bytes).
    Removing gd32e10x_bkp.o(i.bkp_data_write), (52 bytes).
    Removing gd32e10x_bkp.o(i.bkp_deinit), (12 bytes).
    Removing gd32e10x_bkp.o(i.bkp_flag_clear), (20 bytes).
    Removing gd32e10x_bkp.o(i.bkp_flag_get), (24 bytes).
    Removing gd32e10x_bkp.o(i.bkp_interrupt_disable), (20 bytes).
    Removing gd32e10x_bkp.o(i.bkp_interrupt_enable), (20 bytes).
    Removing gd32e10x_bkp.o(i.bkp_interrupt_flag_clear), (20 bytes).
    Removing gd32e10x_bkp.o(i.bkp_interrupt_flag_get), (24 bytes).
    Removing gd32e10x_bkp.o(i.bkp_rtc_calibration_output_disable), (20 bytes).
    Removing gd32e10x_bkp.o(i.bkp_rtc_calibration_output_enable), (20 bytes).
    Removing gd32e10x_bkp.o(i.bkp_rtc_calibration_value_set), (28 bytes).
    Removing gd32e10x_bkp.o(i.bkp_rtc_clock_calibration_direction_select), (24 bytes).
    Removing gd32e10x_bkp.o(i.bkp_rtc_clock_output_select), (28 bytes).
    Removing gd32e10x_bkp.o(i.bkp_rtc_output_select), (28 bytes).
    Removing gd32e10x_bkp.o(i.bkp_rtc_signal_output_disable), (20 bytes).
    Removing gd32e10x_bkp.o(i.bkp_rtc_signal_output_enable), (20 bytes).
    Removing gd32e10x_bkp.o(i.bkp_tamper_active_level_set), (28 bytes).
    Removing gd32e10x_bkp.o(i.bkp_tamper_detection_disable), (20 bytes).
    Removing gd32e10x_bkp.o(i.bkp_tamper_detection_enable), (20 bytes).
    Removing gd32e10x_can.o(.rev16_text), (4 bytes).
    Removing gd32e10x_can.o(.revsh_text), (4 bytes).
    Removing gd32e10x_can.o(i.can1_filter_start_bank), (56 bytes).
    Removing gd32e10x_can.o(i.can_debug_freeze_disable), (40 bytes).
    Removing gd32e10x_can.o(i.can_debug_freeze_enable), (40 bytes).
    Removing gd32e10x_can.o(i.can_deinit), (52 bytes).
    Removing gd32e10x_can.o(i.can_error_get), (12 bytes).
    Removing gd32e10x_can.o(i.can_fd_frequency_set), (50 bytes).
    Removing gd32e10x_can.o(i.can_fd_function_disable), (10 bytes).
    Removing gd32e10x_can.o(i.can_fd_function_enable), (10 bytes).
    Removing gd32e10x_can.o(i.can_fd_init), (244 bytes).
    Removing gd32e10x_can.o(i.can_fifo_release), (32 bytes).
    Removing gd32e10x_can.o(i.can_filter_init), (272 bytes).
    Removing gd32e10x_can.o(i.can_filter_mask_mode_init), (264 bytes).
    Removing gd32e10x_can.o(i.can_flag_clear), (26 bytes).
    Removing gd32e10x_can.o(i.can_flag_get), (30 bytes).
    Removing gd32e10x_can.o(i.can_frequency_set), (76 bytes).
    Removing gd32e10x_can.o(i.can_init), (312 bytes).
    Removing gd32e10x_can.o(i.can_interrupt_disable), (8 bytes).
    Removing gd32e10x_can.o(i.can_interrupt_enable), (8 bytes).
    Removing gd32e10x_can.o(i.can_interrupt_flag_clear), (26 bytes).
    Removing gd32e10x_can.o(i.can_interrupt_flag_get), (52 bytes).
    Removing gd32e10x_can.o(i.can_message_receive), (452 bytes).
    Removing gd32e10x_can.o(i.can_message_transmit), (628 bytes).
    Removing gd32e10x_can.o(i.can_monitor_mode_set), (130 bytes).
    Removing gd32e10x_can.o(i.can_receive_error_number_get), (8 bytes).
    Removing gd32e10x_can.o(i.can_receive_message_length_get), (26 bytes).
    Removing gd32e10x_can.o(i.can_struct_para_init), (226 bytes).
    Removing gd32e10x_can.o(i.can_time_trigger_mode_disable), (48 bytes).
    Removing gd32e10x_can.o(i.can_time_trigger_mode_enable), (48 bytes).
    Removing gd32e10x_can.o(i.can_transmission_stop), (80 bytes).
    Removing gd32e10x_can.o(i.can_transmit_error_number_get), (10 bytes).
    Removing gd32e10x_can.o(i.can_transmit_states), (124 bytes).
    Removing gd32e10x_can.o(i.can_wakeup), (48 bytes).
    Removing gd32e10x_can.o(i.can_working_mode_set), (168 bytes).
    Removing gd32e10x_can.o(i.dev_can_baudrate_set), (140 bytes).
    Removing gd32e10x_can.o(.constdata), (192 bytes).
    Removing gd32e10x_crc.o(.rev16_text), (4 bytes).
    Removing gd32e10x_crc.o(.revsh_text), (4 bytes).
    Removing gd32e10x_crc.o(i.crc_block_data_calculate), (36 bytes).
    Removing gd32e10x_crc.o(i.crc_data_register_read), (12 bytes).
    Removing gd32e10x_crc.o(i.crc_data_register_reset), (20 bytes).
    Removing gd32e10x_crc.o(i.crc_deinit), (24 bytes).
    Removing gd32e10x_crc.o(i.crc_free_data_register_read), (12 bytes).
    Removing gd32e10x_crc.o(i.crc_free_data_register_write), (12 bytes).
    Removing gd32e10x_crc.o(i.crc_single_data_calculate), (16 bytes).
    Removing gd32e10x_ctc.o(.rev16_text), (4 bytes).
    Removing gd32e10x_ctc.o(.revsh_text), (4 bytes).
    Removing gd32e10x_ctc.o(i.ctc_clock_limit_value_config), (28 bytes).
    Removing gd32e10x_ctc.o(i.ctc_counter_capture_value_read), (16 bytes).
    Removing gd32e10x_ctc.o(i.ctc_counter_direction_read), (24 bytes).
    Removing gd32e10x_ctc.o(i.ctc_counter_disable), (20 bytes).
    Removing gd32e10x_ctc.o(i.ctc_counter_enable), (20 bytes).
    Removing gd32e10x_ctc.o(i.ctc_counter_reload_value_config), (28 bytes).
    Removing gd32e10x_ctc.o(i.ctc_counter_reload_value_read), (16 bytes).
    Removing gd32e10x_ctc.o(i.ctc_deinit), (20 bytes).
    Removing gd32e10x_ctc.o(i.ctc_flag_clear), (36 bytes).
    Removing gd32e10x_ctc.o(i.ctc_flag_get), (24 bytes).
    Removing gd32e10x_ctc.o(i.ctc_hardware_trim_mode_config), (28 bytes).
    Removing gd32e10x_ctc.o(i.ctc_interrupt_disable), (16 bytes).
    Removing gd32e10x_ctc.o(i.ctc_interrupt_enable), (16 bytes).
    Removing gd32e10x_ctc.o(i.ctc_interrupt_flag_clear), (36 bytes).
    Removing gd32e10x_ctc.o(i.ctc_interrupt_flag_get), (56 bytes).
    Removing gd32e10x_ctc.o(i.ctc_irc48m_trim_value_config), (28 bytes).
    Removing gd32e10x_ctc.o(i.ctc_irc48m_trim_value_read), (16 bytes).
    Removing gd32e10x_ctc.o(i.ctc_refsource_polarity_config), (28 bytes).
    Removing gd32e10x_ctc.o(i.ctc_refsource_prescaler_config), (28 bytes).
    Removing gd32e10x_ctc.o(i.ctc_refsource_signal_select), (28 bytes).
    Removing gd32e10x_ctc.o(i.ctc_software_refsource_pulse_generate), (20 bytes).
    Removing gd32e10x_dac.o(.rev16_text), (4 bytes).
    Removing gd32e10x_dac.o(.revsh_text), (4 bytes).
    Removing gd32e10x_dac.o(i.dac_concurrent_data_set), (64 bytes).
    Removing gd32e10x_dac.o(i.dac_concurrent_disable), (24 bytes).
    Removing gd32e10x_dac.o(i.dac_concurrent_enable), (24 bytes).
    Removing gd32e10x_dac.o(i.dac_concurrent_output_buffer_disable), (24 bytes).
    Removing gd32e10x_dac.o(i.dac_concurrent_output_buffer_enable), (24 bytes).
    Removing gd32e10x_dac.o(i.dac_concurrent_software_trigger_disable), (20 bytes).
    Removing gd32e10x_dac.o(i.dac_concurrent_software_trigger_enable), (20 bytes).
    Removing gd32e10x_dac.o(i.dac_data_set), (88 bytes).
    Removing gd32e10x_dac.o(i.dac_deinit), (20 bytes).
    Removing gd32e10x_dac.o(i.dac_disable), (36 bytes).
    Removing gd32e10x_dac.o(i.dac_dma_disable), (36 bytes).
    Removing gd32e10x_dac.o(i.dac_dma_enable), (36 bytes).
    Removing gd32e10x_dac.o(i.dac_enable), (36 bytes).
    Removing gd32e10x_dac.o(i.dac_lfsr_noise_config), (52 bytes).
    Removing gd32e10x_dac.o(i.dac_output_buffer_disable), (36 bytes).
    Removing gd32e10x_dac.o(i.dac_output_buffer_enable), (36 bytes).
    Removing gd32e10x_dac.o(i.dac_output_value_get), (28 bytes).
    Removing gd32e10x_dac.o(i.dac_software_trigger_disable), (36 bytes).
    Removing gd32e10x_dac.o(i.dac_software_trigger_enable), (36 bytes).
    Removing gd32e10x_dac.o(i.dac_triangle_noise_config), (52 bytes).
    Removing gd32e10x_dac.o(i.dac_trigger_disable), (36 bytes).
    Removing gd32e10x_dac.o(i.dac_trigger_enable), (36 bytes).
    Removing gd32e10x_dac.o(i.dac_trigger_source_config), (52 bytes).
    Removing gd32e10x_dac.o(i.dac_wave_bit_width_config), (52 bytes).
    Removing gd32e10x_dac.o(i.dac_wave_mode_config), (52 bytes).
    Removing gd32e10x_dbg.o(.rev16_text), (4 bytes).
    Removing gd32e10x_dbg.o(.revsh_text), (4 bytes).
    Removing gd32e10x_dbg.o(i.dbg_id_get), (12 bytes).
    Removing gd32e10x_dbg.o(i.dbg_low_power_disable), (16 bytes).
    Removing gd32e10x_dbg.o(i.dbg_low_power_enable), (16 bytes).
    Removing gd32e10x_dbg.o(i.dbg_periph_disable), (16 bytes).
    Removing gd32e10x_dbg.o(i.dbg_periph_enable), (16 bytes).
    Removing gd32e10x_dbg.o(i.dbg_trace_pin_disable), (20 bytes).
    Removing gd32e10x_dbg.o(i.dbg_trace_pin_enable), (20 bytes).
    Removing gd32e10x_dbg.o(i.dbg_trace_pin_mode_set), (28 bytes).
    Removing gd32e10x_dma.o(.rev16_text), (4 bytes).
    Removing gd32e10x_dma.o(.revsh_text), (4 bytes).
    Removing gd32e10x_dma.o(i.dma_circulation_disable), (50 bytes).
    Removing gd32e10x_dma.o(i.dma_circulation_enable), (50 bytes).
    Removing gd32e10x_dma.o(i.dma_deinit), (112 bytes).
    Removing gd32e10x_dma.o(i.dma_flag_clear), (16 bytes).
    Removing gd32e10x_dma.o(i.dma_flag_get), (24 bytes).
    Removing gd32e10x_dma.o(i.dma_init), (302 bytes).
    Removing gd32e10x_dma.o(i.dma_interrupt_disable), (50 bytes).
    Removing gd32e10x_dma.o(i.dma_interrupt_enable), (50 bytes).
    Removing gd32e10x_dma.o(i.dma_memory_address_config), (36 bytes).
    Removing gd32e10x_dma.o(i.dma_memory_increase_disable), (50 bytes).
    Removing gd32e10x_dma.o(i.dma_memory_increase_enable), (50 bytes).
    Removing gd32e10x_dma.o(i.dma_memory_to_memory_disable), (50 bytes).
    Removing gd32e10x_dma.o(i.dma_memory_to_memory_enable), (50 bytes).
    Removing gd32e10x_dma.o(i.dma_memory_width_config), (58 bytes).
    Removing gd32e10x_dma.o(i.dma_periph_address_config), (36 bytes).
    Removing gd32e10x_dma.o(i.dma_periph_increase_disable), (50 bytes).
    Removing gd32e10x_dma.o(i.dma_periph_increase_enable), (50 bytes).
    Removing gd32e10x_dma.o(i.dma_periph_width_config), (58 bytes).
    Removing gd32e10x_dma.o(i.dma_priority_config), (58 bytes).
    Removing gd32e10x_dma.o(i.dma_struct_para_init), (28 bytes).
    Removing gd32e10x_dma.o(i.dma_transfer_direction_config), (84 bytes).
    Removing gd32e10x_exmc.o(.rev16_text), (4 bytes).
    Removing gd32e10x_exmc.o(.revsh_text), (4 bytes).
    Removing gd32e10x_exmc.o(i.exmc_norsram_deinit), (28 bytes).
    Removing gd32e10x_exmc.o(i.exmc_norsram_disable), (18 bytes).
    Removing gd32e10x_exmc.o(i.exmc_norsram_enable), (18 bytes).
    Removing gd32e10x_exmc.o(i.exmc_norsram_init), (264 bytes).
    Removing gd32e10x_exmc.o(i.exmc_norsram_page_size_config), (26 bytes).
    Removing gd32e10x_exmc.o(i.exmc_norsram_struct_para_init), (106 bytes).
    Removing gd32e10x_exti.o(.rev16_text), (4 bytes).
    Removing gd32e10x_exti.o(.revsh_text), (4 bytes).
    Removing gd32e10x_exti.o(i.exti_deinit), (28 bytes).
    Removing gd32e10x_exti.o(i.exti_event_disable), (16 bytes).
    Removing gd32e10x_exti.o(i.exti_event_enable), (16 bytes).
    Removing gd32e10x_exti.o(i.exti_flag_clear), (12 bytes).
    Removing gd32e10x_exti.o(i.exti_flag_get), (24 bytes).
    Removing gd32e10x_exti.o(i.exti_init), (184 bytes).
    Removing gd32e10x_exti.o(i.exti_interrupt_disable), (16 bytes).
    Removing gd32e10x_exti.o(i.exti_interrupt_enable), (16 bytes).
    Removing gd32e10x_exti.o(i.exti_interrupt_flag_clear), (12 bytes).
    Removing gd32e10x_exti.o(i.exti_interrupt_flag_get), (36 bytes).
    Removing gd32e10x_exti.o(i.exti_software_interrupt_disable), (16 bytes).
    Removing gd32e10x_exti.o(i.exti_software_interrupt_enable), (16 bytes).
    Removing gd32e10x_fmc.o(.rev16_text), (4 bytes).
    Removing gd32e10x_fmc.o(.revsh_text), (4 bytes).
    Removing gd32e10x_fmc.o(i.fmc_dbus_disable), (20 bytes).
    Removing gd32e10x_fmc.o(i.fmc_dbus_enable), (20 bytes).
    Removing gd32e10x_fmc.o(i.fmc_dbus_reset), (20 bytes).
    Removing gd32e10x_fmc.o(i.fmc_doubleword_program), (72 bytes).
    Removing gd32e10x_fmc.o(i.fmc_flag_clear), (32 bytes).
    Removing gd32e10x_fmc.o(i.fmc_flag_get), (36 bytes).
    Removing gd32e10x_fmc.o(i.fmc_halfword_program), (64 bytes).
    Removing gd32e10x_fmc.o(i.fmc_ibus_disable), (20 bytes).
    Removing gd32e10x_fmc.o(i.fmc_ibus_enable), (20 bytes).
    Removing gd32e10x_fmc.o(i.fmc_ibus_reset), (20 bytes).
    Removing gd32e10x_fmc.o(i.fmc_interrupt_disable), (32 bytes).
    Removing gd32e10x_fmc.o(i.fmc_interrupt_enable), (32 bytes).
    Removing gd32e10x_fmc.o(i.fmc_interrupt_flag_clear), (32 bytes).
    Removing gd32e10x_fmc.o(i.fmc_interrupt_flag_get), (68 bytes).
    Removing gd32e10x_fmc.o(i.fmc_lock), (20 bytes).
    Removing gd32e10x_fmc.o(i.fmc_mass_erase), (68 bytes).
    Removing gd32e10x_fmc.o(i.fmc_page_erase), (72 bytes).
    Removing gd32e10x_fmc.o(i.fmc_prefetch_disable), (20 bytes).
    Removing gd32e10x_fmc.o(i.fmc_prefetch_enable), (20 bytes).
    Removing gd32e10x_fmc.o(i.fmc_program_width_set), (24 bytes).
    Removing gd32e10x_fmc.o(i.fmc_ready_wait), (34 bytes).
    Removing gd32e10x_fmc.o(i.fmc_state_get), (64 bytes).
    Removing gd32e10x_fmc.o(i.fmc_unlock), (36 bytes).
    Removing gd32e10x_fmc.o(i.fmc_word_program), (64 bytes).
    Removing gd32e10x_fmc.o(i.fmc_wscnt_set), (24 bytes).
    Removing gd32e10x_fmc.o(i.ob_data_get), (16 bytes).
    Removing gd32e10x_fmc.o(i.ob_data_program), (68 bytes).
    Removing gd32e10x_fmc.o(i.ob_erase), (144 bytes).
    Removing gd32e10x_fmc.o(i.ob_lock), (20 bytes).
    Removing gd32e10x_fmc.o(i.ob_security_protection_config), (144 bytes).
    Removing gd32e10x_fmc.o(i.ob_security_protection_flag_get), (24 bytes).
    Removing gd32e10x_fmc.o(i.ob_unlock), (36 bytes).
    Removing gd32e10x_fmc.o(i.ob_user_get), (16 bytes).
    Removing gd32e10x_fmc.o(i.ob_user_write), (92 bytes).
    Removing gd32e10x_fmc.o(i.ob_write_protection_enable), (132 bytes).
    Removing gd32e10x_fmc.o(i.ob_write_protection_get), (12 bytes).
    Removing gd32e10x_fwdgt.o(.rev16_text), (4 bytes).
    Removing gd32e10x_fwdgt.o(.revsh_text), (4 bytes).
    Removing gd32e10x_fwdgt.o(i.fwdgt_config), (104 bytes).
    Removing gd32e10x_fwdgt.o(i.fwdgt_counter_reload), (16 bytes).
    Removing gd32e10x_fwdgt.o(i.fwdgt_enable), (16 bytes).
    Removing gd32e10x_fwdgt.o(i.fwdgt_flag_get), (24 bytes).
    Removing gd32e10x_fwdgt.o(i.fwdgt_write_disable), (12 bytes).
    Removing gd32e10x_fwdgt.o(i.fwdgt_write_enable), (16 bytes).
    Removing gd32e10x_gpio.o(.rev16_text), (4 bytes).
    Removing gd32e10x_gpio.o(.revsh_text), (4 bytes).
    Removing gd32e10x_gpio.o(i.gpio_afio_deinit), (20 bytes).
    Removing gd32e10x_gpio.o(i.gpio_bit_write), (10 bytes).
    Removing gd32e10x_gpio.o(i.gpio_compensation_config), (24 bytes).
    Removing gd32e10x_gpio.o(i.gpio_compensation_flag_get), (24 bytes).
    Removing gd32e10x_gpio.o(i.gpio_deinit), (148 bytes).
    Removing gd32e10x_gpio.o(i.gpio_event_output_config), (28 bytes).
    Removing gd32e10x_gpio.o(i.gpio_event_output_disable), (20 bytes).
    Removing gd32e10x_gpio.o(i.gpio_event_output_enable), (20 bytes).
    Removing gd32e10x_gpio.o(i.gpio_exti_source_select), (152 bytes).
    Removing gd32e10x_gpio.o(i.gpio_input_bit_get), (16 bytes).
    Removing gd32e10x_gpio.o(i.gpio_input_port_get), (8 bytes).
    Removing gd32e10x_gpio.o(i.gpio_output_bit_get), (16 bytes).
    Removing gd32e10x_gpio.o(i.gpio_output_port_get), (8 bytes).
    Removing gd32e10x_gpio.o(i.gpio_pin_lock), (18 bytes).
    Removing gd32e10x_gpio.o(i.gpio_port_write), (4 bytes).
    Removing gd32e10x_i2c.o(.rev16_text), (4 bytes).
    Removing gd32e10x_i2c.o(.revsh_text), (4 bytes).
    Removing gd32e10x_i2c.o(i.i2c_ack_config), (24 bytes).
    Removing gd32e10x_i2c.o(i.i2c_ackpos_config), (22 bytes).
    Removing gd32e10x_i2c.o(i.i2c_clock_config), (320 bytes).
    Removing gd32e10x_i2c.o(i.i2c_data_receive), (8 bytes).
    Removing gd32e10x_i2c.o(i.i2c_data_transmit), (6 bytes).
    Removing gd32e10x_i2c.o(i.i2c_deinit), (64 bytes).
    Removing gd32e10x_i2c.o(i.i2c_disable), (10 bytes).
    Removing gd32e10x_i2c.o(i.i2c_dma_enable), (16 bytes).
    Removing gd32e10x_i2c.o(i.i2c_dma_last_transfer_config), (16 bytes).
    Removing gd32e10x_i2c.o(i.i2c_dualaddr_disable), (10 bytes).
    Removing gd32e10x_i2c.o(i.i2c_dualaddr_enable), (12 bytes).
    Removing gd32e10x_i2c.o(i.i2c_enable), (10 bytes).
    Removing gd32e10x_i2c.o(i.i2c_flag_clear), (40 bytes).
    Removing gd32e10x_i2c.o(i.i2c_flag_get), (30 bytes).
    Removing gd32e10x_i2c.o(i.i2c_interrupt_disable), (26 bytes).
    Removing gd32e10x_i2c.o(i.i2c_interrupt_enable), (26 bytes).
    Removing gd32e10x_i2c.o(i.i2c_interrupt_flag_clear), (44 bytes).
    Removing gd32e10x_i2c.o(i.i2c_interrupt_flag_get), (92 bytes).
    Removing gd32e10x_i2c.o(i.i2c_master_addressing), (20 bytes).
    Removing gd32e10x_i2c.o(i.i2c_mode_addr_config), (28 bytes).
    Removing gd32e10x_i2c.o(i.i2c_pec_enable), (16 bytes).
    Removing gd32e10x_i2c.o(i.i2c_pec_transfer_enable), (16 bytes).
    Removing gd32e10x_i2c.o(i.i2c_pec_value_get), (10 bytes).
    Removing gd32e10x_i2c.o(i.i2c_sam_disable), (14 bytes).
    Removing gd32e10x_i2c.o(i.i2c_sam_enable), (14 bytes).
    Removing gd32e10x_i2c.o(i.i2c_sam_timeout_disable), (14 bytes).
    Removing gd32e10x_i2c.o(i.i2c_sam_timeout_enable), (14 bytes).
    Removing gd32e10x_i2c.o(i.i2c_slave_response_to_gcall_config), (16 bytes).
    Removing gd32e10x_i2c.o(i.i2c_smbus_arp_enable), (16 bytes).
    Removing gd32e10x_i2c.o(i.i2c_smbus_issue_alert), (16 bytes).
    Removing gd32e10x_i2c.o(i.i2c_smbus_type_config), (24 bytes).
    Removing gd32e10x_i2c.o(i.i2c_software_reset_config), (16 bytes).
    Removing gd32e10x_i2c.o(i.i2c_start_on_bus), (10 bytes).
    Removing gd32e10x_i2c.o(i.i2c_stop_on_bus), (10 bytes).
    Removing gd32e10x_i2c.o(i.i2c_stretch_scl_low_config), (16 bytes).
    Removing gd32e10x_misc.o(.rev16_text), (4 bytes).
    Removing gd32e10x_misc.o(.revsh_text), (4 bytes).
    Removing gd32e10x_misc.o(i.nvic_irq_disable), (24 bytes).
    Removing gd32e10x_misc.o(i.nvic_irq_enable), (172 bytes).
    Removing gd32e10x_misc.o(i.nvic_priority_group_set), (20 bytes).
    Removing gd32e10x_misc.o(i.system_lowpower_reset), (16 bytes).
    Removing gd32e10x_misc.o(i.system_lowpower_set), (16 bytes).
    Removing gd32e10x_misc.o(i.systick_clksource_set), (40 bytes).
    Removing gd32e10x_pmu.o(.rev16_text), (4 bytes).
    Removing gd32e10x_pmu.o(.revsh_text), (4 bytes).
    Removing gd32e10x_pmu.o(i.pmu_backup_write_disable), (20 bytes).
    Removing gd32e10x_pmu.o(i.pmu_backup_write_enable), (20 bytes).
    Removing gd32e10x_pmu.o(i.pmu_deinit), (20 bytes).
    Removing gd32e10x_pmu.o(i.pmu_flag_clear), (48 bytes).
    Removing gd32e10x_pmu.o(i.pmu_flag_get), (24 bytes).
    Removing gd32e10x_pmu.o(i.pmu_ldo_output_select), (28 bytes).
    Removing gd32e10x_pmu.o(i.pmu_lvd_disable), (20 bytes).
    Removing gd32e10x_pmu.o(i.pmu_lvd_select), (48 bytes).
    Removing gd32e10x_pmu.o(i.pmu_to_deepsleepmode), (196 bytes).
    Removing gd32e10x_pmu.o(i.pmu_to_sleepmode), (28 bytes).
    Removing gd32e10x_pmu.o(i.pmu_to_standbymode), (52 bytes).
    Removing gd32e10x_pmu.o(i.pmu_wakeup_pin_disable), (20 bytes).
    Removing gd32e10x_pmu.o(i.pmu_wakeup_pin_enable), (20 bytes).
    Removing gd32e10x_pmu.o(.bss), (16 bytes).
    Removing gd32e10x_rcu.o(.rev16_text), (4 bytes).
    Removing gd32e10x_rcu.o(.revsh_text), (4 bytes).
    Removing gd32e10x_rcu.o(i.rcu_adc_clock_config), (108 bytes).
    Removing gd32e10x_rcu.o(i.rcu_ahb_clock_config), (24 bytes).
    Removing gd32e10x_rcu.o(i.rcu_all_reset_flag_clear), (20 bytes).
    Removing gd32e10x_rcu.o(i.rcu_apb1_clock_config), (24 bytes).
    Removing gd32e10x_rcu.o(i.rcu_apb2_clock_config), (24 bytes).
    Removing gd32e10x_rcu.o(i.rcu_bkp_reset_disable), (20 bytes).
    Removing gd32e10x_rcu.o(i.rcu_bkp_reset_enable), (20 bytes).
    Removing gd32e10x_rcu.o(i.rcu_ck48m_clock_config), (28 bytes).
    Removing gd32e10x_rcu.o(i.rcu_ckout0_config), (24 bytes).
    Removing gd32e10x_rcu.o(i.rcu_clock_freq_get), (388 bytes).
    Removing gd32e10x_rcu.o(i.rcu_deepsleep_voltage_set), (16 bytes).
    Removing gd32e10x_rcu.o(i.rcu_deinit), (100 bytes).
    Removing gd32e10x_rcu.o(i.rcu_flag_get), (36 bytes).
    Removing gd32e10x_rcu.o(i.rcu_hxtal_clock_monitor_disable), (20 bytes).
    Removing gd32e10x_rcu.o(i.rcu_hxtal_clock_monitor_enable), (20 bytes).
    Removing gd32e10x_rcu.o(i.rcu_i2s1_clock_config), (24 bytes).
    Removing gd32e10x_rcu.o(i.rcu_i2s2_clock_config), (24 bytes).
    Removing gd32e10x_rcu.o(i.rcu_interrupt_disable), (32 bytes).
    Removing gd32e10x_rcu.o(i.rcu_interrupt_enable), (32 bytes).
    Removing gd32e10x_rcu.o(i.rcu_interrupt_flag_clear), (32 bytes).
    Removing gd32e10x_rcu.o(i.rcu_interrupt_flag_get), (36 bytes).
    Removing gd32e10x_rcu.o(i.rcu_irc8m_adjust_value_set), (28 bytes).
    Removing gd32e10x_rcu.o(i.rcu_lxtal_drive_capability_config), (24 bytes).
    Removing gd32e10x_rcu.o(i.rcu_osci_bypass_mode_disable), (112 bytes).
    Removing gd32e10x_rcu.o(i.rcu_osci_bypass_mode_enable), (112 bytes).
    Removing gd32e10x_rcu.o(i.rcu_osci_off), (32 bytes).
    Removing gd32e10x_rcu.o(i.rcu_osci_on), (32 bytes).
    Removing gd32e10x_rcu.o(i.rcu_osci_stab_wait), (348 bytes).
    Removing gd32e10x_rcu.o(i.rcu_periph_clock_disable), (32 bytes).
    Removing gd32e10x_rcu.o(i.rcu_periph_clock_sleep_disable), (32 bytes).
    Removing gd32e10x_rcu.o(i.rcu_periph_clock_sleep_enable), (32 bytes).
    Removing gd32e10x_rcu.o(i.rcu_periph_reset_disable), (32 bytes).
    Removing gd32e10x_rcu.o(i.rcu_periph_reset_enable), (32 bytes).
    Removing gd32e10x_rcu.o(i.rcu_pll1_config), (28 bytes).
    Removing gd32e10x_rcu.o(i.rcu_pll2_config), (28 bytes).
    Removing gd32e10x_rcu.o(i.rcu_pll_config), (32 bytes).
    Removing gd32e10x_rcu.o(i.rcu_pllpresel_config), (24 bytes).
    Removing gd32e10x_rcu.o(i.rcu_predv0_config), (32 bytes).
    Removing gd32e10x_rcu.o(i.rcu_predv1_config), (24 bytes).
    Removing gd32e10x_rcu.o(i.rcu_rtc_clock_config), (24 bytes).
    Removing gd32e10x_rcu.o(i.rcu_system_clock_source_config), (24 bytes).
    Removing gd32e10x_rcu.o(i.rcu_system_clock_source_get), (16 bytes).
    Removing gd32e10x_rcu.o(i.rcu_usb_clock_config), (24 bytes).
    Removing gd32e10x_rtc.o(.rev16_text), (4 bytes).
    Removing gd32e10x_rtc.o(.revsh_text), (4 bytes).
    Removing gd32e10x_rtc.o(i.rtc_alarm_config), (32 bytes).
    Removing gd32e10x_rtc.o(i.rtc_configuration_mode_enter), (20 bytes).
    Removing gd32e10x_rtc.o(i.rtc_configuration_mode_exit), (20 bytes).
    Removing gd32e10x_rtc.o(i.rtc_counter_get), (20 bytes).
    Removing gd32e10x_rtc.o(i.rtc_counter_set), (32 bytes).
    Removing gd32e10x_rtc.o(i.rtc_divider_get), (24 bytes).
    Removing gd32e10x_rtc.o(i.rtc_flag_clear), (16 bytes).
    Removing gd32e10x_rtc.o(i.rtc_flag_get), (24 bytes).
    Removing gd32e10x_rtc.o(i.rtc_interrupt_disable), (16 bytes).
    Removing gd32e10x_rtc.o(i.rtc_interrupt_enable), (16 bytes).
    Removing gd32e10x_rtc.o(i.rtc_interrupt_flag_clear), (16 bytes).
    Removing gd32e10x_rtc.o(i.rtc_interrupt_flag_get), (24 bytes).
    Removing gd32e10x_rtc.o(i.rtc_lwoff_wait), (20 bytes).
    Removing gd32e10x_rtc.o(i.rtc_prescaler_set), (32 bytes).
    Removing gd32e10x_rtc.o(i.rtc_register_sync_wait), (32 bytes).
    Removing gd32e10x_spi.o(.rev16_text), (4 bytes).
    Removing gd32e10x_spi.o(.revsh_text), (4 bytes).
    Removing gd32e10x_spi.o(i.i2s_disable), (10 bytes).
    Removing gd32e10x_spi.o(i.i2s_enable), (10 bytes).
    Removing gd32e10x_spi.o(i.i2s_init), (28 bytes).
    Removing gd32e10x_spi.o(i.i2s_psc_config), (280 bytes).
    Removing gd32e10x_spi.o(i.qspi_disable), (14 bytes).
    Removing gd32e10x_spi.o(i.qspi_enable), (14 bytes).
    Removing gd32e10x_spi.o(i.qspi_io23_output_disable), (14 bytes).
    Removing gd32e10x_spi.o(i.qspi_io23_output_enable), (14 bytes).
    Removing gd32e10x_spi.o(i.qspi_read_enable), (14 bytes).
    Removing gd32e10x_spi.o(i.qspi_write_enable), (14 bytes).
    Removing gd32e10x_spi.o(i.spi_bidirectional_transfer_config), (26 bytes).
    Removing gd32e10x_spi.o(i.spi_crc_error_clear), (10 bytes).
    Removing gd32e10x_spi.o(i.spi_crc_get), (16 bytes).
    Removing gd32e10x_spi.o(i.spi_crc_next), (10 bytes).
    Removing gd32e10x_spi.o(i.spi_crc_off), (10 bytes).
    Removing gd32e10x_spi.o(i.spi_crc_on), (10 bytes).
    Removing gd32e10x_spi.o(i.spi_crc_polynomial_get), (8 bytes).
    Removing gd32e10x_spi.o(i.spi_crc_polynomial_set), (12 bytes).
    Removing gd32e10x_spi.o(i.spi_disable), (10 bytes).
    Removing gd32e10x_spi.o(i.spi_dma_disable), (22 bytes).
    Removing gd32e10x_spi.o(i.spi_dma_enable), (22 bytes).
    Removing gd32e10x_spi.o(i.spi_enable), (10 bytes).
    Removing gd32e10x_spi.o(i.spi_i2s_data_frame_format_config), (16 bytes).
    Removing gd32e10x_spi.o(i.spi_i2s_data_receive), (8 bytes).
    Removing gd32e10x_spi.o(i.spi_i2s_data_transmit), (4 bytes).
    Removing gd32e10x_spi.o(i.spi_i2s_deinit), (88 bytes).
    Removing gd32e10x_spi.o(i.spi_i2s_flag_get), (16 bytes).
    Removing gd32e10x_spi.o(i.spi_i2s_interrupt_disable), (48 bytes).
    Removing gd32e10x_spi.o(i.spi_i2s_interrupt_enable), (48 bytes).
    Removing gd32e10x_spi.o(i.spi_i2s_interrupt_flag_get), (112 bytes).
    Removing gd32e10x_spi.o(i.spi_init), (50 bytes).
    Removing gd32e10x_spi.o(i.spi_nss_internal_high), (10 bytes).
    Removing gd32e10x_spi.o(i.spi_nss_internal_low), (10 bytes).
    Removing gd32e10x_spi.o(i.spi_nss_output_disable), (10 bytes).
    Removing gd32e10x_spi.o(i.spi_nss_output_enable), (10 bytes).
    Removing gd32e10x_spi.o(i.spi_nssp_mode_disable), (10 bytes).
    Removing gd32e10x_spi.o(i.spi_nssp_mode_enable), (10 bytes).
    Removing gd32e10x_spi.o(i.spi_struct_para_init), (16 bytes).
    Removing gd32e10x_spi.o(i.spi_ti_mode_disable), (10 bytes).
    Removing gd32e10x_spi.o(i.spi_ti_mode_enable), (10 bytes).
    Removing gd32e10x_timer.o(.rev16_text), (4 bytes).
    Removing gd32e10x_timer.o(.revsh_text), (4 bytes).
    Removing gd32e10x_timer.o(i.timer_auto_reload_shadow_disable), (10 bytes).
    Removing gd32e10x_timer.o(i.timer_auto_reload_shadow_enable), (10 bytes).
    Removing gd32e10x_timer.o(i.timer_automatic_output_disable), (10 bytes).
    Removing gd32e10x_timer.o(i.timer_automatic_output_enable), (10 bytes).
    Removing gd32e10x_timer.o(i.timer_autoreload_value_config), (4 bytes).
    Removing gd32e10x_timer.o(i.timer_break_config), (30 bytes).
    Removing gd32e10x_timer.o(i.timer_break_disable), (10 bytes).
    Removing gd32e10x_timer.o(i.timer_break_enable), (10 bytes).
    Removing gd32e10x_timer.o(i.timer_break_struct_para_init), (18 bytes).
    Removing gd32e10x_timer.o(i.timer_channel_capture_value_register_read), (42 bytes).
    Removing gd32e10x_timer.o(i.timer_channel_complementary_output_polarity_config), (70 bytes).
    Removing gd32e10x_timer.o(i.timer_channel_complementary_output_state_config), (70 bytes).
    Removing gd32e10x_timer.o(i.timer_channel_control_shadow_config), (24 bytes).
    Removing gd32e10x_timer.o(i.timer_channel_control_shadow_update_config), (26 bytes).
    Removing gd32e10x_timer.o(i.timer_channel_dma_request_source_select), (26 bytes).
    Removing gd32e10x_timer.o(i.timer_channel_input_capture_prescaler_config), (90 bytes).
    Removing gd32e10x_timer.o(i.timer_channel_input_struct_para_init), (16 bytes).
    Removing gd32e10x_timer.o(i.timer_channel_output_clear_config), (90 bytes).
    Removing gd32e10x_timer.o(i.timer_channel_output_config), (492 bytes).
    Removing gd32e10x_timer.o(i.timer_channel_output_fast_config), (90 bytes).
    Removing gd32e10x_timer.o(i.timer_channel_output_mode_config), (90 bytes).
    Removing gd32e10x_timer.o(i.timer_channel_output_polarity_config), (92 bytes).
    Removing gd32e10x_timer.o(i.timer_channel_output_pulse_value_config), (38 bytes).
    Removing gd32e10x_timer.o(i.timer_channel_output_shadow_config), (90 bytes).
    Removing gd32e10x_timer.o(i.timer_channel_output_state_config), (92 bytes).
    Removing gd32e10x_timer.o(i.timer_channel_output_struct_para_init), (16 bytes).
    Removing gd32e10x_timer.o(i.timer_counter_alignment), (16 bytes).
    Removing gd32e10x_timer.o(i.timer_counter_down_direction), (10 bytes).
    Removing gd32e10x_timer.o(i.timer_counter_read), (8 bytes).
    Removing gd32e10x_timer.o(i.timer_counter_up_direction), (10 bytes).
    Removing gd32e10x_timer.o(i.timer_counter_value_config), (4 bytes).
    Removing gd32e10x_timer.o(i.timer_deinit), (388 bytes).
    Removing gd32e10x_timer.o(i.timer_disable), (10 bytes).
    Removing gd32e10x_timer.o(i.timer_dma_disable), (8 bytes).
    Removing gd32e10x_timer.o(i.timer_dma_enable), (8 bytes).
    Removing gd32e10x_timer.o(i.timer_dma_transfer_config), (24 bytes).
    Removing gd32e10x_timer.o(i.timer_enable), (10 bytes).
    Removing gd32e10x_timer.o(i.timer_event_software_generate), (8 bytes).
    Removing gd32e10x_timer.o(i.timer_external_clock_mode0_config), (40 bytes).
    Removing gd32e10x_timer.o(i.timer_external_clock_mode1_config), (32 bytes).
    Removing gd32e10x_timer.o(i.timer_external_clock_mode1_disable), (10 bytes).
    Removing gd32e10x_timer.o(i.timer_external_trigger_as_external_clock_config), (166 bytes).
    Removing gd32e10x_timer.o(i.timer_external_trigger_config), (30 bytes).
    Removing gd32e10x_timer.o(i.timer_flag_clear), (6 bytes).
    Removing gd32e10x_timer.o(i.timer_flag_get), (16 bytes).
    Removing gd32e10x_timer.o(i.timer_hall_mode_config), (26 bytes).
    Removing gd32e10x_timer.o(i.timer_init), (164 bytes).
    Removing gd32e10x_timer.o(i.timer_input_capture_config), (326 bytes).
    Removing gd32e10x_timer.o(i.timer_input_pwm_capture_config), (356 bytes).
    Removing gd32e10x_timer.o(i.timer_input_trigger_source_select), (16 bytes).
    Removing gd32e10x_timer.o(i.timer_internal_clock_config), (10 bytes).
    Removing gd32e10x_timer.o(i.timer_internal_trigger_as_external_clock_config), (32 bytes).
    Removing gd32e10x_timer.o(i.timer_interrupt_disable), (8 bytes).
    Removing gd32e10x_timer.o(i.timer_interrupt_enable), (8 bytes).
    Removing gd32e10x_timer.o(i.timer_interrupt_flag_clear), (6 bytes).
    Removing gd32e10x_timer.o(i.timer_interrupt_flag_get), (24 bytes).
    Removing gd32e10x_timer.o(i.timer_master_output_trigger_source_select), (16 bytes).
    Removing gd32e10x_timer.o(i.timer_master_slave_mode_config), (26 bytes).
    Removing gd32e10x_timer.o(i.timer_output_value_selection_config), (34 bytes).
    Removing gd32e10x_timer.o(i.timer_prescaler_config), (16 bytes).
    Removing gd32e10x_timer.o(i.timer_prescaler_read), (10 bytes).
    Removing gd32e10x_timer.o(i.timer_primary_output_config), (24 bytes).
    Removing gd32e10x_timer.o(i.timer_quadrature_decoder_mode_config), (64 bytes).
    Removing gd32e10x_timer.o(i.timer_repetition_value_config), (4 bytes).
    Removing gd32e10x_timer.o(i.timer_single_pulse_mode_config), (26 bytes).
    Removing gd32e10x_timer.o(i.timer_slave_mode_select), (16 bytes).
    Removing gd32e10x_timer.o(i.timer_struct_para_init), (22 bytes).
    Removing gd32e10x_timer.o(i.timer_update_event_disable), (10 bytes).
    Removing gd32e10x_timer.o(i.timer_update_event_enable), (10 bytes).
    Removing gd32e10x_timer.o(i.timer_update_source_config), (26 bytes).
    Removing gd32e10x_timer.o(i.timer_write_chxval_register_config), (34 bytes).
    Removing gd32e10x_usart.o(.rev16_text), (4 bytes).
    Removing gd32e10x_usart.o(.revsh_text), (4 bytes).
    Removing gd32e10x_usart.o(i.usart_address_config), (20 bytes).
    Removing gd32e10x_usart.o(i.usart_baudrate_set), (144 bytes).
    Removing gd32e10x_usart.o(i.usart_block_length_config), (28 bytes).
    Removing gd32e10x_usart.o(i.usart_data_first_config), (20 bytes).
    Removing gd32e10x_usart.o(i.usart_data_receive), (10 bytes).
    Removing gd32e10x_usart.o(i.usart_data_transmit), (8 bytes).
    Removing gd32e10x_usart.o(i.usart_deinit), (144 bytes).
    Removing gd32e10x_usart.o(i.usart_disable), (10 bytes).
    Removing gd32e10x_usart.o(i.usart_dma_receive_config), (16 bytes).
    Removing gd32e10x_usart.o(i.usart_dma_transmit_config), (16 bytes).
    Removing gd32e10x_usart.o(i.usart_enable), (10 bytes).
    Removing gd32e10x_usart.o(i.usart_flag_clear), (26 bytes).
    Removing gd32e10x_usart.o(i.usart_flag_get), (30 bytes).
    Removing gd32e10x_usart.o(i.usart_guard_time_config), (24 bytes).
    Removing gd32e10x_usart.o(i.usart_halfduplex_disable), (10 bytes).
    Removing gd32e10x_usart.o(i.usart_halfduplex_enable), (10 bytes).
    Removing gd32e10x_usart.o(i.usart_hardware_flow_coherence_config), (24 bytes).
    Removing gd32e10x_usart.o(i.usart_hardware_flow_cts_config), (16 bytes).
    Removing gd32e10x_usart.o(i.usart_hardware_flow_rts_config), (16 bytes).
    Removing gd32e10x_usart.o(i.usart_interrupt_disable), (26 bytes).
    Removing gd32e10x_usart.o(i.usart_interrupt_enable), (26 bytes).
    Removing gd32e10x_usart.o(i.usart_interrupt_flag_clear), (26 bytes).
    Removing gd32e10x_usart.o(i.usart_invert_config), (104 bytes).
    Removing gd32e10x_usart.o(i.usart_irda_lowpower_config), (20 bytes).
    Removing gd32e10x_usart.o(i.usart_irda_mode_disable), (10 bytes).
    Removing gd32e10x_usart.o(i.usart_irda_mode_enable), (10 bytes).
    Removing gd32e10x_usart.o(i.usart_lin_break_detection_length_config), (20 bytes).
    Removing gd32e10x_usart.o(i.usart_lin_mode_disable), (10 bytes).
    Removing gd32e10x_usart.o(i.usart_lin_mode_enable), (10 bytes).
    Removing gd32e10x_usart.o(i.usart_mute_mode_disable), (10 bytes).
    Removing gd32e10x_usart.o(i.usart_mute_mode_enable), (10 bytes).
    Removing gd32e10x_usart.o(i.usart_mute_mode_wakeup_config), (16 bytes).
    Removing gd32e10x_usart.o(i.usart_parity_config), (16 bytes).
    Removing gd32e10x_usart.o(i.usart_prescaler_config), (16 bytes).
    Removing gd32e10x_usart.o(i.usart_receive_config), (16 bytes).
    Removing gd32e10x_usart.o(i.usart_receiver_timeout_disable), (14 bytes).
    Removing gd32e10x_usart.o(i.usart_receiver_timeout_enable), (14 bytes).
    Removing gd32e10x_usart.o(i.usart_receiver_timeout_threshold_config), (20 bytes).
    Removing gd32e10x_usart.o(i.usart_send_break), (10 bytes).
    Removing gd32e10x_usart.o(i.usart_smartcard_autoretry_config), (26 bytes).
    Removing gd32e10x_usart.o(i.usart_smartcard_mode_disable), (10 bytes).
    Removing gd32e10x_usart.o(i.usart_smartcard_mode_enable), (10 bytes).
    Removing gd32e10x_usart.o(i.usart_smartcard_mode_nack_disable), (10 bytes).
    Removing gd32e10x_usart.o(i.usart_smartcard_mode_nack_enable), (10 bytes).
    Removing gd32e10x_usart.o(i.usart_stop_bit_set), (16 bytes).
    Removing gd32e10x_usart.o(i.usart_synchronous_clock_config), (34 bytes).
    Removing gd32e10x_usart.o(i.usart_synchronous_clock_disable), (10 bytes).
    Removing gd32e10x_usart.o(i.usart_synchronous_clock_enable), (10 bytes).
    Removing gd32e10x_usart.o(i.usart_transmit_config), (16 bytes).
    Removing gd32e10x_usart.o(i.usart_word_length_set), (16 bytes).
    Removing gd32e10x_wwdgt.o(.rev16_text), (4 bytes).
    Removing gd32e10x_wwdgt.o(.revsh_text), (4 bytes).
    Removing gd32e10x_wwdgt.o(i.wwdgt_config), (56 bytes).
    Removing gd32e10x_wwdgt.o(i.wwdgt_counter_update), (28 bytes).
    Removing gd32e10x_wwdgt.o(i.wwdgt_deinit), (20 bytes).
    Removing gd32e10x_wwdgt.o(i.wwdgt_enable), (20 bytes).
    Removing gd32e10x_wwdgt.o(i.wwdgt_flag_clear), (20 bytes).
    Removing gd32e10x_wwdgt.o(i.wwdgt_flag_get), (24 bytes).
    Removing gd32e10x_wwdgt.o(i.wwdgt_interrupt_enable), (20 bytes).
    Removing startup_gd32e10x.o(HEAP), (1024 bytes).
    Removing adc.o(.rev16_text), (4 bytes).
    Removing adc.o(.revsh_text), (4 bytes).
    Removing adc.o(i.GetAdcValue), (40 bytes).
    Removing adc.o(i.adc_config), (208 bytes).
    Removing adc.o(i.adc_init), (24 bytes).
    Removing adc.o(i.dma_config), (96 bytes).
    Removing adc.o(i.gpio_config), (104 bytes).
    Removing adc.o(i.rcu_config), (42 bytes).
    Removing flash.o(.rev16_text), (4 bytes).
    Removing flash.o(.revsh_text), (4 bytes).
    Removing flash.o(i.fmc_program), (92 bytes).
    Removing flash.o(i.get_config_params), (20 bytes).
    Removing flash.o(i.load_config_params), (28 bytes).
    Removing flash.o(i.save_config_params), (16 bytes).
    Removing flash.o(.bss), (20 bytes).
    Removing flash.o(.data), (1 bytes).
    Removing timer.o(.rev16_text), (4 bytes).
    Removing timer.o(.revsh_text), (4 bytes).
    Removing timer.o(i.timer_config), (196 bytes).
    Removing timer.o(i.timer_config2), (196 bytes).
    Removing uart.o(.rev16_text), (4 bytes).
    Removing uart.o(.revsh_text), (4 bytes).
    Removing uart.o(i.USART0_At), (20 bytes).
    Removing uart.o(i.USART0_Drop), (20 bytes).
    Removing uart.o(i.USART0_GetDataCount), (16 bytes).
    Removing uart.o(i.USART0_Read), (32 bytes).
    Removing uart.o(i.USART0_Recv), (32 bytes).
    Removing uart.o(i.USART1_GetDataCount), (16 bytes).
    Removing uart.o(i.USART1_Recv), (32 bytes).
    Removing uart.o(i.dma0_ch3_usart0_tx_init), (128 bytes).
    Removing uart.o(i.dma0_ch4_usart0_rx_init), (128 bytes).
    Removing uart.o(i.dma0_ch5_usart1_rx_init), (136 bytes).
    Removing uart.o(i.dma0_ch6_usart1_tx_init), (128 bytes).
    Removing uart.o(i.fputc), (36 bytes).
    Removing uart.o(i.gd_eval_com_init), (160 bytes).
    Removing uart.o(i.nvic_config), (88 bytes).
    Removing uart.o(i.usart0_dma_send_data), (80 bytes).
    Removing uart.o(i.usart0_init), (48 bytes).
    Removing uart.o(i.usart0_rx_probe), (16 bytes).
    Removing uart.o(i.usart0_send_buffer), (24 bytes).
    Removing uart.o(i.usart1_dma_send_data), (80 bytes).
    Removing uart.o(i.usart1_init), (48 bytes).
    Removing uart.o(i.usart1_rx_probe), (16 bytes).
    Removing uart.o(i.usart1_send_buffer), (24 bytes).
    Removing circular_buffer.o(i.CircBuf_Alloc), (74 bytes).
    Removing circular_buffer.o(i.CircBuf_At), (22 bytes).
    Removing circular_buffer.o(i.CircBuf_Drop), (24 bytes).
    Removing circular_buffer.o(i.CircBuf_Free), (14 bytes).
    Removing circular_buffer.o(i.CircBuf_GetAvalaibleSize), (22 bytes).
    Removing circular_buffer.o(i.CircBuf_GetUsedSize), (10 bytes).
    Removing circular_buffer.o(i.CircBuf_Init), (60 bytes).
    Removing circular_buffer.o(i.CircBuf_IsEmpty), (22 bytes).
    Removing circular_buffer.o(i.CircBuf_IsFull), (26 bytes).
    Removing circular_buffer.o(i.CircBuf_Pop), (108 bytes).
    Removing circular_buffer.o(i.CircBuf_PopOneChar), (18 bytes).
    Removing circular_buffer.o(i.CircBuf_Read), (102 bytes).
    Removing circular_buffer.o(i.IsPowerOf2), (48 bytes).
    Removing circular_buffer.o(i.RoundDown_PowerOf2), (56 bytes).
    Removing circular_buffer.o(i.RoundUp_PowerOf2), (56 bytes).
    Removing math_filter.o(.rev16_text), (4 bytes).
    Removing math_filter.o(.revsh_text), (4 bytes).
    Removing math_filter.o(i.math_clean_aggre_surplus), (96 bytes).
    Removing math_filter.o(i.math_display_key_point), (180 bytes).
    Removing math_filter.o(i.math_filter_min_value), (2 bytes).
    Removing math_filter.o(i.math_get_max_value), (126 bytes).
    Removing led.o(.rev16_text), (4 bytes).
    Removing led.o(.revsh_text), (4 bytes).
    Removing ebus_core.o(i.EBUS_creat_flow), (144 bytes).
    Removing ebus_core.o(i.EBUS_creat_flow_d0), (20 bytes).
    Removing ebus_core.o(i.EBUS_creat_flow_d1), (20 bytes).
    Removing ebus_core.o(i.EBUS_creat_flow_d2), (32 bytes).
    Removing ebus_core.o(i.EBUS_creat_flow_uint16_LSB), (34 bytes).
    Removing ebus_core.o(i.EBUS_flow_2_struct), (420 bytes).
    Removing ebus_core.o(i.EBUS_pack_2_flow), (180 bytes).
    Removing ebus_core.o(.data), (60 bytes).
    Removing ebus_mcuboot.o(i.eBus_mcuboot_run), (440 bytes).
    Removing ebus_mcuboot.o(i.eBus_mcuboot_state_get), (12 bytes).
    Removing ebus_mcuboot.o(.data), (1 bytes).
    Removing ebus_port.o(.rev16_text), (4 bytes).
    Removing ebus_port.o(.revsh_text), (4 bytes).
    Removing ebus_port.o(i.eBus_delay_ms), (28 bytes).
    Removing ebus_port.o(i.eBus_mcuboot_erasure), (96 bytes).
    Removing ebus_port.o(i.eBus_mcuboot_read), (34 bytes).
    Removing ebus_port.o(i.eBus_mcuboot_write), (100 bytes).
    Removing ebus_port.o(i.eBus_run), (140 bytes).
    Removing ebus_port.o(i.sys_restart), (52 bytes).
    Removing ebus_port.o(.bss), (1106 bytes).

675 unused section(s) (total 30684 bytes) removed from the image.

==============================================================================

Image Symbol Table

    Local Symbols

    Symbol Name                              Value     Ov Type        Size  Object(Section)

    ../clib/microlib/division.c              0x00000000   Number         0  uldiv.o ABSOLUTE
    ../clib/microlib/init/entry.s            0x00000000   Number         0  entry9b.o ABSOLUTE
    ../clib/microlib/init/entry.s            0x00000000   Number         0  entry9a.o ABSOLUTE
    ../clib/microlib/init/entry.s            0x00000000   Number         0  entry8a.o ABSOLUTE
    ../clib/microlib/init/entry.s            0x00000000   Number         0  entry8b.o ABSOLUTE
    ../clib/microlib/init/entry.s            0x00000000   Number         0  entry12b.o ABSOLUTE
    ../clib/microlib/init/entry.s            0x00000000   Number         0  entry12a.o ABSOLUTE
    ../clib/microlib/init/entry.s            0x00000000   Number         0  entry7b.o ABSOLUTE
    ../clib/microlib/init/entry.s            0x00000000   Number         0  entry7a.o ABSOLUTE
    ../clib/microlib/init/entry.s            0x00000000   Number         0  entry11b.o ABSOLUTE
    ../clib/microlib/init/entry.s            0x00000000   Number         0  entry5.o ABSOLUTE
    ../clib/microlib/init/entry.s            0x00000000   Number         0  entry11a.o ABSOLUTE
    ../clib/microlib/init/entry.s            0x00000000   Number         0  entry2.o ABSOLUTE
    ../clib/microlib/init/entry.s            0x00000000   Number         0  entry.o ABSOLUTE
    ../clib/microlib/init/entry.s            0x00000000   Number         0  entry10a.o ABSOLUTE
    ../clib/microlib/init/entry.s            0x00000000   Number         0  entry10b.o ABSOLUTE
    ../clib/microlib/longlong.c              0x00000000   Number         0  llushr.o ABSOLUTE
    ../clib/microlib/longlong.c              0x00000000   Number         0  llshl.o ABSOLUTE
    ../clib/microlib/malloc/calloc.c         0x00000000   Number         0  calloc.o ABSOLUTE
    ../clib/microlib/malloc/malloc.c         0x00000000   Number         0  mallocra.o ABSOLUTE
    ../clib/microlib/malloc/malloc.c         0x00000000   Number         0  malloca.o ABSOLUTE
    ../clib/microlib/malloc/malloc.c         0x00000000   Number         0  mallocr.o ABSOLUTE
    ../clib/microlib/malloc/malloc.c         0x00000000   Number         0  malloc.o ABSOLUTE
    ../clib/microlib/malloc/mvars.c          0x00000000   Number         0  mvars.o ABSOLUTE
    ../clib/microlib/string/memcpy.c         0x00000000   Number         0  memcpya.o ABSOLUTE
    ../clib/microlib/string/memcpy.c         0x00000000   Number         0  memcpyb.o ABSOLUTE
    ../clib/microlib/string/memset.c         0x00000000   Number         0  memseta.o ABSOLUTE
    ..\..\Bsp\adc.c                          0x00000000   Number         0  adc.o ABSOLUTE
    ..\..\Bsp\circular_buffer.c              0x00000000   Number         0  circular_buffer.o ABSOLUTE
    ..\..\Bsp\flash.c                        0x00000000   Number         0  flash.o ABSOLUTE
    ..\..\Bsp\led.c                          0x00000000   Number         0  led.o ABSOLUTE
    ..\..\Bsp\math_filter.c                  0x00000000   Number         0  math_filter.o ABSOLUTE
    ..\..\Bsp\timer.c                        0x00000000   Number         0  timer.o ABSOLUTE
    ..\..\Bsp\uart.c                         0x00000000   Number         0  uart.o ABSOLUTE
    ..\..\Firmware\CMSIS\GD\GD32E10x\Source\ARM\startup_gd32e10x.s 0x00000000   Number         0  startup_gd32e10x.o ABSOLUTE
    ..\..\Firmware\CMSIS\GD\GD32E10x\Source\system_gd32e10x.c 0x00000000   Number         0  system_gd32e10x.o ABSOLUTE
    ..\..\Firmware\GD32E10x_standard_peripheral\Source\gd32e10x_adc.c 0x00000000   Number         0  gd32e10x_adc.o ABSOLUTE
    ..\..\Firmware\GD32E10x_standard_peripheral\Source\gd32e10x_bkp.c 0x00000000   Number         0  gd32e10x_bkp.o ABSOLUTE
    ..\..\Firmware\GD32E10x_standard_peripheral\Source\gd32e10x_can.c 0x00000000   Number         0  gd32e10x_can.o ABSOLUTE
    ..\..\Firmware\GD32E10x_standard_peripheral\Source\gd32e10x_crc.c 0x00000000   Number         0  gd32e10x_crc.o ABSOLUTE
    ..\..\Firmware\GD32E10x_standard_peripheral\Source\gd32e10x_ctc.c 0x00000000   Number         0  gd32e10x_ctc.o ABSOLUTE
    ..\..\Firmware\GD32E10x_standard_peripheral\Source\gd32e10x_dac.c 0x00000000   Number         0  gd32e10x_dac.o ABSOLUTE
    ..\..\Firmware\GD32E10x_standard_peripheral\Source\gd32e10x_dbg.c 0x00000000   Number         0  gd32e10x_dbg.o ABSOLUTE
    ..\..\Firmware\GD32E10x_standard_peripheral\Source\gd32e10x_dma.c 0x00000000   Number         0  gd32e10x_dma.o ABSOLUTE
    ..\..\Firmware\GD32E10x_standard_peripheral\Source\gd32e10x_exmc.c 0x00000000   Number         0  gd32e10x_exmc.o ABSOLUTE
    ..\..\Firmware\GD32E10x_standard_peripheral\Source\gd32e10x_exti.c 0x00000000   Number         0  gd32e10x_exti.o ABSOLUTE
    ..\..\Firmware\GD32E10x_standard_peripheral\Source\gd32e10x_fmc.c 0x00000000   Number         0  gd32e10x_fmc.o ABSOLUTE
    ..\..\Firmware\GD32E10x_standard_peripheral\Source\gd32e10x_fwdgt.c 0x00000000   Number         0  gd32e10x_fwdgt.o ABSOLUTE
    ..\..\Firmware\GD32E10x_standard_peripheral\Source\gd32e10x_gpio.c 0x00000000   Number         0  gd32e10x_gpio.o ABSOLUTE
    ..\..\Firmware\GD32E10x_standard_peripheral\Source\gd32e10x_i2c.c 0x00000000   Number         0  gd32e10x_i2c.o ABSOLUTE
    ..\..\Firmware\GD32E10x_standard_peripheral\Source\gd32e10x_misc.c 0x00000000   Number         0  gd32e10x_misc.o ABSOLUTE
    ..\..\Firmware\GD32E10x_standard_peripheral\Source\gd32e10x_pmu.c 0x00000000   Number         0  gd32e10x_pmu.o ABSOLUTE
    ..\..\Firmware\GD32E10x_standard_peripheral\Source\gd32e10x_rcu.c 0x00000000   Number         0  gd32e10x_rcu.o ABSOLUTE
    ..\..\Firmware\GD32E10x_standard_peripheral\Source\gd32e10x_rtc.c 0x00000000   Number         0  gd32e10x_rtc.o ABSOLUTE
    ..\..\Firmware\GD32E10x_standard_peripheral\Source\gd32e10x_spi.c 0x00000000   Number         0  gd32e10x_spi.o ABSOLUTE
    ..\..\Firmware\GD32E10x_standard_peripheral\Source\gd32e10x_timer.c 0x00000000   Number         0  gd32e10x_timer.o ABSOLUTE
    ..\..\Firmware\GD32E10x_standard_peripheral\Source\gd32e10x_usart.c 0x00000000   Number         0  gd32e10x_usart.o ABSOLUTE
    ..\..\Firmware\GD32E10x_standard_peripheral\Source\gd32e10x_wwdgt.c 0x00000000   Number         0  gd32e10x_wwdgt.o ABSOLUTE
    ..\..\ebus\eBus_core.c                   0x00000000   Number         0  ebus_core.o ABSOLUTE
    ..\..\ebus\eBus_mcuboot.c                0x00000000   Number         0  ebus_mcuboot.o ABSOLUTE
    ..\..\ebus\eBus_memory.c                 0x00000000   Number         0  ebus_memory.o ABSOLUTE
    ..\..\ebus\eBus_port.c                   0x00000000   Number         0  ebus_port.o ABSOLUTE
    ..\\..\\Bsp\\adc.c                       0x00000000   Number         0  adc.o ABSOLUTE
    ..\\..\\Bsp\\flash.c                     0x00000000   Number         0  flash.o ABSOLUTE
    ..\\..\\Bsp\\led.c                       0x00000000   Number         0  led.o ABSOLUTE
    ..\\..\\Bsp\\math_filter.c               0x00000000   Number         0  math_filter.o ABSOLUTE
    ..\\..\\Bsp\\timer.c                     0x00000000   Number         0  timer.o ABSOLUTE
    ..\\..\\Bsp\\uart.c                      0x00000000   Number         0  uart.o ABSOLUTE
    ..\\..\\Firmware\\CMSIS\\GD\\GD32E10x\\Source\\system_gd32e10x.c 0x00000000   Number         0  system_gd32e10x.o ABSOLUTE
    ..\\..\\Firmware\\GD32E10x_standard_peripheral\\Source\\gd32e10x_adc.c 0x00000000   Number         0  gd32e10x_adc.o ABSOLUTE
    ..\\..\\Firmware\\GD32E10x_standard_peripheral\\Source\\gd32e10x_bkp.c 0x00000000   Number         0  gd32e10x_bkp.o ABSOLUTE
    ..\\..\\Firmware\\GD32E10x_standard_peripheral\\Source\\gd32e10x_can.c 0x00000000   Number         0  gd32e10x_can.o ABSOLUTE
    ..\\..\\Firmware\\GD32E10x_standard_peripheral\\Source\\gd32e10x_crc.c 0x00000000   Number         0  gd32e10x_crc.o ABSOLUTE
    ..\\..\\Firmware\\GD32E10x_standard_peripheral\\Source\\gd32e10x_ctc.c 0x00000000   Number         0  gd32e10x_ctc.o ABSOLUTE
    ..\\..\\Firmware\\GD32E10x_standard_peripheral\\Source\\gd32e10x_dac.c 0x00000000   Number         0  gd32e10x_dac.o ABSOLUTE
    ..\\..\\Firmware\\GD32E10x_standard_peripheral\\Source\\gd32e10x_dbg.c 0x00000000   Number         0  gd32e10x_dbg.o ABSOLUTE
    ..\\..\\Firmware\\GD32E10x_standard_peripheral\\Source\\gd32e10x_dma.c 0x00000000   Number         0  gd32e10x_dma.o ABSOLUTE
    ..\\..\\Firmware\\GD32E10x_standard_peripheral\\Source\\gd32e10x_exmc.c 0x00000000   Number         0  gd32e10x_exmc.o ABSOLUTE
    ..\\..\\Firmware\\GD32E10x_standard_peripheral\\Source\\gd32e10x_exti.c 0x00000000   Number         0  gd32e10x_exti.o ABSOLUTE
    ..\\..\\Firmware\\GD32E10x_standard_peripheral\\Source\\gd32e10x_fmc.c 0x00000000   Number         0  gd32e10x_fmc.o ABSOLUTE
    ..\\..\\Firmware\\GD32E10x_standard_peripheral\\Source\\gd32e10x_fwdgt.c 0x00000000   Number         0  gd32e10x_fwdgt.o ABSOLUTE
    ..\\..\\Firmware\\GD32E10x_standard_peripheral\\Source\\gd32e10x_gpio.c 0x00000000   Number         0  gd32e10x_gpio.o ABSOLUTE
    ..\\..\\Firmware\\GD32E10x_standard_peripheral\\Source\\gd32e10x_i2c.c 0x00000000   Number         0  gd32e10x_i2c.o ABSOLUTE
    ..\\..\\Firmware\\GD32E10x_standard_peripheral\\Source\\gd32e10x_misc.c 0x00000000   Number         0  gd32e10x_misc.o ABSOLUTE
    ..\\..\\Firmware\\GD32E10x_standard_peripheral\\Source\\gd32e10x_pmu.c 0x00000000   Number         0  gd32e10x_pmu.o ABSOLUTE
    ..\\..\\Firmware\\GD32E10x_standard_peripheral\\Source\\gd32e10x_rcu.c 0x00000000   Number         0  gd32e10x_rcu.o ABSOLUTE
    ..\\..\\Firmware\\GD32E10x_standard_peripheral\\Source\\gd32e10x_rtc.c 0x00000000   Number         0  gd32e10x_rtc.o ABSOLUTE
    ..\\..\\Firmware\\GD32E10x_standard_peripheral\\Source\\gd32e10x_spi.c 0x00000000   Number         0  gd32e10x_spi.o ABSOLUTE
    ..\\..\\Firmware\\GD32E10x_standard_peripheral\\Source\\gd32e10x_timer.c 0x00000000   Number         0  gd32e10x_timer.o ABSOLUTE
    ..\\..\\Firmware\\GD32E10x_standard_peripheral\\Source\\gd32e10x_usart.c 0x00000000   Number         0  gd32e10x_usart.o ABSOLUTE
    ..\\..\\Firmware\\GD32E10x_standard_peripheral\\Source\\gd32e10x_wwdgt.c 0x00000000   Number         0  gd32e10x_wwdgt.o ABSOLUTE
    ..\\..\\ebus\\eBus_port.c                0x00000000   Number         0  ebus_port.o ABSOLUTE
    ..\\gd32e10x_it.c                        0x00000000   Number         0  gd32e10x_it.o ABSOLUTE
    ..\\main.c                               0x00000000   Number         0  main.o ABSOLUTE
    ..\\systick.c                            0x00000000   Number         0  systick.o ABSOLUTE
    ..\gd32e10x_it.c                         0x00000000   Number         0  gd32e10x_it.o ABSOLUTE
    ..\main.c                                0x00000000   Number         0  main.o ABSOLUTE
    ..\systick.c                             0x00000000   Number         0  systick.o ABSOLUTE
    dc.s                                     0x00000000   Number         0  dc.o ABSOLUTE
    handlers.s                               0x00000000   Number         0  handlers.o ABSOLUTE
    init.s                                   0x00000000   Number         0  init.o ABSOLUTE
    RESET                                    0x08000000   Section      336  startup_gd32e10x.o(RESET)
    .ARM.Collect$$$$00000000                 0x08000150   Section        0  entry.o(.ARM.Collect$$$$00000000)
    .ARM.Collect$$$$00000001                 0x08000150   Section        4  entry2.o(.ARM.Collect$$$$00000001)
    .ARM.Collect$$$$00000004                 0x08000154   Section        4  entry5.o(.ARM.Collect$$$$00000004)
    .ARM.Collect$$$$00000008                 0x08000158   Section        0  entry7b.o(.ARM.Collect$$$$00000008)
    .ARM.Collect$$$$0000000A                 0x08000158   Section        0  entry8b.o(.ARM.Collect$$$$0000000A)
    .ARM.Collect$$$$0000000B                 0x08000158   Section        8  entry9a.o(.ARM.Collect$$$$0000000B)
    .ARM.Collect$$$$0000000E                 0x08000160   Section        4  entry12b.o(.ARM.Collect$$$$0000000E)
    .ARM.Collect$$$$0000000F                 0x08000164   Section        0  entry10a.o(.ARM.Collect$$$$0000000F)
    .ARM.Collect$$$$00000011                 0x08000164   Section        0  entry11a.o(.ARM.Collect$$$$00000011)
    .ARM.Collect$$$$00002712                 0x08000164   Section        4  entry2.o(.ARM.Collect$$$$00002712)
    __lit__00000000                          0x08000164   Data           4  entry2.o(.ARM.Collect$$$$00002712)
    .text                                    0x08000168   Section       36  startup_gd32e10x.o(.text)
    $v0                                      0x08000168   Number         0  startup_gd32e10x.o(.text)
    .text                                    0x0800018c   Section        0  uldiv.o(.text)
    .text                                    0x080001ee   Section        0  memcpya.o(.text)
    .text                                    0x08000212   Section        0  llshl.o(.text)
    .text                                    0x08000230   Section        0  llushr.o(.text)
    .text                                    0x08000250   Section       36  init.o(.text)
    i.BusFault_Handler                       0x08000274   Section        0  gd32e10x_it.o(i.BusFault_Handler)
    i.CircBuf_Push                           0x08000278   Section        0  circular_buffer.o(i.CircBuf_Push)
    i.DMA0_Channel0_IRQHandler               0x080002ec   Section        0  adc.o(i.DMA0_Channel0_IRQHandler)
    i.DMA0_Channel3_IRQHandler               0x08000310   Section        0  uart.o(i.DMA0_Channel3_IRQHandler)
    i.DMA0_Channel4_IRQHandler               0x08000338   Section        0  uart.o(i.DMA0_Channel4_IRQHandler)
    i.DMA0_Channel6_IRQHandler               0x08000358   Section        0  uart.o(i.DMA0_Channel6_IRQHandler)
    i.DebugMon_Handler                       0x08000380   Section        0  gd32e10x_it.o(i.DebugMon_Handler)
    i.HardFault_Handler                      0x08000382   Section        0  gd32e10x_it.o(i.HardFault_Handler)
    i.MemManage_Handler                      0x08000386   Section        0  gd32e10x_it.o(i.MemManage_Handler)
    i.NMI_Handler                            0x0800038a   Section        0  gd32e10x_it.o(i.NMI_Handler)
    i.NVIC_SetPriority                       0x0800038c   Section        0  systick.o(i.NVIC_SetPriority)
    NVIC_SetPriority                         0x0800038d   Thumb Code    32  systick.o(i.NVIC_SetPriority)
    i.PendSV_Handler                         0x080003b4   Section        0  gd32e10x_it.o(i.PendSV_Handler)
    i.SVC_Handler                            0x080003b6   Section        0  gd32e10x_it.o(i.SVC_Handler)
    i.SysTick_Handler                        0x080003b8   Section        0  gd32e10x_it.o(i.SysTick_Handler)
    i.SystemInit                             0x080003c0   Section        0  system_gd32e10x.o(i.SystemInit)
    i.USART0_IRQHandler                      0x08000418   Section        0  uart.o(i.USART0_IRQHandler)
    i.USART1_IRQHandler                      0x08000480   Section        0  uart.o(i.USART1_IRQHandler)
    i.UsageFault_Handler                     0x080004e8   Section        0  gd32e10x_it.o(i.UsageFault_Handler)
    i.__scatterload_copy                     0x080004ec   Section       14  handlers.o(i.__scatterload_copy)
    i.__scatterload_null                     0x080004fa   Section        2  handlers.o(i.__scatterload_null)
    i.__scatterload_zeroinit                 0x080004fc   Section       14  handlers.o(i.__scatterload_zeroinit)
    i.delay_1ms                              0x0800050c   Section        0  systick.o(i.delay_1ms)
    i.delay_decrement                        0x08000520   Section        0  systick.o(i.delay_decrement)
    i.dma_channel_disable                    0x08000538   Section        0  gd32e10x_dma.o(i.dma_channel_disable)
    i.dma_channel_enable                     0x0800056a   Section        0  gd32e10x_dma.o(i.dma_channel_enable)
    i.dma_interrupt_flag_clear               0x0800059c   Section        0  gd32e10x_dma.o(i.dma_interrupt_flag_clear)
    i.dma_interrupt_flag_get                 0x080005ac   Section        0  gd32e10x_dma.o(i.dma_interrupt_flag_get)
    i.dma_periph_and_channel_check           0x08000630   Section        0  gd32e10x_dma.o(i.dma_periph_and_channel_check)
    dma_periph_and_channel_check             0x08000631   Thumb Code    18  gd32e10x_dma.o(i.dma_periph_and_channel_check)
    i.dma_transfer_number_config             0x08000648   Section        0  gd32e10x_dma.o(i.dma_transfer_number_config)
    i.dma_transfer_number_get                0x0800066e   Section        0  gd32e10x_dma.o(i.dma_transfer_number_get)
    i.eBus_flow_read_func                    0x08000690   Section        0  ebus_port.o(i.eBus_flow_read_func)
    i.eBus_flow_write_func                   0x08000696   Section        0  ebus_port.o(i.eBus_flow_write_func)
    i.eBus_init                              0x0800069c   Section        0  ebus_port.o(i.eBus_init)
    i.gpio_bit_reset                         0x080006b0   Section        0  gd32e10x_gpio.o(i.gpio_bit_reset)
    i.gpio_bit_set                           0x080006b4   Section        0  gd32e10x_gpio.o(i.gpio_bit_set)
    i.gpio_init                              0x080006b8   Section        0  gd32e10x_gpio.o(i.gpio_init)
    i.gpio_pin_remap_config                  0x08000774   Section        0  gd32e10x_gpio.o(i.gpio_pin_remap_config)
    i.led_init                               0x08000804   Section        0  led.o(i.led_init)
    i.load_appx                              0x08000838   Section        0  main.o(i.load_appx)
    i.main                                   0x0800085c   Section        0  main.o(i.main)
    i.nvic_vector_table_set                  0x080008c0   Section        0  gd32e10x_misc.o(i.nvic_vector_table_set)
    i.rcu_periph_clock_enable                0x080008d4   Section        0  gd32e10x_rcu.o(i.rcu_periph_clock_enable)
    i.read_adc_value                         0x080008f4   Section        0  adc.o(i.read_adc_value)
    i.system_clock_120m_hxtal                0x0800096c   Section        0  system_gd32e10x.o(i.system_clock_120m_hxtal)
    system_clock_120m_hxtal                  0x0800096d   Thumb Code   226  system_gd32e10x.o(i.system_clock_120m_hxtal)
    i.system_clock_config                    0x08000a68   Section        0  system_gd32e10x.o(i.system_clock_config)
    system_clock_config                      0x08000a69   Thumb Code     8  system_gd32e10x.o(i.system_clock_config)
    i.systick_config                         0x08000a70   Section        0  systick.o(i.systick_config)
    i.usart_interrupt_flag_get               0x08000ac0   Section        0  gd32e10x_usart.o(i.usart_interrupt_flag_get)
    .data                                    0x20000000   Section        4  systick.o(.data)
    delay                                    0x20000000   Data           4  systick.o(.data)
    .data                                    0x20000004   Section        4  system_gd32e10x.o(.data)
    .data                                    0x20000008   Section       36  uart.o(.data)
    COM_CLK                                  0x2000000a   Data           4  uart.o(.data)
    COM_TX_PIN                               0x20000010   Data           8  uart.o(.data)
    COM_RX_PIN                               0x20000018   Data           8  uart.o(.data)
    COM_GPIO_PORT                            0x20000020   Data           8  uart.o(.data)
    COM_GPIO_CLK                             0x20000028   Data           4  uart.o(.data)
    .data                                    0x2000002c   Section       16  ebus_port.o(.data)
    .bss                                     0x2000003c   Section       48  adc.o(.bss)
    .bss                                     0x2000006c   Section    12320  uart.o(.bss)
    STACK                                    0x20003090   Section     1024  startup_gd32e10x.o(STACK)

    Global Symbols

    Symbol Name                              Value     Ov Type        Size  Object(Section)

    BuildAttributes$$THM_ISAv4$E$P$D$K$B$S$7EM$VFPi3$EXTD16$VFPS$VFMA$PE$A:L22UL41UL21$X:L11$S22US41US21$IEEE1$IW$USESV6$~STKCKD$USESV7$~SHL$OSPACE$EBA8$MICROLIB$REQ8$PRES8$EABIv2 0x00000000   Number         0  anon$$obj.o ABSOLUTE
    __ARM_use_no_argv                        0x00000000   Number         0  main.o ABSOLUTE
    __arm_fini_                               - Undefined Weak Reference
    __cpp_initialize__aeabi_                  - Undefined Weak Reference
    __cxa_finalize                            - Undefined Weak Reference
    __decompress                              - Undefined Weak Reference
    _clock_init                               - Undefined Weak Reference
    _microlib_exit                            - Undefined Weak Reference
    __Vectors_Size                           0x00000150   Number         0  startup_gd32e10x.o ABSOLUTE
    __Vectors                                0x08000000   Data           4  startup_gd32e10x.o(RESET)
    __Vectors_End                            0x08000150   Data           0  startup_gd32e10x.o(RESET)
    __main                                   0x08000151   Thumb Code     0  entry.o(.ARM.Collect$$$$00000000)
    _main_stk                                0x08000151   Thumb Code     0  entry2.o(.ARM.Collect$$$$00000001)
    _main_scatterload                        0x08000155   Thumb Code     0  entry5.o(.ARM.Collect$$$$00000004)
    __main_after_scatterload                 0x08000159   Thumb Code     0  entry5.o(.ARM.Collect$$$$00000004)
    _main_clock                              0x08000159   Thumb Code     0  entry7b.o(.ARM.Collect$$$$00000008)
    _main_cpp_init                           0x08000159   Thumb Code     0  entry8b.o(.ARM.Collect$$$$0000000A)
    _main_init                               0x08000159   Thumb Code     0  entry9a.o(.ARM.Collect$$$$0000000B)
    __rt_lib_shutdown_fini                   0x08000161   Thumb Code     0  entry12b.o(.ARM.Collect$$$$0000000E)
    __rt_final_cpp                           0x08000165   Thumb Code     0  entry10a.o(.ARM.Collect$$$$0000000F)
    __rt_final_exit                          0x08000165   Thumb Code     0  entry11a.o(.ARM.Collect$$$$00000011)
    Reset_Handler                            0x08000169   Thumb Code     8  startup_gd32e10x.o(.text)
    ADC0_1_IRQHandler                        0x08000183   Thumb Code     0  startup_gd32e10x.o(.text)
    CAN0_EWMC_IRQHandler                     0x08000183   Thumb Code     0  startup_gd32e10x.o(.text)
    CAN0_RX0_IRQHandler                      0x08000183   Thumb Code     0  startup_gd32e10x.o(.text)
    CAN0_RX1_IRQHandler                      0x08000183   Thumb Code     0  startup_gd32e10x.o(.text)
    CAN0_TX_IRQHandler                       0x08000183   Thumb Code     0  startup_gd32e10x.o(.text)
    CAN1_EWMC_IRQHandler                     0x08000183   Thumb Code     0  startup_gd32e10x.o(.text)
    CAN1_RX0_IRQHandler                      0x08000183   Thumb Code     0  startup_gd32e10x.o(.text)
    CAN1_RX1_IRQHandler                      0x08000183   Thumb Code     0  startup_gd32e10x.o(.text)
    CAN1_TX_IRQHandler                       0x08000183   Thumb Code     0  startup_gd32e10x.o(.text)
    DMA0_Channel1_IRQHandler                 0x08000183   Thumb Code     0  startup_gd32e10x.o(.text)
    DMA0_Channel2_IRQHandler                 0x08000183   Thumb Code     0  startup_gd32e10x.o(.text)
    DMA0_Channel5_IRQHandler                 0x08000183   Thumb Code     0  startup_gd32e10x.o(.text)
    DMA1_Channel0_IRQHandler                 0x08000183   Thumb Code     0  startup_gd32e10x.o(.text)
    DMA1_Channel1_IRQHandler                 0x08000183   Thumb Code     0  startup_gd32e10x.o(.text)
    DMA1_Channel2_IRQHandler                 0x08000183   Thumb Code     0  startup_gd32e10x.o(.text)
    DMA1_Channel3_IRQHandler                 0x08000183   Thumb Code     0  startup_gd32e10x.o(.text)
    DMA1_Channel4_IRQHandler                 0x08000183   Thumb Code     0  startup_gd32e10x.o(.text)
    EXMC_IRQHandler                          0x08000183   Thumb Code     0  startup_gd32e10x.o(.text)
    EXTI0_IRQHandler                         0x08000183   Thumb Code     0  startup_gd32e10x.o(.text)
    EXTI10_15_IRQHandler                     0x08000183   Thumb Code     0  startup_gd32e10x.o(.text)
    EXTI1_IRQHandler                         0x08000183   Thumb Code     0  startup_gd32e10x.o(.text)
    EXTI2_IRQHandler                         0x08000183   Thumb Code     0  startup_gd32e10x.o(.text)
    EXTI3_IRQHandler                         0x08000183   Thumb Code     0  startup_gd32e10x.o(.text)
    EXTI4_IRQHandler                         0x08000183   Thumb Code     0  startup_gd32e10x.o(.text)
    EXTI5_9_IRQHandler                       0x08000183   Thumb Code     0  startup_gd32e10x.o(.text)
    FMC_IRQHandler                           0x08000183   Thumb Code     0  startup_gd32e10x.o(.text)
    I2C0_ER_IRQHandler                       0x08000183   Thumb Code     0  startup_gd32e10x.o(.text)
    I2C0_EV_IRQHandler                       0x08000183   Thumb Code     0  startup_gd32e10x.o(.text)
    I2C1_ER_IRQHandler                       0x08000183   Thumb Code     0  startup_gd32e10x.o(.text)
    I2C1_EV_IRQHandler                       0x08000183   Thumb Code     0  startup_gd32e10x.o(.text)
    LVD_IRQHandler                           0x08000183   Thumb Code     0  startup_gd32e10x.o(.text)
    RCU_CTC_IRQHandler                       0x08000183   Thumb Code     0  startup_gd32e10x.o(.text)
    RTC_Alarm_IRQHandler                     0x08000183   Thumb Code     0  startup_gd32e10x.o(.text)
    RTC_IRQHandler                           0x08000183   Thumb Code     0  startup_gd32e10x.o(.text)
    SPI0_IRQHandler                          0x08000183   Thumb Code     0  startup_gd32e10x.o(.text)
    SPI1_IRQHandler                          0x08000183   Thumb Code     0  startup_gd32e10x.o(.text)
    SPI2_IRQHandler                          0x08000183   Thumb Code     0  startup_gd32e10x.o(.text)
    TAMPER_IRQHandler                        0x08000183   Thumb Code     0  startup_gd32e10x.o(.text)
    TIMER0_BRK_TIMER8_IRQHandler             0x08000183   Thumb Code     0  startup_gd32e10x.o(.text)
    TIMER0_Channel_IRQHandler                0x08000183   Thumb Code     0  startup_gd32e10x.o(.text)
    TIMER0_TRG_CMT_TIMER10_IRQHandler        0x08000183   Thumb Code     0  startup_gd32e10x.o(.text)
    TIMER0_UP_TIMER9_IRQHandler              0x08000183   Thumb Code     0  startup_gd32e10x.o(.text)
    TIMER1_IRQHandler                        0x08000183   Thumb Code     0  startup_gd32e10x.o(.text)
    TIMER2_IRQHandler                        0x08000183   Thumb Code     0  startup_gd32e10x.o(.text)
    TIMER3_IRQHandler                        0x08000183   Thumb Code     0  startup_gd32e10x.o(.text)
    TIMER4_IRQHandler                        0x08000183   Thumb Code     0  startup_gd32e10x.o(.text)
    TIMER5_IRQHandler                        0x08000183   Thumb Code     0  startup_gd32e10x.o(.text)
    TIMER6_IRQHandler                        0x08000183   Thumb Code     0  startup_gd32e10x.o(.text)
    TIMER7_BRK_TIMER11_IRQHandler            0x08000183   Thumb Code     0  startup_gd32e10x.o(.text)
    TIMER7_Channel_IRQHandler                0x08000183   Thumb Code     0  startup_gd32e10x.o(.text)
    TIMER7_TRG_CMT_TIMER13_IRQHandler        0x08000183   Thumb Code     0  startup_gd32e10x.o(.text)
    TIMER7_UP_TIMER12_IRQHandler             0x08000183   Thumb Code     0  startup_gd32e10x.o(.text)
    UART3_IRQHandler                         0x08000183   Thumb Code     0  startup_gd32e10x.o(.text)
    UART4_IRQHandler                         0x08000183   Thumb Code     0  startup_gd32e10x.o(.text)
    USART2_IRQHandler                        0x08000183   Thumb Code     0  startup_gd32e10x.o(.text)
    USBFS_IRQHandler                         0x08000183   Thumb Code     0  startup_gd32e10x.o(.text)
    USBFS_WKUP_IRQHandler                    0x08000183   Thumb Code     0  startup_gd32e10x.o(.text)
    WWDGT_IRQHandler                         0x08000183   Thumb Code     0  startup_gd32e10x.o(.text)
    __aeabi_uldivmod                         0x0800018d   Thumb Code    98  uldiv.o(.text)
    __aeabi_memcpy                           0x080001ef   Thumb Code    36  memcpya.o(.text)
    __aeabi_memcpy4                          0x080001ef   Thumb Code     0  memcpya.o(.text)
    __aeabi_memcpy8                          0x080001ef   Thumb Code     0  memcpya.o(.text)
    __aeabi_llsl                             0x08000213   Thumb Code    30  llshl.o(.text)
    _ll_shift_l                              0x08000213   Thumb Code     0  llshl.o(.text)
    __aeabi_llsr                             0x08000231   Thumb Code    32  llushr.o(.text)
    _ll_ushift_r                             0x08000231   Thumb Code     0  llushr.o(.text)
    __scatterload                            0x08000251   Thumb Code    28  init.o(.text)
    __scatterload_rt2                        0x08000251   Thumb Code     0  init.o(.text)
    BusFault_Handler                         0x08000275   Thumb Code     4  gd32e10x_it.o(i.BusFault_Handler)
    CircBuf_Push                             0x08000279   Thumb Code   116  circular_buffer.o(i.CircBuf_Push)
    DMA0_Channel0_IRQHandler                 0x080002ed   Thumb Code    30  adc.o(i.DMA0_Channel0_IRQHandler)
    DMA0_Channel3_IRQHandler                 0x08000311   Thumb Code    32  uart.o(i.DMA0_Channel3_IRQHandler)
    DMA0_Channel4_IRQHandler                 0x08000339   Thumb Code    26  uart.o(i.DMA0_Channel4_IRQHandler)
    DMA0_Channel6_IRQHandler                 0x08000359   Thumb Code    32  uart.o(i.DMA0_Channel6_IRQHandler)
    DebugMon_Handler                         0x08000381   Thumb Code     2  gd32e10x_it.o(i.DebugMon_Handler)
    HardFault_Handler                        0x08000383   Thumb Code     4  gd32e10x_it.o(i.HardFault_Handler)
    MemManage_Handler                        0x08000387   Thumb Code     4  gd32e10x_it.o(i.MemManage_Handler)
    NMI_Handler                              0x0800038b   Thumb Code     2  gd32e10x_it.o(i.NMI_Handler)
    PendSV_Handler                           0x080003b5   Thumb Code     2  gd32e10x_it.o(i.PendSV_Handler)
    SVC_Handler                              0x080003b7   Thumb Code     2  gd32e10x_it.o(i.SVC_Handler)
    SysTick_Handler                          0x080003b9   Thumb Code     8  gd32e10x_it.o(i.SysTick_Handler)
    SystemInit                               0x080003c1   Thumb Code    76  system_gd32e10x.o(i.SystemInit)
    USART0_IRQHandler                        0x08000419   Thumb Code    84  uart.o(i.USART0_IRQHandler)
    USART1_IRQHandler                        0x08000481   Thumb Code    84  uart.o(i.USART1_IRQHandler)
    UsageFault_Handler                       0x080004e9   Thumb Code     4  gd32e10x_it.o(i.UsageFault_Handler)
    __scatterload_copy                       0x080004ed   Thumb Code    14  handlers.o(i.__scatterload_copy)
    __scatterload_null                       0x080004fb   Thumb Code     2  handlers.o(i.__scatterload_null)
    __scatterload_zeroinit                   0x080004fd   Thumb Code    14  handlers.o(i.__scatterload_zeroinit)
    delay_1ms                                0x0800050d   Thumb Code    16  systick.o(i.delay_1ms)
    delay_decrement                          0x08000521   Thumb Code    18  systick.o(i.delay_decrement)
    dma_channel_disable                      0x08000539   Thumb Code    50  gd32e10x_dma.o(i.dma_channel_disable)
    dma_channel_enable                       0x0800056b   Thumb Code    50  gd32e10x_dma.o(i.dma_channel_enable)
    dma_interrupt_flag_clear                 0x0800059d   Thumb Code    16  gd32e10x_dma.o(i.dma_interrupt_flag_clear)
    dma_interrupt_flag_get                   0x080005ad   Thumb Code   130  gd32e10x_dma.o(i.dma_interrupt_flag_get)
    dma_transfer_number_config               0x08000649   Thumb Code    38  gd32e10x_dma.o(i.dma_transfer_number_config)
    dma_transfer_number_get                  0x0800066f   Thumb Code    34  gd32e10x_dma.o(i.dma_transfer_number_get)
    eBus_flow_read_func                      0x08000691   Thumb Code     6  ebus_port.o(i.eBus_flow_read_func)
    eBus_flow_write_func                     0x08000697   Thumb Code     6  ebus_port.o(i.eBus_flow_write_func)
    eBus_init                                0x0800069d   Thumb Code    16  ebus_port.o(i.eBus_init)
    gpio_bit_reset                           0x080006b1   Thumb Code     4  gd32e10x_gpio.o(i.gpio_bit_reset)
    gpio_bit_set                             0x080006b5   Thumb Code     4  gd32e10x_gpio.o(i.gpio_bit_set)
    gpio_init                                0x080006b9   Thumb Code   188  gd32e10x_gpio.o(i.gpio_init)
    gpio_pin_remap_config                    0x08000775   Thumb Code   138  gd32e10x_gpio.o(i.gpio_pin_remap_config)
    led_init                                 0x08000805   Thumb Code    42  led.o(i.led_init)
    load_appx                                0x08000839   Thumb Code    30  main.o(i.load_appx)
    main                                     0x0800085d   Thumb Code    92  main.o(i.main)
    nvic_vector_table_set                    0x080008c1   Thumb Code    12  gd32e10x_misc.o(i.nvic_vector_table_set)
    rcu_periph_clock_enable                  0x080008d5   Thumb Code    28  gd32e10x_rcu.o(i.rcu_periph_clock_enable)
    read_adc_value                           0x080008f5   Thumb Code    98  adc.o(i.read_adc_value)
    systick_config                           0x08000a71   Thumb Code    74  systick.o(i.systick_config)
    usart_interrupt_flag_get                 0x08000ac1   Thumb Code    56  gd32e10x_usart.o(i.usart_interrupt_flag_get)
    Region$$Table$$Base                      0x08000af8   Number         0  anon$$obj.o(Region$$Table)
    Region$$Table$$Limit                     0x08000b18   Number         0  anon$$obj.o(Region$$Table)
    SystemCoreClock                          0x20000004   Data           4  system_gd32e10x.o(.data)
    dma_idle                                 0x20000008   Data           1  uart.o(.data)
    dma_ch6_idle                             0x20000009   Data           1  uart.o(.data)
    ebus_state_struct                        0x2000002c   Data           8  ebus_port.o(.data)
    eBus_flow_read_pfunc                     0x20000034   Data           4  ebus_port.o(.data)
    eBus_flow_write_pfunc                    0x20000038   Data           4  ebus_port.o(.data)
    adc_value                                0x2000003c   Data          16  adc.o(.bss)
    adc_v                                    0x2000004c   Data          32  adc.o(.bss)
    USART0_RxBuff                            0x2000006c   Data        2048  uart.o(.bss)
    USART0_TxBuff                            0x2000086c   Data        2048  uart.o(.bss)
    USART1_RxBuff                            0x2000106c   Data        2048  uart.o(.bss)
    USART1_TxBuff                            0x2000186c   Data        2048  uart.o(.bss)
    USART0_RX_CACHE_BUFFER                   0x2000206c   Data        2048  uart.o(.bss)
    USART1_RX_CACHE_BUFFER                   0x2000286c   Data        2048  uart.o(.bss)
    USART0_RxCBuf                            0x2000306c   Data          16  uart.o(.bss)
    USART1_RxCBuf                            0x2000307c   Data          16  uart.o(.bss)
    __initial_sp                             0x20003490   Data           0  startup_gd32e10x.o(STACK)



==============================================================================

Memory Map of the image

  Image Entry point : 0x08000151

  Load Region LR_IROM1 (Base: 0x08000000, Size: 0x00000b54, Max: 0x00002000, ABSOLUTE)

    Execution Region ER_IROM1 (Exec base: 0x08000000, Load base: 0x08000000, Size: 0x00000b18, Max: 0x00002000, ABSOLUTE)

    Exec Addr    Load Addr    Size         Type   Attr      Idx    E Section Name        Object

    0x08000000   0x08000000   0x00000150   Data   RO         4118    RESET               startup_gd32e10x.o
    0x08000150   0x08000150   0x00000000   Code   RO         4871  * .ARM.Collect$$$$00000000  mc_w.l(entry.o)
    0x08000150   0x08000150   0x00000004   Code   RO         4912    .ARM.Collect$$$$00000001  mc_w.l(entry2.o)
    0x08000154   0x08000154   0x00000004   Code   RO         4915    .ARM.Collect$$$$00000004  mc_w.l(entry5.o)
    0x08000158   0x08000158   0x00000000   Code   RO         4917    .ARM.Collect$$$$00000008  mc_w.l(entry7b.o)
    0x08000158   0x08000158   0x00000000   Code   RO         4919    .ARM.Collect$$$$0000000A  mc_w.l(entry8b.o)
    0x08000158   0x08000158   0x00000008   Code   RO         4920    .ARM.Collect$$$$0000000B  mc_w.l(entry9a.o)
    0x08000160   0x08000160   0x00000004   Code   RO         4927    .ARM.Collect$$$$0000000E  mc_w.l(entry12b.o)
    0x08000164   0x08000164   0x00000000   Code   RO         4922    .ARM.Collect$$$$0000000F  mc_w.l(entry10a.o)
    0x08000164   0x08000164   0x00000000   Code   RO         4924    .ARM.Collect$$$$00000011  mc_w.l(entry11a.o)
    0x08000164   0x08000164   0x00000004   Code   RO         4913    .ARM.Collect$$$$00002712  mc_w.l(entry2.o)
    0x08000168   0x08000168   0x00000024   Code   RO         4119    .text               startup_gd32e10x.o
    0x0800018c   0x0800018c   0x00000062   Code   RO         4874    .text               mc_w.l(uldiv.o)
    0x080001ee   0x080001ee   0x00000024   Code   RO         4876    .text               mc_w.l(memcpya.o)
    0x08000212   0x08000212   0x0000001e   Code   RO         4928    .text               mc_w.l(llshl.o)
    0x08000230   0x08000230   0x00000020   Code   RO         4930    .text               mc_w.l(llushr.o)
    0x08000250   0x08000250   0x00000024   Code   RO         4934    .text               mc_w.l(init.o)
    0x08000274   0x08000274   0x00000004   Code   RO          307    i.BusFault_Handler  gd32e10x_it.o
    0x08000278   0x08000278   0x00000074   Code   RO         4472    i.CircBuf_Push      circular_buffer.o
    0x080002ec   0x080002ec   0x00000024   Code   RO         4125    i.DMA0_Channel0_IRQHandler  adc.o
    0x08000310   0x08000310   0x00000028   Code   RO         4274    i.DMA0_Channel3_IRQHandler  uart.o
    0x08000338   0x08000338   0x00000020   Code   RO         4275    i.DMA0_Channel4_IRQHandler  uart.o
    0x08000358   0x08000358   0x00000028   Code   RO         4276    i.DMA0_Channel6_IRQHandler  uart.o
    0x08000380   0x08000380   0x00000002   Code   RO          308    i.DebugMon_Handler  gd32e10x_it.o
    0x08000382   0x08000382   0x00000004   Code   RO          309    i.HardFault_Handler  gd32e10x_it.o
    0x08000386   0x08000386   0x00000004   Code   RO          310    i.MemManage_Handler  gd32e10x_it.o
    0x0800038a   0x0800038a   0x00000002   Code   RO          311    i.NMI_Handler       gd32e10x_it.o
    0x0800038c   0x0800038c   0x00000028   Code   RO          176    i.NVIC_SetPriority  systick.o
    0x080003b4   0x080003b4   0x00000002   Code   RO          312    i.PendSV_Handler    gd32e10x_it.o
    0x080003b6   0x080003b6   0x00000002   Code   RO          313    i.SVC_Handler       gd32e10x_it.o
    0x080003b8   0x080003b8   0x00000008   Code   RO          314    i.SysTick_Handler   gd32e10x_it.o
    0x080003c0   0x080003c0   0x00000058   Code   RO          398    i.SystemInit        system_gd32e10x.o
    0x08000418   0x08000418   0x00000068   Code   RO         4280    i.USART0_IRQHandler  uart.o
    0x08000480   0x08000480   0x00000068   Code   RO         4284    i.USART1_IRQHandler  uart.o
    0x080004e8   0x080004e8   0x00000004   Code   RO          315    i.UsageFault_Handler  gd32e10x_it.o
    0x080004ec   0x080004ec   0x0000000e   Code   RO         4938    i.__scatterload_copy  mc_w.l(handlers.o)
    0x080004fa   0x080004fa   0x00000002   Code   RO         4939    i.__scatterload_null  mc_w.l(handlers.o)
    0x080004fc   0x080004fc   0x0000000e   Code   RO         4940    i.__scatterload_zeroinit  mc_w.l(handlers.o)
    0x0800050a   0x0800050a   0x00000002   PAD
    0x0800050c   0x0800050c   0x00000014   Code   RO          177    i.delay_1ms         systick.o
    0x08000520   0x08000520   0x00000018   Code   RO          178    i.delay_decrement   systick.o
    0x08000538   0x08000538   0x00000032   Code   RO         1536    i.dma_channel_disable  gd32e10x_dma.o
    0x0800056a   0x0800056a   0x00000032   Code   RO         1537    i.dma_channel_enable  gd32e10x_dma.o
    0x0800059c   0x0800059c   0x00000010   Code   RO         1546    i.dma_interrupt_flag_clear  gd32e10x_dma.o
    0x080005ac   0x080005ac   0x00000082   Code   RO         1547    i.dma_interrupt_flag_get  gd32e10x_dma.o
    0x0800062e   0x0800062e   0x00000002   PAD
    0x08000630   0x08000630   0x00000018   Code   RO         1555    i.dma_periph_and_channel_check  gd32e10x_dma.o
    0x08000648   0x08000648   0x00000026   Code   RO         1562    i.dma_transfer_number_config  gd32e10x_dma.o
    0x0800066e   0x0800066e   0x00000022   Code   RO         1563    i.dma_transfer_number_get  gd32e10x_dma.o
    0x08000690   0x08000690   0x00000006   Code   RO         4723    i.eBus_flow_read_func  ebus_port.o
    0x08000696   0x08000696   0x00000006   Code   RO         4724    i.eBus_flow_write_func  ebus_port.o
    0x0800069c   0x0800069c   0x00000014   Code   RO         4725    i.eBus_init         ebus_port.o
    0x080006b0   0x080006b0   0x00000004   Code   RO         2148    i.gpio_bit_reset    gd32e10x_gpio.o
    0x080006b4   0x080006b4   0x00000004   Code   RO         2149    i.gpio_bit_set      gd32e10x_gpio.o
    0x080006b8   0x080006b8   0x000000bc   Code   RO         2158    i.gpio_init         gd32e10x_gpio.o
    0x08000774   0x08000774   0x00000090   Code   RO         2164    i.gpio_pin_remap_config  gd32e10x_gpio.o
    0x08000804   0x08000804   0x00000034   Code   RO         4618    i.led_init          led.o
    0x08000838   0x08000838   0x00000024   Code   RO            3    i.load_appx         main.o
    0x0800085c   0x0800085c   0x00000064   Code   RO            4    i.main              main.o
    0x080008c0   0x080008c0   0x00000014   Code   RO         2508    i.nvic_vector_table_set  gd32e10x_misc.o
    0x080008d4   0x080008d4   0x00000020   Code   RO         2683    i.rcu_periph_clock_enable  gd32e10x_rcu.o
    0x080008f4   0x080008f4   0x00000078   Code   RO         4132    i.read_adc_value    adc.o
    0x0800096c   0x0800096c   0x000000fc   Code   RO          399    i.system_clock_120m_hxtal  system_gd32e10x.o
    0x08000a68   0x08000a68   0x00000008   Code   RO          400    i.system_clock_config  system_gd32e10x.o
    0x08000a70   0x08000a70   0x00000050   Code   RO          179    i.systick_config    systick.o
    0x08000ac0   0x08000ac0   0x00000038   Code   RO         3761    i.usart_interrupt_flag_get  gd32e10x_usart.o
    0x08000af8   0x08000af8   0x00000020   Data   RO         4936    Region$$Table       anon$$obj.o


    Execution Region RW_IRAM1 (Exec base: 0x20000000, Load base: 0x08000b18, Size: 0x00003490, Max: 0x00008000, ABSOLUTE)

    Exec Addr    Load Addr    Size         Type   Attr      Idx    E Section Name        Object

    0x20000000   0x08000b18   0x00000004   Data   RW          180    .data               systick.o
    0x20000004   0x08000b1c   0x00000004   Data   RW          401    .data               system_gd32e10x.o
    0x20000008   0x08000b20   0x00000024   Data   RW         4302    .data               uart.o
    0x2000002c   0x08000b44   0x00000010   Data   RW         4732    .data               ebus_port.o
    0x2000003c        -       0x00000030   Zero   RW         4133    .bss                adc.o
    0x2000006c        -       0x00003020   Zero   RW         4301    .bss                uart.o
    0x2000308c   0x08000b54   0x00000004   PAD
    0x20003090        -       0x00000400   Zero   RW         4116    STACK               startup_gd32e10x.o


==============================================================================

Image component sizes


      Code (inc. data)   RO Data    RW Data    ZI Data      Debug   Object Name

       156         28          0          0         48       2014   adc.o
       116          0          0          0          0       1935   circular_buffer.o
        32          4          0         16          0       3498   ebus_port.o
       342          6          0          0          0      10606   gd32e10x_dma.o
       340          6          0          0          0       3476   gd32e10x_gpio.o
        32          0          0          0          0       4642   gd32e10x_it.o
        20          8          0          0          0        740   gd32e10x_misc.o
        32          4          0          0          0      17178   gd32e10x_rcu.o
        56          0          0          0          0       7715   gd32e10x_usart.o
        52         10          0          0          0        559   led.o
       136         14          0          0          0       7995   main.o
        36          8        336          0       1024        972   startup_gd32e10x.o
       348         38          0          4          0       2387   system_gd32e10x.o
       164         24          0          4          0      48678   systick.o
       320         62          0         36      12320       5459   uart.o

    ----------------------------------------------------------------------
      2184        212        368         60      13396     117854   Object Totals
         0          0         32          0          0          0   (incl. Generated)
         2          0          0          0          4          0   (incl. Padding)

    ----------------------------------------------------------------------

      Code (inc. data)   RO Data    RW Data    ZI Data      Debug   Library Member Name

         0          0          0          0          0          0   entry.o
         0          0          0          0          0          0   entry10a.o
         0          0          0          0          0          0   entry11a.o
         4          0          0          0          0          0   entry12b.o
         8          4          0          0          0          0   entry2.o
         4          0          0          0          0          0   entry5.o
         0          0          0          0          0          0   entry7b.o
         0          0          0          0          0          0   entry8b.o
         8          4          0          0          0          0   entry9a.o
        30          0          0          0          0          0   handlers.o
        36          8          0          0          0         68   init.o
        30          0          0          0          0         68   llshl.o
        32          0          0          0          0         68   llushr.o
        36          0          0          0          0         68   memcpya.o
        98          0          0          0          0         92   uldiv.o

    ----------------------------------------------------------------------
       288         16          0          0          0        364   Library Totals
         2          0          0          0          0          0   (incl. Padding)

    ----------------------------------------------------------------------

      Code (inc. data)   RO Data    RW Data    ZI Data      Debug   Library Name

       286         16          0          0          0        364   mc_w.l

    ----------------------------------------------------------------------
       288         16          0          0          0        364   Library Totals

    ----------------------------------------------------------------------

==============================================================================


      Code (inc. data)   RO Data    RW Data    ZI Data      Debug   

      2472        228        368         60      13396     114418   Grand Totals
      2472        228        368         60      13396     114418   ELF Image Totals
      2472        228        368         60          0          0   ROM Totals

==============================================================================

    Total RO  Size (Code + RO Data)                 2840 (   2.77kB)
    Total RW  Size (RW Data + ZI Data)             13456 (  13.14kB)
    Total ROM Size (Code + RO Data + RW Data)       2900 (   2.83kB)

==============================================================================

