Component: ARM Compiler 5.06 update 7 (build 960) Tool: armlink [4d3601]

==============================================================================

Section Cross References

    main.o(i.CAN0_RX0_IRQHandler) refers to gd32e10x_can.o(i.can_message_receive) for can_message_receive
    main.o(i.CAN0_RX0_IRQHandler) refers to main.o(.data) for led_flag_red
    main.o(i.TIMER3_IRQHandler) refers to gd32e10x_timer.o(i.timer_interrupt_flag_get) for timer_interrupt_flag_get
    main.o(i.TIMER3_IRQHandler) refers to gd32e10x_timer.o(i.timer_interrupt_flag_clear) for timer_interrupt_flag_clear
    main.o(i.main) refers to systick.o(i.systick_config) for systick_config
    main.o(i.main) refers to led.o(i.led_init) for led_init
    main.o(i.main) refers to uart.o(i.usart0_init) for usart0_init
    main.o(i.main) refers to uart.o(i.usart1_init) for usart1_init
    main.o(i.main) refers to uart.o(i.usart2_init) for usart2_init
    main.o(i.main) refers to app.o(i.usb_init) for usb_init
    main.o(i.main) refers to gd32e10x_gpio.o(i.gpio_bit_set) for gpio_bit_set
    main.o(i.main) refers to gd32e10x_gpio.o(i.gpio_bit_reset) for gpio_bit_reset
    main.o(i.main) refers to main.o(i.CalChecksum) for CalChecksum
    main.o(i.main) refers to app.o(i.usb_send_buffer) for usb_send_buffer
    main.o(i.main) refers to uart.o(i.usart0_rx_probe) for usart0_rx_probe
    main.o(i.main) refers to uart.o(i.USART0_GetDataCount) for USART0_GetDataCount
    main.o(i.main) refers to uart.o(i.USART0_Recv) for USART0_Recv
    main.o(i.main) refers to memcpya.o(.text) for __aeabi_memcpy
    main.o(i.main) refers to memseta.o(.text) for __aeabi_memclr
    main.o(i.main) refers to uart.o(i.usart1_rx_probe) for usart1_rx_probe
    main.o(i.main) refers to uart.o(i.USART1_GetDataCount) for USART1_GetDataCount
    main.o(i.main) refers to uart.o(i.USART1_Recv) for USART1_Recv
    main.o(i.main) refers to uart.o(i.usart2_rx_probe) for usart2_rx_probe
    main.o(i.main) refers to uart.o(i.USART2_GetDataCount) for USART2_GetDataCount
    main.o(i.main) refers to uart.o(i.USART2_Recv) for USART2_Recv
    main.o(i.main) refers to systick.o(i.delay_1ms) for delay_1ms
    main.o(i.main) refers to main.o(.bss) for serial_frame
    systick.o(i.delay_1ms) refers to systick.o(.data) for delay
    systick.o(i.delay_decrement) refers to systick.o(.data) for delay
    systick.o(i.systick_config) refers to systick.o(i.NVIC_SetPriority) for NVIC_SetPriority
    systick.o(i.systick_config) refers to system_gd32e10x.o(.data) for SystemCoreClock
    gd32e10x_it.o(i.SysTick_Handler) refers to systick.o(i.delay_decrement) for delay_decrement
    gd32e10x_it.o(i.TIMER2_IRQHandler) refers to gd32e10x_it.o(i.TIMER2_IRQHandler_lib) for TIMER2_IRQHandler_lib
    gd32e10x_it.o(i.USBFS_IRQHandler) refers to gd32e10x_it.o(i.USBFS_IRQHandler_lib) for USBFS_IRQHandler_lib
    gd32e10x_it.o(i.USBFS_WKUP_IRQHandler) refers to gd32e10x_it.o(i.USBFS_WKUP_IRQHandler_lib) for USBFS_WKUP_IRQHandler_lib
    system_gd32e10x.o(i.SystemCoreClockUpdate) refers to system_gd32e10x.o(.data) for SystemCoreClock
    system_gd32e10x.o(i.SystemInit) refers to system_gd32e10x.o(i.system_clock_config) for system_clock_config
    system_gd32e10x.o(i.SystemInit) refers to gd32e10x_misc.o(i.nvic_vector_table_set) for nvic_vector_table_set
    system_gd32e10x.o(i.system_clock_config) refers to system_gd32e10x.o(i.system_clock_120m_hxtal) for system_clock_120m_hxtal
    gd32e10x_adc.o(i.adc_deinit) refers to gd32e10x_rcu.o(i.rcu_periph_reset_enable) for rcu_periph_reset_enable
    gd32e10x_adc.o(i.adc_deinit) refers to gd32e10x_rcu.o(i.rcu_periph_reset_disable) for rcu_periph_reset_disable
    gd32e10x_bkp.o(i.bkp_deinit) refers to gd32e10x_rcu.o(i.rcu_bkp_reset_enable) for rcu_bkp_reset_enable
    gd32e10x_bkp.o(i.bkp_deinit) refers to gd32e10x_rcu.o(i.rcu_bkp_reset_disable) for rcu_bkp_reset_disable
    gd32e10x_can.o(i.can_debug_freeze_disable) refers to gd32e10x_dbg.o(i.dbg_periph_disable) for dbg_periph_disable
    gd32e10x_can.o(i.can_debug_freeze_enable) refers to gd32e10x_dbg.o(i.dbg_periph_enable) for dbg_periph_enable
    gd32e10x_can.o(i.can_deinit) refers to gd32e10x_rcu.o(i.rcu_periph_reset_enable) for rcu_periph_reset_enable
    gd32e10x_can.o(i.can_deinit) refers to gd32e10x_rcu.o(i.rcu_periph_reset_disable) for rcu_periph_reset_disable
    gd32e10x_can.o(i.can_fd_frequency_set) refers to gd32e10x_can.o(i.can_working_mode_set) for can_working_mode_set
    gd32e10x_can.o(i.can_fd_frequency_set) refers to gd32e10x_can.o(i.dev_can_baudrate_set) for dev_can_baudrate_set
    gd32e10x_can.o(i.can_filter_mask_mode_init) refers to gd32e10x_can.o(i.can_struct_para_init) for can_struct_para_init
    gd32e10x_can.o(i.can_filter_mask_mode_init) refers to gd32e10x_can.o(i.can_filter_init) for can_filter_init
    gd32e10x_can.o(i.can_frequency_set) refers to gd32e10x_can.o(i.can_working_mode_set) for can_working_mode_set
[...]
    __lit__00000000                          0x08000164   Data           4  entry2.o(.ARM.Collect$$$$00002712)
    .text                                    0x08000168   Section       36  startup_gd32e10x.o(.text)
    $v0                                      0x08000168   Number         0  startup_gd32e10x.o(.text)
    .text                                    0x0800018c   Section        0  memcpya.o(.text)
    .text                                    0x080001b0   Section        0  memseta.o(.text)
    .text                                    0x080001d4   Section        0  calloc.o(.text)
    .text                                    0x080001f0   Section       36  init.o(.text)
    .text                                    0x08000214   Section        0  __dczerorl2.o(.text)
    i.BusFault_Handler                       0x0800026a   Section        0  gd32e10x_it.o(i.BusFault_Handler)
    i.CAN0_RX0_IRQHandler                    0x08000270   Section        0  main.o(i.CAN0_RX0_IRQHandler)
    i.CalChecksum                            0x08000298   Section        0  main.o(i.CalChecksum)
    i.CircBuf_GetUsedSize                    0x080002b2   Section        0  circular_buffer.o(i.CircBuf_GetUsedSize)
    i.CircBuf_Init                           0x080002bc   Section        0  circular_buffer.o(i.CircBuf_Init)
    i.CircBuf_IsEmpty                        0x080002f8   Section        0  circular_buffer.o(i.CircBuf_IsEmpty)
    i.CircBuf_Pop                            0x0800030e   Section        0  circular_buffer.o(i.CircBuf_Pop)
    i.CircBuf_Push                           0x0800037a   Section        0  circular_buffer.o(i.CircBuf_Push)
    i.DMA0_Channel0_IRQHandler               0x080003f0   Section        0  adc.o(i.DMA0_Channel0_IRQHandler)
    i.DMA0_Channel1_IRQHandler               0x08000414   Section        0  uart.o(i.DMA0_Channel1_IRQHandler)
    i.DMA0_Channel2_IRQHandler               0x0800043c   Section        0  uart.o(i.DMA0_Channel2_IRQHandler)
    i.DMA0_Channel3_IRQHandler               0x0800045c   Section        0  uart.o(i.DMA0_Channel3_IRQHandler)
    i.DMA0_Channel4_IRQHandler               0x08000484   Section        0  uart.o(i.DMA0_Channel4_IRQHandler)
    i.DMA0_Channel5_IRQHandler               0x080004a4   Section        0  uart.o(i.DMA0_Channel5_IRQHandler)
    i.DMA0_Channel6_IRQHandler               0x080004c4   Section        0  uart.o(i.DMA0_Channel6_IRQHandler)
    i.DebugMon_Handler                       0x080004ec   Section        0  gd32e10x_it.o(i.DebugMon_Handler)
    i.HardFault_Handler                      0x080004ee   Section        0  gd32e10x_it.o(i.HardFault_Handler)
    i.IsPowerOf2                             0x080004f2   Section        0  circular_buffer.o(i.IsPowerOf2)
    i.MemManage_Handler                      0x08000522   Section        0  gd32e10x_it.o(i.MemManage_Handler)
    i.NMI_Handler                            0x08000526   Section        0  gd32e10x_it.o(i.NMI_Handler)
    i.NVIC_SetPriority                       0x08000528   Section        0  systick.o(i.NVIC_SetPriority)
    NVIC_SetPriority                         0x08000529   Thumb Code    32  systick.o(i.NVIC_SetPriority)
    i.PendSV_Handler                         0x08000550   Section        0  gd32e10x_it.o(i.PendSV_Handler)
    i.RoundDown_PowerOf2                     0x08000552   Section        0  circular_buffer.o(i.RoundDown_PowerOf2)
    i.SVC_Handler                            0x0800058a   Section        0  gd32e10x_it.o(i.SVC_Handler)
    i.SysTick_Handler                        0x0800058c   Section        0  gd32e10x_it.o(i.SysTick_Handler)
    i.SystemInit                             0x08000594   Section        0  system_gd32e10x.o(i.SystemInit)
    i.TIMER2_IRQHandler                      0x080005ec   Section        0  gd32e10x_it.o(i.TIMER2_IRQHandler)
    i.TIMER2_IRQHandler_lib                  0x080005f4   Section        0  gd32e10x_it.o(i.TIMER2_IRQHandler_lib)
    i.TIMER3_IRQHandler                      0x080005fc   Section        0  main.o(i.TIMER3_IRQHandler)
    i.USART0_GetDataCount                    0x08000618   Section        0  uart.o(i.USART0_GetDataCount)
    i.USART0_IRQHandler                      0x08000628   Section        0  uart.o(i.USART0_IRQHandler)
    i.USART0_Recv                            0x08000694   Section        0  uart.o(i.USART0_Recv)
    i.USART1_GetDataCount                    0x080006b4   Section        0  uart.o(i.USART1_GetDataCount)
    i.USART1_IRQHandler                      0x080006c4   Section        0  uart.o(i.USART1_IRQHandler)
    i.USART1_Recv                            0x08000730   Section        0  uart.o(i.USART1_Recv)
    i.USART2_GetDataCount                    0x08000750   Section        0  uart.o(i.USART2_GetDataCount)
    i.USART2_IRQHandler                      0x08000760   Section        0  uart.o(i.USART2_IRQHandler)
    i.USART2_Recv                            0x080007cc   Section        0  uart.o(i.USART2_Recv)
    i.USBFS_IRQHandler                       0x080007ec   Section        0  gd32e10x_it.o(i.USBFS_IRQHandler)
    i.USBFS_IRQHandler_lib                   0x080007f4   Section        0  gd32e10x_it.o(i.USBFS_IRQHandler_lib)
    i.USBFS_WKUP_IRQHandler                  0x08000804   Section        0  gd32e10x_it.o(i.USBFS_WKUP_IRQHandler)
    i.USBFS_WKUP_IRQHandler_lib              0x0800080c   Section        0  gd32e10x_it.o(i.USBFS_WKUP_IRQHandler_lib)
    i.UsageFault_Handler                     0x08000844   Section        0  gd32e10x_it.o(i.UsageFault_Handler)
    i.__scatterload_copy                     0x08000848   Section       14  handlers.o(i.__scatterload_copy)
    i.__scatterload_null                     0x08000856   Section        2  handlers.o(i.__scatterload_null)
    i.__scatterload_zeroinit                 0x08000858   Section       14  handlers.o(i.__scatterload_zeroinit)
    i._usb_bos_desc_get                      0x08000866   Section        0  usbd_enum.o(i._usb_bos_desc_get)
    _usb_bos_desc_get                        0x08000867   Thumb Code    20  usbd_enum.o(i._usb_bos_desc_get)
    i._usb_config_desc_get                   0x0800087a   Section        0  usbd_enum.o(i._usb_config_desc_get)
    _usb_config_desc_get                     0x0800087b   Thumb Code    34  usbd_enum.o(i._usb_config_desc_get)
    i._usb_dev_desc_get                      0x0800089c   Section        0  usbd_enum.o(i._usb_dev_desc_get)
    _usb_dev_desc_get                        0x0800089d   Thumb Code    20  usbd_enum.o(i._usb_dev_desc_get)
    i._usb_std_clearfeature                  0x080008b0   Section        0  usbd_enum.o(i._usb_std_clearfeature)
    _usb_std_clearfeature                    0x080008b1   Thumb Code   116  usbd_enum.o(i._usb_std_clearfeature)
    i._usb_std_getconfiguration              0x08000924   Section        0  usbd_enum.o(i._usb_std_getconfiguration)
    _usb_std_getconfiguration                0x08000925   Thumb Code    64  usbd_enum.o(i._usb_std_getconfiguration)
    i._usb_std_getdescriptor                 0x08000964   Section        0  usbd_enum.o(i._usb_std_getdescriptor)
    _usb_std_getdescriptor                   0x08000965   Thumb Code   266  usbd_enum.o(i._usb_std_getdescriptor)
    i._usb_std_getinterface                  0x08000a74   Section        0  usbd_enum.o(i._usb_std_getinterface)
    _usb_std_getinterface                    0x08000a75   Thumb Code    60  usbd_enum.o(i._usb_std_getinterface)
    i._usb_std_getstatus                     0x08000ab0   Section        0  usbd_enum.o(i._usb_std_getstatus)
    _usb_std_getstatus                       0x08000ab1   Thumb Code   192  usbd_enum.o(i._usb_std_getstatus)
    i._usb_std_reserved                      0x08000b74   Section        0  usbd_enum.o(i._usb_std_reserved)
    _usb_std_reserved                        0x08000b75   Thumb Code     6  usbd_enum.o(i._usb_std_reserved)
    i._usb_std_setaddress                    0x08000b7a   Section        0  usbd_enum.o(i._usb_std_setaddress)
    _usb_std_setaddress                      0x08000b7b   Thumb Code    92  usbd_enum.o(i._usb_std_setaddress)
    i._usb_std_setconfiguration              0x08000bd8   Section        0  usbd_enum.o(i._usb_std_setconfiguration)
    _usb_std_setconfiguration                0x08000bd9   Thumb Code   176  usbd_enum.o(i._usb_std_setconfiguration)
    i._usb_std_setdescriptor                 0x08000c8c   Section        0  usbd_enum.o(i._usb_std_setdescriptor)
    _usb_std_setdescriptor                   0x08000c8d   Thumb Code     6  usbd_enum.o(i._usb_std_setdescriptor)
    i._usb_std_setfeature                    0x08000c92   Section        0  usbd_enum.o(i._usb_std_setfeature)
    _usb_std_setfeature                      0x08000c93   Thumb Code   104  usbd_enum.o(i._usb_std_setfeature)
    i._usb_std_setinterface                  0x08000cfa   Section        0  usbd_enum.o(i._usb_std_setinterface)
    _usb_std_setinterface                    0x08000cfb   Thumb Code    68  usbd_enum.o(i._usb_std_setinterface)
    i._usb_std_synchframe                    0x08000d3e   Section        0  usbd_enum.o(i._usb_std_synchframe)
    _usb_std_synchframe                      0x08000d3f   Thumb Code     6  usbd_enum.o(i._usb_std_synchframe)
    i._usb_str_desc_get                      0x08000d44   Section        0  usbd_enum.o(i._usb_str_desc_get)
    _usb_str_desc_get                        0x08000d45   Thumb Code    20  usbd_enum.o(i._usb_str_desc_get)
    i.can_message_receive                    0x08000d58   Section        0  gd32e10x_can.o(i.can_message_receive)
    i.cdc_acm_deinit                         0x08000f1c   Section        0  cdc_acm_core.o(i.cdc_acm_deinit)
    cdc_acm_deinit                           0x08000f1d   Thumb Code    34  cdc_acm_core.o(i.cdc_acm_deinit)
    i.cdc_acm_in                             0x08000f3e   Section        0  cdc_acm_core.o(i.cdc_acm_in)
    cdc_acm_in                               0x08000f3f   Thumb Code    70  cdc_acm_core.o(i.cdc_acm_in)
    i.cdc_acm_init                           0x08000f84   Section        0  cdc_acm_core.o(i.cdc_acm_init)
    cdc_acm_init                             0x08000f85   Thumb Code    84  cdc_acm_core.o(i.cdc_acm_init)
    i.cdc_acm_out                            0x08000fe4   Section        0  cdc_acm_core.o(i.cdc_acm_out)
    cdc_acm_out                              0x08000fe5   Thumb Code    32  cdc_acm_core.o(i.cdc_acm_out)
    i.cdc_acm_req                            0x08001004   Section        0  cdc_acm_core.o(i.cdc_acm_req)
    cdc_acm_req                              0x08001005   Thumb Code   176  cdc_acm_core.o(i.cdc_acm_req)
    i.cdc_ctlx_out                           0x080010b4   Section        0  cdc_acm_core.o(i.cdc_ctlx_out)
    cdc_ctlx_out                             0x080010b5   Thumb Code    82  cdc_acm_core.o(i.cdc_ctlx_out)
    i.delay_1ms                              0x08001108   Section        0  systick.o(i.delay_1ms)
    i.delay_decrement                        0x0800111c   Section        0  systick.o(i.delay_decrement)
    i.dma0_ch1_usart2_tx_init                0x08001134   Section        0  uart.o(i.dma0_ch1_usart2_tx_init)
    i.dma0_ch2_usart2_rx_init                0x080011b4   Section        0  uart.o(i.dma0_ch2_usart2_rx_init)
    i.dma0_ch3_usart0_tx_init                0x0800123c   Section        0  uart.o(i.dma0_ch3_usart0_tx_init)
    i.dma0_ch4_usart0_rx_init                0x080012bc   Section        0  uart.o(i.dma0_ch4_usart0_rx_init)
    i.dma0_ch5_usart1_rx_init                0x0800133c   Section        0  uart.o(i.dma0_ch5_usart1_rx_init)
    i.dma0_ch6_usart1_tx_init                0x080013c4   Section        0  uart.o(i.dma0_ch6_usart1_tx_init)
    i.dma_channel_disable                    0x08001444   Section        0  gd32e10x_dma.o(i.dma_channel_disable)
    i.dma_channel_enable                     0x08001476   Section        0  gd32e10x_dma.o(i.dma_channel_enable)
    i.dma_circulation_disable                0x080014a8   Section        0  gd32e10x_dma.o(i.dma_circulation_disable)
    i.dma_deinit                             0x080014da   Section        0  gd32e10x_dma.o(i.dma_deinit)
    i.dma_init                               0x0800154a   Section        0  gd32e10x_dma.o(i.dma_init)
    i.dma_interrupt_enable                   0x08001678   Section        0  gd32e10x_dma.o(i.dma_interrupt_enable)
    i.dma_interrupt_flag_clear               0x080016aa   Section        0  gd32e10x_dma.o(i.dma_interrupt_flag_clear)
    i.dma_interrupt_flag_get                 0x080016ba   Section        0  gd32e10x_dma.o(i.dma_interrupt_flag_get)
    i.dma_memory_to_memory_disable           0x0800173c   Section        0  gd32e10x_dma.o(i.dma_memory_to_memory_disable)
    i.dma_periph_and_channel_check           0x08001770   Section        0  gd32e10x_dma.o(i.dma_periph_and_channel_check)
    dma_periph_and_channel_check             0x08001771   Thumb Code    18  gd32e10x_dma.o(i.dma_periph_and_channel_check)
    i.dma_struct_para_init                   0x08001788   Section        0  gd32e10x_dma.o(i.dma_struct_para_init)
    i.dma_transfer_number_config             0x080017a4   Section        0  gd32e10x_dma.o(i.dma_transfer_number_config)
    i.dma_transfer_number_get                0x080017ca   Section        0  gd32e10x_dma.o(i.dma_transfer_number_get)
    i.exti_init                              0x080017ec   Section        0  gd32e10x_exti.o(i.exti_init)
    i.exti_interrupt_enable                  0x080018a4   Section        0  gd32e10x_exti.o(i.exti_interrupt_enable)
    i.exti_interrupt_flag_clear              0x080018b4   Section        0  gd32e10x_exti.o(i.exti_interrupt_flag_clear)
    i.gd_eval_com_init                       0x080018c0   Section        0  uart.o(i.gd_eval_com_init)
    i.gpio_bit_reset                         0x08001970   Section        0  gd32e10x_gpio.o(i.gpio_bit_reset)
    i.gpio_bit_set                           0x08001974   Section        0  gd32e10x_gpio.o(i.gpio_bit_set)
    i.gpio_init                              0x08001978   Section        0  gd32e10x_gpio.o(i.gpio_init)
    i.gpio_pin_remap_config                  0x08001a34   Section        0  gd32e10x_gpio.o(i.gpio_pin_remap_config)
    i.hw_delay                               0x08001ac4   Section        0  gd32e10x_hw.o(i.hw_delay)
    hw_delay                                 0x08001ac5   Thumb Code    34  gd32e10x_hw.o(i.hw_delay)
    i.hw_time_set                            0x08001af0   Section        0  gd32e10x_hw.o(i.hw_time_set)
    hw_time_set                              0x08001af1   Thumb Code   102  gd32e10x_hw.o(i.hw_time_set)
    i.int_to_unicode                         0x08001b60   Section        0  usbd_enum.o(i.int_to_unicode)
    i.led_init                               0x08001b9c   Section        0  led.o(i.led_init)
    i.main                                   0x08001bd0   Section        0  main.o(i.main)
    i.malloc                                 0x08001df4   Section        0  malloc.o(i.malloc)
    i.nvic_config                            0x08001e60   Section        0  uart.o(i.nvic_config)
    i.nvic_irq_enable                        0x08001ee4   Section        0  gd32e10x_misc.o(i.nvic_irq_enable)
    i.nvic_priority_group_set                0x08001f90   Section        0  gd32e10x_misc.o(i.nvic_priority_group_set)
    i.nvic_vector_table_set                  0x08001fa4   Section        0  gd32e10x_misc.o(i.nvic_vector_table_set)
    i.pmu_to_deepsleepmode                   0x08001fb8   Section        0  gd32e10x_pmu.o(i.pmu_to_deepsleepmode)
    i.rcu_clock_freq_get                     0x0800207c   Section        0  gd32e10x_rcu.o(i.rcu_clock_freq_get)
    i.rcu_periph_clock_enable                0x08002200   Section        0  gd32e10x_rcu.o(i.rcu_periph_clock_enable)
    i.rcu_periph_reset_disable               0x08002220   Section        0  gd32e10x_rcu.o(i.rcu_periph_reset_disable)
    i.rcu_periph_reset_enable                0x08002240   Section        0  gd32e10x_rcu.o(i.rcu_periph_reset_enable)
    i.rcu_usb_clock_config                   0x08002260   Section        0  gd32e10x_rcu.o(i.rcu_usb_clock_config)
    i.read_adc_value                         0x08002278   Section        0  adc.o(i.read_adc_value)
    i.serial_string_get                      0x080022f0   Section        0  usbd_enum.o(i.serial_string_get)
    i.system_clock_120m_hxtal                0x0800233c   Section        0  system_gd32e10x.o(i.system_clock_120m_hxtal)
    system_clock_120m_hxtal                  0x0800233d   Thumb Code   226  system_gd32e10x.o(i.system_clock_120m_hxtal)
    i.system_clock_config                    0x08002438   Section        0  system_gd32e10x.o(i.system_clock_config)
    system_clock_config                      0x08002439   Thumb Code     8  system_gd32e10x.o(i.system_clock_config)
    i.systick_config                         0x08002440   Section        0  systick.o(i.systick_config)
    i.timer_auto_reload_shadow_enable        0x08002490   Section        0  gd32e10x_timer.o(i.timer_auto_reload_shadow_enable)
    i.timer_disable                          0x0800249a   Section        0  gd32e10x_timer.o(i.timer_disable)
    i.timer_enable                           0x080024a4   Section        0  gd32e10x_timer.o(i.timer_enable)
    i.timer_init                             0x080024b0   Section        0  gd32e10x_timer.o(i.timer_init)
    i.timer_interrupt_disable                0x08002554   Section        0  gd32e10x_timer.o(i.timer_interrupt_disable)
    i.timer_interrupt_enable                 0x0800255c   Section        0  gd32e10x_timer.o(i.timer_interrupt_enable)
    i.timer_interrupt_flag_clear             0x08002564   Section        0  gd32e10x_timer.o(i.timer_interrupt_flag_clear)
    i.timer_interrupt_flag_get               0x0800256a   Section        0  gd32e10x_timer.o(i.timer_interrupt_flag_get)
    i.usart0_init                            0x08002584   Section        0  uart.o(i.usart0_init)
    i.usart0_rx_probe                        0x080025b8   Section        0  uart.o(i.usart0_rx_probe)
    i.usart1_init                            0x080025c8   Section        0  uart.o(i.usart1_init)
    i.usart1_rx_probe                        0x080025fc   Section        0  uart.o(i.usart1_rx_probe)
    i.usart2_init                            0x0800260c   Section        0  uart.o(i.usart2_init)
    i.usart2_rx_probe                        0x08002640   Section        0  uart.o(i.usart2_rx_probe)
    i.usart_baudrate_set                     0x08002650   Section        0  gd32e10x_usart.o(i.usart_baudrate_set)
    i.usart_deinit                           0x080026e0   Section        0  gd32e10x_usart.o(i.usart_deinit)
    i.usart_dma_receive_config               0x08002770   Section        0  gd32e10x_usart.o(i.usart_dma_receive_config)
    i.usart_enable                           0x08002780   Section        0  gd32e10x_usart.o(i.usart_enable)
    i.usart_interrupt_enable                 0x0800278a   Section        0  gd32e10x_usart.o(i.usart_interrupt_enable)
    i.usart_interrupt_flag_get               0x080027a4   Section        0  gd32e10x_usart.o(i.usart_interrupt_flag_get)
    i.usart_receive_config                   0x080027dc   Section        0  gd32e10x_usart.o(i.usart_receive_config)
    i.usart_transmit_config                  0x080027ec   Section        0  gd32e10x_usart.o(i.usart_transmit_config)
    i.usb_basic_init                         0x080027fc   Section        0  drv_usb_core.o(i.usb_basic_init)
    i.usb_clock_active                       0x080028d6   Section        0  drv_usb_dev.o(i.usb_clock_active)
    i.usb_core_init                          0x080028f8   Section        0  drv_usb_core.o(i.usb_core_init)
    i.usb_core_reset                         0x08002990   Section        0  drv_usb_core.o(i.usb_core_reset)
    usb_core_reset                           0x08002991   Thumb Code    38  drv_usb_core.o(i.usb_core_reset)
    i.usb_ctlep_startout                     0x080029b8   Section        0  drv_usb_dev.o(i.usb_ctlep_startout)
    i.usb_curmode_set                        0x080029c4   Section        0  drv_usb_core.o(i.usb_curmode_set)
    i.usb_devcore_init                       0x080029f4   Section        0  drv_usb_dev.o(i.usb_devcore_init)
    i.usb_devint_enable                      0x08002b44   Section        0  drv_usb_dev.o(i.usb_devint_enable)
    i.usb_iepintr_read                       0x08002b84   Section        0  drv_usb_dev.o(i.usb_iepintr_read)
    i.usb_init                               0x08002bb0   Section        0  app.o(i.usb_init)
    i.usb_intr_config                        0x08002bf0   Section        0  gd32e10x_hw.o(i.usb_intr_config)
    i.usb_mdelay                             0x08002c34   Section        0  gd32e10x_hw.o(i.usb_mdelay)
    i.usb_rcu_config                         0x08002c44   Section        0  gd32e10x_hw.o(i.usb_rcu_config)
    i.usb_rxfifo_flush                       0x08002ccc   Section        0  drv_usb_core.o(i.usb_rxfifo_flush)
    i.usb_rxfifo_read                        0x08002cee   Section        0  drv_usb_core.o(i.usb_rxfifo_read)
    i.usb_send_buffer                        0x08002d0c   Section        0  app.o(i.usb_send_buffer)
    i.usb_set_txfifo                         0x08002d22   Section        0  drv_usb_core.o(i.usb_set_txfifo)
    i.usb_timer_init                         0x08002d6a   Section        0  gd32e10x_hw.o(i.usb_timer_init)
    i.usb_timer_irq                          0x08002d88   Section        0  gd32e10x_hw.o(i.usb_timer_irq)
    i.usb_transc_active                      0x08002dc0   Section        0  drv_usb_dev.o(i.usb_transc_active)
    i.usb_transc_clrstall                    0x08002e58   Section        0  drv_usb_dev.o(i.usb_transc_clrstall)
    i.usb_transc_deactivate                  0x08002e9c   Section        0  drv_usb_dev.o(i.usb_transc_deactivate)
    i.usb_transc_inxfer                      0x08002f00   Section        0  drv_usb_dev.o(i.usb_transc_inxfer)
    i.usb_transc_outxfer                     0x08003006   Section        0  drv_usb_dev.o(i.usb_transc_outxfer)
    i.usb_transc_stall                       0x08003084   Section        0  drv_usb_dev.o(i.usb_transc_stall)
    i.usb_txfifo_flush                       0x080030c6   Section        0  drv_usb_core.o(i.usb_txfifo_flush)
    i.usb_txfifo_write                       0x080030ee   Section        0  drv_usb_core.o(i.usb_txfifo_write)
    i.usb_udelay                             0x08003110   Section        0  gd32e10x_hw.o(i.usb_udelay)
    i.usbd_class_request                     0x0800311e   Section        0  usbd_enum.o(i.usbd_class_request)
    i.usbd_connect                           0x08003144   Section        0  usbd_core.o(i.usbd_connect)
    i.usbd_ctl_recev                         0x08003160   Section        0  usbd_transc.o(i.usbd_ctl_recev)
    i.usbd_ctl_send                          0x0800318e   Section        0  usbd_transc.o(i.usbd_ctl_send)
    i.usbd_ctl_status_recev                  0x080031bc   Section        0  usbd_transc.o(i.usbd_ctl_status_recev)
    i.usbd_ctl_status_send                   0x080031dc   Section        0  usbd_transc.o(i.usbd_ctl_status_send)
    i.usbd_disconnect                        0x080031fc   Section        0  usbd_core.o(i.usbd_disconnect)
    i.usbd_emptytxfifo_write                 0x08003218   Section        0  drv_usbd_int.o(i.usbd_emptytxfifo_write)
    usbd_emptytxfifo_write                   0x08003219   Thumb Code   140  drv_usbd_int.o(i.usbd_emptytxfifo_write)
    i.usbd_enum_error                        0x080032a4   Section        0  usbd_enum.o(i.usbd_enum_error)
    i.usbd_ep_clear                          0x080032c2   Section        0  usbd_core.o(i.usbd_ep_clear)
    i.usbd_ep_recev                          0x080032f6   Section        0  usbd_core.o(i.usbd_ep_recev)
    i.usbd_ep_send                           0x0800332a   Section        0  usbd_core.o(i.usbd_ep_send)
    i.usbd_ep_setup                          0x08003360   Section        0  usbd_core.o(i.usbd_ep_setup)
    i.usbd_ep_stall                          0x080033d0   Section        0  usbd_core.o(i.usbd_ep_stall)
    i.usbd_ep_stall_clear                    0x0800340a   Section        0  usbd_core.o(i.usbd_ep_stall_clear)
    i.usbd_in_transc                         0x08003444   Section        0  usbd_transc.o(i.usbd_in_transc)
    i.usbd_init                              0x080034d6   Section        0  usbd_core.o(i.usbd_init)
    i.usbd_int_enumfinish                    0x08003554   Section        0  drv_usbd_int.o(i.usbd_int_enumfinish)
    usbd_int_enumfinish                      0x08003555   Thumb Code    98  drv_usbd_int.o(i.usbd_int_enumfinish)
    i.usbd_int_epin                          0x080035bc   Section        0  drv_usbd_int.o(i.usbd_int_epin)
    usbd_int_epin                            0x080035bd   Thumb Code   116  drv_usbd_int.o(i.usbd_int_epin)
    i.usbd_int_epout                         0x08003630   Section        0  drv_usbd_int.o(i.usbd_int_epout)
    usbd_int_epout                           0x08003631   Thumb Code   126  drv_usbd_int.o(i.usbd_int_epout)
    i.usbd_int_reset                         0x080036b0   Section        0  drv_usbd_int.o(i.usbd_int_reset)
    usbd_int_reset                           0x080036b1   Thumb Code   208  drv_usbd_int.o(i.usbd_int_reset)
    i.usbd_int_rxfifo                        0x08003788   Section        0  drv_usbd_int.o(i.usbd_int_rxfifo)
    usbd_int_rxfifo                          0x08003789   Thumb Code   178  drv_usbd_int.o(i.usbd_int_rxfifo)
    i.usbd_int_suspend                       0x0800383a   Section        0  drv_usbd_int.o(i.usbd_int_suspend)
    usbd_int_suspend                         0x0800383b   Thumb Code   102  drv_usbd_int.o(i.usbd_int_suspend)
    i.usbd_isr                               0x080038a0   Section        0  drv_usbd_int.o(i.usbd_isr)
    i.usbd_out_transc                        0x0800397e   Section        0  usbd_transc.o(i.usbd_out_transc)
    i.usbd_setup_transc                      0x080039f4   Section        0  usbd_transc.o(i.usbd_setup_transc)
    i.usbd_standard_request                  0x08003a78   Section        0  usbd_enum.o(i.usbd_standard_request)
    i.usbd_vendor_request                    0x08003a94   Section        0  usbd_enum.o(i.usbd_vendor_request)
    .constdata                               0x08003a9c   Section      192  gd32e10x_can.o(.constdata)
    timing_pts                               0x08003aa4   Data         184  gd32e10x_can.o(.constdata)
    .constdata                               0x08003b5c   Section        4  drv_usb_dev.o(.constdata)
    EP0_MAXLEN                               0x08003b5c   Data           4  drv_usb_dev.o(.constdata)
    .constdata                               0x08003b60   Section       52  drv_usbd_int.o(.constdata)
    USB_SPEED                                0x08003b60   Data           4  drv_usbd_int.o(.constdata)
    <Data1>                                  0x08003b64   Data          24  drv_usbd_int.o(.constdata)
    <Data2>                                  0x08003b7c   Data          24  drv_usbd_int.o(.constdata)
    .constdata                               0x08003b94   Section       16  usbd_core.o(.constdata)
    .constdata                               0x08003ba4   Section      375  cdc_acm_core.o(.constdata)
    usbd_language_id_desc                    0x08003bf9   Data           4  cdc_acm_core.o(.constdata)
    manufacturer_string                      0x08003bfd   Data         130  cdc_acm_core.o(.constdata)
    product_string                           0x08003c7f   Data         130  cdc_acm_core.o(.constdata)
    .data                                    0x20000000   Section        2  main.o(.data)
    led_flag_red                             0x20000001   Data           1  main.o(.data)
    .data                                    0x20000004   Section        4  systick.o(.data)
    delay                                    0x20000004   Data           4  systick.o(.data)
    .data                                    0x20000008   Section        4  system_gd32e10x.o(.data)
    .data                                    0x2000000c   Section       54  uart.o(.data)
    COM_CLK                                  0x20000010   Data           6  uart.o(.data)
    COM_TX_PIN                               0x20000018   Data          12  uart.o(.data)
    COM_RX_PIN                               0x20000024   Data          12  uart.o(.data)
    COM_GPIO_PORT                            0x20000030   Data          12  uart.o(.data)
    COM_GPIO_CLK                             0x2000003c   Data           6  uart.o(.data)
    .data                                    0x20000044   Section        4  app.o(.data)
    .data                                    0x20000048   Section       12  gd32e10x_hw.o(.data)
    .data                                    0x20000054   Section        8  drv_usb_dev.o(.data)
    USBFS_TX_FIFO_SIZE                       0x20000054   Data           8  drv_usb_dev.o(.data)
    .data                                    0x2000005c   Section      196  cdc_acm_core.o(.data)
    serial_string                            0x2000005c   Data         130  cdc_acm_core.o(.data)
    .data                                    0x20000120   Section       67  usbd_enum.o(.data)
    _std_dev_req                             0x20000120   Data          52  usbd_enum.o(.data)
    std_desc_get                             0x20000154   Data          12  usbd_enum.o(.data)
    status                                   0x20000160   Data           2  usbd_enum.o(.data)
    config                                   0x20000162   Data           1  usbd_enum.o(.data)
    .data                                    0x20000164   Section        4  mvars.o(.data)
    .data                                    0x20000168   Section        4  mvars.o(.data)
    .bss                                     0x2000016c   Section     5558  main.o(.bss)
    .bss                                     0x20001724   Section       16  gd32e10x_pmu.o(.bss)
    reg_snap                                 0x20001724   Data          16  gd32e10x_pmu.o(.bss)
    .bss                                     0x20001734   Section       48  adc.o(.bss)
    .bss                                     0x20001764   Section    11748  uart.o(.bss)
    .bss                                     0x20004548   Section       88  cdc_acm_core.o(.bss)
    cdc_handler                              0x20004548   Data          88  cdc_acm_core.o(.bss)
    HEAP                                     0x200045a0   Section     1024  startup_gd32e10x.o(HEAP)
    STACK                                    0x200049a0   Section     1024  startup_gd32e10x.o(STACK)

    Global Symbols

    Symbol Name                              Value     Ov Type        Size  Object(Section)

    BuildAttributes$$THM_ISAv4$E$P$D$K$B$S$7EM$VFPi3$EXTD16$VFPS$VFMA$PE$A:L22UL41UL21$X:L11$S22US41US21$IEEE1$IW$USESV6$~STKCKD$USESV7$~SHL$OSPACE$EBA8$MICROLIB$REQ8$PRES8$EABIv2 0x00000000   Number         0  anon$$obj.o ABSOLUTE
    __ARM_use_no_argv                        0x00000000   Number         0  main.o ABSOLUTE
    __arm_fini_                               - Undefined Weak Reference
    __cpp_initialize__aeabi_                  - Undefined Weak Reference
    __cxa_finalize                            - Undefined Weak Reference
    _clock_init                               - Undefined Weak Reference
    _microlib_exit                            - Undefined Weak Reference
    __Vectors_Size                           0x00000150   Number         0  startup_gd32e10x.o ABSOLUTE
    __Vectors                                0x08000000   Data           4  startup_gd32e10x.o(RESET)
    __Vectors_End                            0x08000150   Data           0  startup_gd32e10x.o(RESET)
    __main                                   0x08000151   Thumb Code     0  entry.o(.ARM.Collect$$$$00000000)
    _main_stk                                0x08000151   Thumb Code     0  entry2.o(.ARM.Collect$$$$00000001)
    _main_scatterload                        0x08000155   Thumb Code     0  entry5.o(.ARM.Collect$$$$00000004)
    __main_after_scatterload                 0x08000159   Thumb Code     0  entry5.o(.ARM.Collect$$$$00000004)
    _main_clock                              0x08000159   Thumb Code     0  entry7b.o(.ARM.Collect$$$$00000008)
    _main_cpp_init                           0x08000159   Thumb Code     0  entry8b.o(.ARM.Collect$$$$0000000A)
    _main_init                               0x08000159   Thumb Code     0  entry9a.o(.ARM.Collect$$$$0000000B)
    __rt_lib_shutdown_fini                   0x08000161   Thumb Code     0  entry12b.o(.ARM.Collect$$$$0000000E)
    __rt_final_cpp                           0x08000165   Thumb Code     0  entry10a.o(.ARM.Collect$$$$0000000F)
    __rt_final_exit                          0x08000165   Thumb Code     0  entry11a.o(.ARM.Collect$$$$00000011)
    Reset_Handler                            0x08000169   Thumb Code     8  startup_gd32e10x.o(.text)
    ADC0_1_IRQHandler                        0x08000183   Thumb Code     0  startup_gd32e10x.o(.text)
    CAN0_EWMC_IRQHandler                     0x08000183   Thumb Code     0  startup_gd32e10x.o(.text)
    CAN0_RX1_IRQHandler                      0x08000183   Thumb Code     0  startup_gd32e10x.o(.text)
    CAN0_TX_IRQHandler                       0x08000183   Thumb Code     0  startup_gd32e10x.o(.text)
    CAN1_EWMC_IRQHandler                     0x08000183   Thumb Code     0  startup_gd32e10x.o(.text)
    CAN1_RX0_IRQHandler                      0x08000183   Thumb Code     0  startup_gd32e10x.o(.text)
    CAN1_RX1_IRQHandler                      0x08000183   Thumb Code     0  startup_gd32e10x.o(.text)
    CAN1_TX_IRQHandler                       0x08000183   Thumb Code     0  startup_gd32e10x.o(.text)
    DMA1_Channel0_IRQHandler                 0x08000183   Thumb Code     0  startup_gd32e10x.o(.text)
    DMA1_Channel1_IRQHandler                 0x08000183   Thumb Code     0  startup_gd32e10x.o(.text)
    DMA1_Channel2_IRQHandler                 0x08000183   Thumb Code     0  startup_gd32e10x.o(.text)
    DMA1_Channel3_IRQHandler                 0x08000183   Thumb Code     0  startup_gd32e10x.o(.text)
    DMA1_Channel4_IRQHandler                 0x08000183   Thumb Code     0  startup_gd32e10x.o(.text)
    EXMC_IRQHandler                          0x08000183   Thumb Code     0  startup_gd32e10x.o(.text)
    EXTI0_IRQHandler                         0x08000183   Thumb Code     0  startup_gd32e10x.o(.text)
    EXTI10_15_IRQHandler                     0x08000183   Thumb Code     0  startup_gd32e10x.o(.text)
    EXTI1_IRQHandler                         0x08000183   Thumb Code     0  startup_gd32e10x.o(.text)
    EXTI2_IRQHandler                         0x08000183   Thumb Code     0  startup_gd32e10x.o(.text)
    EXTI3_IRQHandler                         0x08000183   Thumb Code     0  startup_gd32e10x.o(.text)
    EXTI4_IRQHandler                         0x08000183   Thumb Code     0  startup_gd32e10x.o(.text)
    EXTI5_9_IRQHandler                       0x08000183   Thumb Code     0  startup_gd32e10x.o(.text)
    FMC_IRQHandler                           0x08000183   Thumb Code     0  startup_gd32e10x.o(.text)
    I2C0_ER_IRQHandler                       0x08000183   Thumb Code     0  startup_gd32e10x.o(.text)
    I2C0_EV_IRQHandler                       0x08000183   Thumb Code     0  startup_gd32e10x.o(.text)
    I2C1_ER_IRQHandler                       0x08000183   Thumb Code     0  startup_gd32e10x.o(.text)
    I2C1_EV_IRQHandler                       0x08000183   Thumb Code     0  startup_gd32e10x.o(.text)
    LVD_IRQHandler                           0x08000183   Thumb Code     0  startup_gd32e10x.o(.text)
    RCU_CTC_IRQHandler                       0x08000183   Thumb Code     0  startup_gd32e10x.o(.text)
    RTC_Alarm_IRQHandler                     0x08000183   Thumb Code     0  startup_gd32e10x.o(.text)
    RTC_IRQHandler                           0x08000183   Thumb Code     0  startup_gd32e10x.o(.text)
    SPI0_IRQHandler                          0x08000183   Thumb Code     0  startup_gd32e10x.o(.text)
    SPI1_IRQHandler                          0x08000183   Thumb Code     0  startup_gd32e10x.o(.text)
    SPI2_IRQHandler                          0x08000183   Thumb Code     0  startup_gd32e10x.o(.text)
    TAMPER_IRQHandler                        0x08000183   Thumb Code     0  startup_gd32e10x.o(.text)
    TIMER0_BRK_TIMER8_IRQHandler             0x08000183   Thumb Code     0  startup_gd32e10x.o(.text)
    TIMER0_Channel_IRQHandler                0x08000183   Thumb Code     0  startup_gd32e10x.o(.text)
    TIMER0_TRG_CMT_TIMER10_IRQHandler        0x08000183   Thumb Code     0  startup_gd32e10x.o(.text)
    TIMER0_UP_TIMER9_IRQHandler              0x08000183   Thumb Code     0  startup_gd32e10x.o(.text)
    TIMER1_IRQHandler                        0x08000183   Thumb Code     0  startup_gd32e10x.o(.text)
    TIMER4_IRQHandler                        0x08000183   Thumb Code     0  startup_gd32e10x.o(.text)
    TIMER5_IRQHandler                        0x08000183   Thumb Code     0  startup_gd32e10x.o(.text)
    TIMER6_IRQHandler                        0x08000183   Thumb Code     0  startup_gd32e10x.o(.text)
    TIMER7_BRK_TIMER11_IRQHandler            0x08000183   Thumb Code     0  startup_gd32e10x.o(.text)
    TIMER7_Channel_IRQHandler                0x08000183   Thumb Code     0  startup_gd32e10x.o(.text)
    TIMER7_TRG_CMT_TIMER13_IRQHandler        0x08000183   Thumb Code     0  startup_gd32e10x.o(.text)
    TIMER7_UP_TIMER12_IRQHandler             0x08000183   Thumb Code     0  startup_gd32e10x.o(.text)
    UART3_IRQHandler                         0x08000183   Thumb Code     0  startup_gd32e10x.o(.text)
    UART4_IRQHandler                         0x08000183   Thumb Code     0  startup_gd32e10x.o(.text)
    WWDGT_IRQHandler                         0x08000183   Thumb Code     0  startup_gd32e10x.o(.text)
    __aeabi_memcpy                           0x0800018d   Thumb Code    36  memcpya.o(.text)
    __aeabi_memcpy4                          0x0800018d   Thumb Code     0  memcpya.o(.text)
    __aeabi_memcpy8                          0x0800018d   Thumb Code     0  memcpya.o(.text)
    __aeabi_memset                           0x080001b1   Thumb Code    14  memseta.o(.text)
    __aeabi_memset4                          0x080001b1   Thumb Code     0  memseta.o(.text)
    __aeabi_memset8                          0x080001b1   Thumb Code     0  memseta.o(.text)
    __aeabi_memclr                           0x080001bf   Thumb Code     4  memseta.o(.text)
    __aeabi_memclr4                          0x080001bf   Thumb Code     0  memseta.o(.text)
    __aeabi_memclr8                          0x080001bf   Thumb Code     0  memseta.o(.text)
    _memset$wrapper                          0x080001c3   Thumb Code    18  memseta.o(.text)
    calloc                                   0x080001d5   Thumb Code    28  calloc.o(.text)
    __scatterload                            0x080001f1   Thumb Code    28  init.o(.text)
    __scatterload_rt2                        0x080001f1   Thumb Code     0  init.o(.text)
    __decompress                             0x08000215   Thumb Code     0  __dczerorl2.o(.text)
    __decompress1                            0x08000215   Thumb Code    86  __dczerorl2.o(.text)
    BusFault_Handler                         0x0800026b   Thumb Code     4  gd32e10x_it.o(i.BusFault_Handler)
    CAN0_RX0_IRQHandler                      0x08000271   Thumb Code    30  main.o(i.CAN0_RX0_IRQHandler)
    CalChecksum                              0x08000299   Thumb Code    26  main.o(i.CalChecksum)
    CircBuf_GetUsedSize                      0x080002b3   Thumb Code    10  circular_buffer.o(i.CircBuf_GetUsedSize)
    CircBuf_Init                             0x080002bd   Thumb Code    60  circular_buffer.o(i.CircBuf_Init)
    CircBuf_IsEmpty                          0x080002f9   Thumb Code    22  circular_buffer.o(i.CircBuf_IsEmpty)
    CircBuf_Pop                              0x0800030f   Thumb Code   108  circular_buffer.o(i.CircBuf_Pop)
    CircBuf_Push                             0x0800037b   Thumb Code   116  circular_buffer.o(i.CircBuf_Push)
    DMA0_Channel0_IRQHandler                 0x080003f1   Thumb Code    30  adc.o(i.DMA0_Channel0_IRQHandler)
    DMA0_Channel1_IRQHandler                 0x08000415   Thumb Code    32  uart.o(i.DMA0_Channel1_IRQHandler)
    DMA0_Channel2_IRQHandler                 0x0800043d   Thumb Code    26  uart.o(i.DMA0_Channel2_IRQHandler)
    DMA0_Channel3_IRQHandler                 0x0800045d   Thumb Code    32  uart.o(i.DMA0_Channel3_IRQHandler)
    DMA0_Channel4_IRQHandler                 0x08000485   Thumb Code    26  uart.o(i.DMA0_Channel4_IRQHandler)
    DMA0_Channel5_IRQHandler                 0x080004a5   Thumb Code    26  uart.o(i.DMA0_Channel5_IRQHandler)
    DMA0_Channel6_IRQHandler                 0x080004c5   Thumb Code    32  uart.o(i.DMA0_Channel6_IRQHandler)
    DebugMon_Handler                         0x080004ed   Thumb Code     2  gd32e10x_it.o(i.DebugMon_Handler)
    HardFault_Handler                        0x080004ef   Thumb Code     4  gd32e10x_it.o(i.HardFault_Handler)
    IsPowerOf2                               0x080004f3   Thumb Code    48  circular_buffer.o(i.IsPowerOf2)
    MemManage_Handler                        0x08000523   Thumb Code     4  gd32e10x_it.o(i.MemManage_Handler)
    NMI_Handler                              0x08000527   Thumb Code     2  gd32e10x_it.o(i.NMI_Handler)
    PendSV_Handler                           0x08000551   Thumb Code     2  gd32e10x_it.o(i.PendSV_Handler)
    RoundDown_PowerOf2                       0x08000553   Thumb Code    56  circular_buffer.o(i.RoundDown_PowerOf2)
    SVC_Handler                              0x0800058b   Thumb Code     2  gd32e10x_it.o(i.SVC_Handler)
    SysTick_Handler                          0x0800058d   Thumb Code     8  gd32e10x_it.o(i.SysTick_Handler)
    SystemInit                               0x08000595   Thumb Code    76  system_gd32e10x.o(i.SystemInit)
    TIMER2_IRQHandler                        0x080005ed   Thumb Code     8  gd32e10x_it.o(i.TIMER2_IRQHandler)
    TIMER2_IRQHandler_lib                    0x080005f5   Thumb Code     8  gd32e10x_it.o(i.TIMER2_IRQHandler_lib)
    TIMER3_IRQHandler                        0x080005fd   Thumb Code    24  main.o(i.TIMER3_IRQHandler)
    USART0_GetDataCount                      0x08000619   Thumb Code    10  uart.o(i.USART0_GetDataCount)
    USART0_IRQHandler                        0x08000629   Thumb Code    86  uart.o(i.USART0_IRQHandler)
    USART0_Recv                              0x08000695   Thumb Code    26  uart.o(i.USART0_Recv)
    USART1_GetDataCount                      0x080006b5   Thumb Code    10  uart.o(i.USART1_GetDataCount)
    USART1_IRQHandler                        0x080006c5   Thumb Code    86  uart.o(i.USART1_IRQHandler)
    USART1_Recv                              0x08000731   Thumb Code    26  uart.o(i.USART1_Recv)
    USART2_GetDataCount                      0x08000751   Thumb Code    10  uart.o(i.USART2_GetDataCount)
    USART2_IRQHandler                        0x08000761   Thumb Code    86  uart.o(i.USART2_IRQHandler)
    USART2_Recv                              0x080007cd   Thumb Code    26  uart.o(i.USART2_Recv)
    USBFS_IRQHandler                         0x080007ed   Thumb Code     8  gd32e10x_it.o(i.USBFS_IRQHandler)
    USBFS_IRQHandler_lib                     0x080007f5   Thumb Code    12  gd32e10x_it.o(i.USBFS_IRQHandler_lib)
    USBFS_WKUP_IRQHandler                    0x08000805   Thumb Code     8  gd32e10x_it.o(i.USBFS_WKUP_IRQHandler)
    USBFS_WKUP_IRQHandler_lib                0x0800080d   Thumb Code    48  gd32e10x_it.o(i.USBFS_WKUP_IRQHandler_lib)
    UsageFault_Handler                       0x08000845   Thumb Code     4  gd32e10x_it.o(i.UsageFault_Handler)
    __scatterload_copy                       0x08000849   Thumb Code    14  handlers.o(i.__scatterload_copy)
    __scatterload_null                       0x08000857   Thumb Code     2  handlers.o(i.__scatterload_null)
    __scatterload_zeroinit                   0x08000859   Thumb Code    14  handlers.o(i.__scatterload_zeroinit)
    can_message_receive                      0x08000d59   Thumb Code   448  gd32e10x_can.o(i.can_message_receive)
    delay_1ms                                0x08001109   Thumb Code    16  systick.o(i.delay_1ms)
    delay_decrement                          0x0800111d   Thumb Code    18  systick.o(i.delay_decrement)
    dma0_ch1_usart2_tx_init                  0x08001135   Thumb Code   114  uart.o(i.dma0_ch1_usart2_tx_init)
    dma0_ch2_usart2_rx_init                  0x080011b5   Thumb Code   122  uart.o(i.dma0_ch2_usart2_rx_init)
    dma0_ch3_usart0_tx_init                  0x0800123d   Thumb Code   114  uart.o(i.dma0_ch3_usart0_tx_init)
    dma0_ch4_usart0_rx_init                  0x080012bd   Thumb Code   114  uart.o(i.dma0_ch4_usart0_rx_init)
    dma0_ch5_usart1_rx_init                  0x0800133d   Thumb Code   122  uart.o(i.dma0_ch5_usart1_rx_init)
    dma0_ch6_usart1_tx_init                  0x080013c5   Thumb Code   114  uart.o(i.dma0_ch6_usart1_tx_init)
    dma_channel_disable                      0x08001445   Thumb Code    50  gd32e10x_dma.o(i.dma_channel_disable)
    dma_channel_enable                       0x08001477   Thumb Code    50  gd32e10x_dma.o(i.dma_channel_enable)
    dma_circulation_disable                  0x080014a9   Thumb Code    50  gd32e10x_dma.o(i.dma_circulation_disable)
    dma_deinit                               0x080014db   Thumb Code   112  gd32e10x_dma.o(i.dma_deinit)
    dma_init                                 0x0800154b   Thumb Code   302  gd32e10x_dma.o(i.dma_init)
    dma_interrupt_enable                     0x08001679   Thumb Code    50  gd32e10x_dma.o(i.dma_interrupt_enable)
    dma_interrupt_flag_clear                 0x080016ab   Thumb Code    16  gd32e10x_dma.o(i.dma_interrupt_flag_clear)
    dma_interrupt_flag_get                   0x080016bb   Thumb Code   130  gd32e10x_dma.o(i.dma_interrupt_flag_get)
    dma_memory_to_memory_disable             0x0800173d   Thumb Code    50  gd32e10x_dma.o(i.dma_memory_to_memory_disable)
    dma_struct_para_init                     0x08001789   Thumb Code    28  gd32e10x_dma.o(i.dma_struct_para_init)
    dma_transfer_number_config               0x080017a5   Thumb Code    38  gd32e10x_dma.o(i.dma_transfer_number_config)
    dma_transfer_number_get                  0x080017cb   Thumb Code    34  gd32e10x_dma.o(i.dma_transfer_number_get)
    exti_init                                0x080017ed   Thumb Code   178  gd32e10x_exti.o(i.exti_init)
    exti_interrupt_enable                    0x080018a5   Thumb Code    12  gd32e10x_exti.o(i.exti_interrupt_enable)
    exti_interrupt_flag_clear                0x080018b5   Thumb Code     6  gd32e10x_exti.o(i.exti_interrupt_flag_clear)
    gd_eval_com_init                         0x080018c1   Thumb Code   142  uart.o(i.gd_eval_com_init)
    gpio_bit_reset                           0x08001971   Thumb Code     4  gd32e10x_gpio.o(i.gpio_bit_reset)
    gpio_bit_set                             0x08001975   Thumb Code     4  gd32e10x_gpio.o(i.gpio_bit_set)
    gpio_init                                0x08001979   Thumb Code   188  gd32e10x_gpio.o(i.gpio_init)
    gpio_pin_remap_config                    0x08001a35   Thumb Code   138  gd32e10x_gpio.o(i.gpio_pin_remap_config)
    int_to_unicode                           0x08001b61   Thumb Code    60  usbd_enum.o(i.int_to_unicode)
    led_init                                 0x08001b9d   Thumb Code    42  led.o(i.led_init)
    main                                     0x08001bd1   Thumb Code   518  main.o(i.main)
    malloc                                   0x08001df5   Thumb Code    92  malloc.o(i.malloc)
    nvic_config                              0x08001e61   Thumb Code   118  uart.o(i.nvic_config)
    nvic_irq_enable                          0x08001ee5   Thumb Code   162  gd32e10x_misc.o(i.nvic_irq_enable)
    nvic_priority_group_set                  0x08001f91   Thumb Code    10  gd32e10x_misc.o(i.nvic_priority_group_set)
    nvic_vector_table_set                    0x08001fa5   Thumb Code    12  gd32e10x_misc.o(i.nvic_vector_table_set)
    pmu_to_deepsleepmode                     0x08001fb9   Thumb Code   170  gd32e10x_pmu.o(i.pmu_to_deepsleepmode)
    rcu_clock_freq_get                       0x0800207d   Thumb Code   352  gd32e10x_rcu.o(i.rcu_clock_freq_get)
    rcu_periph_clock_enable                  0x08002201   Thumb Code    28  gd32e10x_rcu.o(i.rcu_periph_clock_enable)
    rcu_periph_reset_disable                 0x08002221   Thumb Code    28  gd32e10x_rcu.o(i.rcu_periph_reset_disable)
    rcu_periph_reset_enable                  0x08002241   Thumb Code    28  gd32e10x_rcu.o(i.rcu_periph_reset_enable)
    rcu_usb_clock_config                     0x08002261   Thumb Code    18  gd32e10x_rcu.o(i.rcu_usb_clock_config)
    read_adc_value                           0x08002279   Thumb Code    98  adc.o(i.read_adc_value)
    serial_string_get                        0x080022f1   Thumb Code    66  usbd_enum.o(i.serial_string_get)
    systick_config                           0x08002441   Thumb Code    74  systick.o(i.systick_config)
    timer_auto_reload_shadow_enable          0x08002491   Thumb Code    10  gd32e10x_timer.o(i.timer_auto_reload_shadow_enable)
    timer_disable                            0x0800249b   Thumb Code    10  gd32e10x_timer.o(i.timer_disable)
    timer_enable                             0x080024a5   Thumb Code    10  gd32e10x_timer.o(i.timer_enable)
    timer_init                               0x080024b1   Thumb Code   134  gd32e10x_timer.o(i.timer_init)
    timer_interrupt_disable                  0x08002555   Thumb Code     8  gd32e10x_timer.o(i.timer_interrupt_disable)
    timer_interrupt_enable                   0x0800255d   Thumb Code     8  gd32e10x_timer.o(i.timer_interrupt_enable)
    timer_interrupt_flag_clear               0x08002565   Thumb Code     6  gd32e10x_timer.o(i.timer_interrupt_flag_clear)
    timer_interrupt_flag_get                 0x0800256b   Thumb Code    24  gd32e10x_timer.o(i.timer_interrupt_flag_get)
    usart0_init                              0x08002585   Thumb Code    40  uart.o(i.usart0_init)
    usart0_rx_probe                          0x080025b9   Thumb Code    10  uart.o(i.usart0_rx_probe)
    usart1_init                              0x080025c9   Thumb Code    40  uart.o(i.usart1_init)
    usart1_rx_probe                          0x080025fd   Thumb Code    10  uart.o(i.usart1_rx_probe)
    usart2_init                              0x0800260d   Thumb Code    40  uart.o(i.usart2_init)
    usart2_rx_probe                          0x08002641   Thumb Code    10  uart.o(i.usart2_rx_probe)
    usart_baudrate_set                       0x08002651   Thumb Code   136  gd32e10x_usart.o(i.usart_baudrate_set)
    usart_deinit                             0x080026e1   Thumb Code   136  gd32e10x_usart.o(i.usart_deinit)
    usart_dma_receive_config                 0x08002771   Thumb Code    16  gd32e10x_usart.o(i.usart_dma_receive_config)
    usart_enable                             0x08002781   Thumb Code    10  gd32e10x_usart.o(i.usart_enable)
    usart_interrupt_enable                   0x0800278b   Thumb Code    26  gd32e10x_usart.o(i.usart_interrupt_enable)
    usart_interrupt_flag_get                 0x080027a5   Thumb Code    56  gd32e10x_usart.o(i.usart_interrupt_flag_get)
    usart_receive_config                     0x080027dd   Thumb Code    16  gd32e10x_usart.o(i.usart_receive_config)
    usart_transmit_config                    0x080027ed   Thumb Code    16  gd32e10x_usart.o(i.usart_transmit_config)
    usb_basic_init                           0x080027fd   Thumb Code   218  drv_usb_core.o(i.usb_basic_init)
    usb_clock_active                         0x080028d7   Thumb Code    32  drv_usb_dev.o(i.usb_clock_active)
    usb_core_init                            0x080028f9   Thumb Code   146  drv_usb_core.o(i.usb_core_init)
    usb_ctlep_startout                       0x080029b9   Thumb Code     8  drv_usb_dev.o(i.usb_ctlep_startout)
    usb_curmode_set                          0x080029c5   Thumb Code    46  drv_usb_core.o(i.usb_curmode_set)
    usb_devcore_init                         0x080029f5   Thumb Code   330  drv_usb_dev.o(i.usb_devcore_init)
    usb_devint_enable                        0x08002b45   Thumb Code    56  drv_usb_dev.o(i.usb_devint_enable)
    usb_iepintr_read                         0x08002b85   Thumb Code    42  drv_usb_dev.o(i.usb_iepintr_read)
    usb_init                                 0x08002bb1   Thumb Code    50  app.o(i.usb_init)
    usb_intr_config                          0x08002bf1   Thumb Code    68  gd32e10x_hw.o(i.usb_intr_config)
    usb_mdelay                               0x08002c35   Thumb Code    14  gd32e10x_hw.o(i.usb_mdelay)
    usb_rcu_config                           0x08002c45   Thumb Code   112  gd32e10x_hw.o(i.usb_rcu_config)
    usb_rxfifo_flush                         0x08002ccd   Thumb Code    34  drv_usb_core.o(i.usb_rxfifo_flush)
    usb_rxfifo_read                          0x08002cef   Thumb Code    30  drv_usb_core.o(i.usb_rxfifo_read)
    usb_send_buffer                          0x08002d0d   Thumb Code    22  app.o(i.usb_send_buffer)
    usb_set_txfifo                           0x08002d23   Thumb Code    72  drv_usb_core.o(i.usb_set_txfifo)
    usb_timer_init                           0x08002d6b   Thumb Code    30  gd32e10x_hw.o(i.usb_timer_init)
    usb_timer_irq                            0x08002d89   Thumb Code    46  gd32e10x_hw.o(i.usb_timer_irq)
    usb_transc_active                        0x08002dc1   Thumb Code   142  drv_usb_dev.o(i.usb_transc_active)
    usb_transc_clrstall                      0x08002e59   Thumb Code    68  drv_usb_dev.o(i.usb_transc_clrstall)
    usb_transc_deactivate                    0x08002e9d   Thumb Code   100  drv_usb_dev.o(i.usb_transc_deactivate)
    usb_transc_inxfer                        0x08002f01   Thumb Code   262  drv_usb_dev.o(i.usb_transc_inxfer)
    usb_transc_outxfer                       0x08003007   Thumb Code   126  drv_usb_dev.o(i.usb_transc_outxfer)
    usb_transc_stall                         0x08003085   Thumb Code    66  drv_usb_dev.o(i.usb_transc_stall)
    usb_txfifo_flush                         0x080030c7   Thumb Code    40  drv_usb_core.o(i.usb_txfifo_flush)
    usb_txfifo_write                         0x080030ef   Thumb Code    34  drv_usb_core.o(i.usb_txfifo_write)
    usb_udelay                               0x08003111   Thumb Code    14  gd32e10x_hw.o(i.usb_udelay)
    usbd_class_request                       0x0800311f   Thumb Code    38  usbd_enum.o(i.usbd_class_request)
    usbd_connect                             0x08003145   Thumb Code    28  usbd_core.o(i.usbd_connect)
    usbd_ctl_recev                           0x08003161   Thumb Code    46  usbd_transc.o(i.usbd_ctl_recev)
    usbd_ctl_send                            0x0800318f   Thumb Code    46  usbd_transc.o(i.usbd_ctl_send)
    usbd_ctl_status_recev                    0x080031bd   Thumb Code    32  usbd_transc.o(i.usbd_ctl_status_recev)
    usbd_ctl_status_send                     0x080031dd   Thumb Code    32  usbd_transc.o(i.usbd_ctl_status_send)
    usbd_disconnect                          0x080031fd   Thumb Code    28  usbd_core.o(i.usbd_disconnect)
    usbd_enum_error                          0x080032a5   Thumb Code    30  usbd_enum.o(i.usbd_enum_error)
    usbd_ep_clear                            0x080032c3   Thumb Code    52  usbd_core.o(i.usbd_ep_clear)
    usbd_ep_recev                            0x080032f7   Thumb Code    52  usbd_core.o(i.usbd_ep_recev)
    usbd_ep_send                             0x0800332b   Thumb Code    52  usbd_core.o(i.usbd_ep_send)
    usbd_ep_setup                            0x08003361   Thumb Code   106  usbd_core.o(i.usbd_ep_setup)
    usbd_ep_stall                            0x080033d1   Thumb Code    58  usbd_core.o(i.usbd_ep_stall)
    usbd_ep_stall_clear                      0x0800340b   Thumb Code    58  usbd_core.o(i.usbd_ep_stall_clear)
    usbd_in_transc                           0x08003445   Thumb Code   146  usbd_transc.o(i.usbd_in_transc)
    usbd_init                                0x080034d7   Thumb Code   124  usbd_core.o(i.usbd_init)
    usbd_isr                                 0x080038a1   Thumb Code   222  drv_usbd_int.o(i.usbd_isr)
    usbd_out_transc                          0x0800397f   Thumb Code   118  usbd_transc.o(i.usbd_out_transc)
    usbd_setup_transc                        0x080039f5   Thumb Code   132  usbd_transc.o(i.usbd_setup_transc)
    usbd_standard_request                    0x08003a79   Thumb Code    22  usbd_enum.o(i.usbd_standard_request)
    usbd_vendor_request                      0x08003a95   Thumb Code     6  usbd_enum.o(i.usbd_vendor_request)
    g_can_fdlength_table                     0x08003a9c   Data           7  gd32e10x_can.o(.constdata)
    ep_type                                  0x08003b94   Data          16  usbd_core.o(.constdata)
    cdc_dev_desc                             0x08003ba4   Data          18  cdc_acm_core.o(.constdata)
    cdc_config_desc                          0x08003bb6   Data          67  cdc_acm_core.o(.constdata)
    usbd_cdc_strings                         0x08003d04   Data          16  cdc_acm_core.o(.constdata)
    Region$$Table$$Base                      0x08003d1c   Number         0  anon$$obj.o(Region$$Table)
    Region$$Table$$Limit                     0x08003d3c   Number         0  anon$$obj.o(Region$$Table)
    timer3_interrupt                         0x20000000   Data           1  main.o(.data)
    SystemCoreClock                          0x20000008   Data           4  system_gd32e10x.o(.data)
    dma_idle                                 0x2000000c   Data           1  uart.o(.data)
    dma_ch6_idle                             0x2000000d   Data           1  uart.o(.data)
    dma_ch1_idle                             0x2000000e   Data           1  uart.o(.data)
    cdc_acm                                  0x20000044   Data           4  app.o(.data)
    delay_time                               0x20000048   Data           4  gd32e10x_hw.o(.data)
    timer_prescaler                          0x2000004c   Data           2  gd32e10x_hw.o(.data)
    usbfs_prescaler                          0x20000050   Data           4  gd32e10x_hw.o(.data)
    cdc_desc                                 0x200000e0   Data          16  cdc_acm_core.o(.data)
    cdc_class                                0x200000f0   Data          48  cdc_acm_core.o(.data)
    __microlib_freelist                      0x20000164   Data           4  mvars.o(.data)
    __microlib_freelist_initialised          0x20000168   Data           4  mvars.o(.data)
    serial_frame                             0x2000016c   Data        2000  main.o(.bss)
    sensor_1_single_frame                    0x2000093c   Data         768  main.o(.bss)
    sensor_2_single_frame                    0x20000c3c   Data         864  main.o(.bss)
    sensor_3_single_frame                    0x20000f9c   Data         240  main.o(.bss)
    process_handle                           0x2000108c   Data         386  main.o(.bss)
    cache_buf                                0x2000120e   Data        1300  main.o(.bss)
    adc_value                                0x20001734   Data          16  adc.o(.bss)
    adc_v                                    0x20001744   Data          32  adc.o(.bss)
    USART0_RxBuff                            0x20001764   Data        1300  uart.o(.bss)
    USART0_TxBuff                            0x20001c78   Data        1300  uart.o(.bss)
    USART1_RxBuff                            0x2000218c   Data        1300  uart.o(.bss)
    USART1_TxBuff                            0x200026a0   Data        1300  uart.o(.bss)
    USART2_RxBuff                            0x20002bb4   Data        1300  uart.o(.bss)
    USART2_TxBuff                            0x200030c8   Data        1300  uart.o(.bss)
    USART0_RX_CACHE_BUFFER                   0x200035dc   Data        1300  uart.o(.bss)
    USART1_RX_CACHE_BUFFER                   0x20003af0   Data        1300  uart.o(.bss)
    USART2_RX_CACHE_BUFFER                   0x20004004   Data        1300  uart.o(.bss)
    USART0_RxCBuf                            0x20004518   Data          16  uart.o(.bss)
    USART1_RxCBuf                            0x20004528   Data          16  uart.o(.bss)
    USART2_RxCBuf                            0x20004538   Data          16  uart.o(.bss)
    __heap_base                              0x200045a0   Data           0  startup_gd32e10x.o(HEAP)
    __heap_limit                             0x200049a0   Data           0  startup_gd32e10x.o(HEAP)
    __initial_sp                             0x20004da0   Data           0  startup_gd32e10x.o(STACK)



==============================================================================

Memory Map of the image

  Image Entry point : 0x08000151

  Load Region LR_IROM1 (Base: 0x08000000, Size: 0x00003ea8, Max: 0x00010000, ABSOLUTE, COMPRESSED[0x00003dcc])

    Execution Region ER_IROM1 (Exec base: 0x08000000, Load base: 0x08000000, Size: 0x00003d3c, Max: 0x00010000, ABSOLUTE)

    Exec Addr    Load Addr    Size         Type   Attr      Idx    E Section Name        Object

    0x08000000   0x08000000   0x00000150   Data   RO         4057    RESET               startup_gd32e10x.o
    0x08000150   0x08000150   0x00000000   Code   RO         5609  * .ARM.Collect$$$$00000000  mc_w.l(entry.o)
    0x08000150   0x08000150   0x00000004   Code   RO         5648    .ARM.Collect$$$$00000001  mc_w.l(entry2.o)
    0x08000154   0x08000154   0x00000004   Code   RO         5651    .ARM.Collect$$$$00000004  mc_w.l(entry5.o)
    0x08000158   0x08000158   0x00000000   Code   RO         5653    .ARM.Collect$$$$00000008  mc_w.l(entry7b.o)
    0x08000158   0x08000158   0x00000000   Code   RO         5655    .ARM.Collect$$$$0000000A  mc_w.l(entry8b.o)
    0x08000158   0x08000158   0x00000008   Code   RO         5656    .ARM.Collect$$$$0000000B  mc_w.l(entry9a.o)
    0x08000160   0x08000160   0x00000004   Code   RO         5663    .ARM.Collect$$$$0000000E  mc_w.l(entry12b.o)
    0x08000164   0x08000164   0x00000000   Code   RO         5658    .ARM.Collect$$$$0000000F  mc_w.l(entry10a.o)
    0x08000164   0x08000164   0x00000000   Code   RO         5660    .ARM.Collect$$$$00000011  mc_w.l(entry11a.o)
    0x08000164   0x08000164   0x00000004   Code   RO         5649    .ARM.Collect$$$$00002712  mc_w.l(entry2.o)
    0x08000168   0x08000168   0x00000024   Code   RO         4058    .text               startup_gd32e10x.o
    0x0800018c   0x0800018c   0x00000024   Code   RO         5612    .text               mc_w.l(memcpya.o)
    0x080001b0   0x080001b0   0x00000024   Code   RO         5614    .text               mc_w.l(memseta.o)
    0x080001d4   0x080001d4   0x0000001c   Code   RO         5646    .text               mc_w.l(calloc.o)
    0x080001f0   0x080001f0   0x00000024   Code   RO         5666    .text               mc_w.l(init.o)
    0x08000214   0x08000214   0x00000056   Code   RO         5676    .text               mc_w.l(__dczerorl2.o)
    0x0800026a   0x0800026a   0x00000004   Code   RO          232    i.BusFault_Handler  gd32e10x_it.o
    0x0800026e   0x0800026e   0x00000002   PAD
    0x08000270   0x08000270   0x00000028   Code   RO            3    i.CAN0_RX0_IRQHandler  main.o
    0x08000298   0x08000298   0x0000001a   Code   RO            4    i.CalChecksum       main.o
    0x080002b2   0x080002b2   0x0000000a   Code   RO         4531    i.CircBuf_GetUsedSize  circular_buffer.o
    0x080002bc   0x080002bc   0x0000003c   Code   RO         4532    i.CircBuf_Init      circular_buffer.o
    0x080002f8   0x080002f8   0x00000016   Code   RO         4533    i.CircBuf_IsEmpty   circular_buffer.o
    0x0800030e   0x0800030e   0x0000006c   Code   RO         4535    i.CircBuf_Pop       circular_buffer.o
    0x0800037a   0x0800037a   0x00000074   Code   RO         4537    i.CircBuf_Push      circular_buffer.o
    0x080003ee   0x080003ee   0x00000002   PAD
    0x080003f0   0x080003f0   0x00000024   Code   RO         4127    i.DMA0_Channel0_IRQHandler  adc.o
    0x08000414   0x08000414   0x00000028   Code   RO         4270    i.DMA0_Channel1_IRQHandler  uart.o
    0x0800043c   0x0800043c   0x00000020   Code   RO         4271    i.DMA0_Channel2_IRQHandler  uart.o
    0x0800045c   0x0800045c   0x00000028   Code   RO         4272    i.DMA0_Channel3_IRQHandler  uart.o
    0x08000484   0x08000484   0x00000020   Code   RO         4273    i.DMA0_Channel4_IRQHandler  uart.o
    0x080004a4   0x080004a4   0x00000020   Code   RO         4274    i.DMA0_Channel5_IRQHandler  uart.o
    0x080004c4   0x080004c4   0x00000028   Code   RO         4275    i.DMA0_Channel6_IRQHandler  uart.o
    0x080004ec   0x080004ec   0x00000002   Code   RO          233    i.DebugMon_Handler  gd32e10x_it.o
    0x080004ee   0x080004ee   0x00000004   Code   RO          234    i.HardFault_Handler  gd32e10x_it.o
    0x080004f2   0x080004f2   0x00000030   Code   RO         4539    i.IsPowerOf2        circular_buffer.o
    0x08000522   0x08000522   0x00000004   Code   RO          235    i.MemManage_Handler  gd32e10x_it.o
    0x08000526   0x08000526   0x00000002   Code   RO          236    i.NMI_Handler       gd32e10x_it.o
    0x08000528   0x08000528   0x00000028   Code   RO          189    i.NVIC_SetPriority  systick.o
    0x08000550   0x08000550   0x00000002   Code   RO          237    i.PendSV_Handler    gd32e10x_it.o
    0x08000552   0x08000552   0x00000038   Code   RO         4540    i.RoundDown_PowerOf2  circular_buffer.o
    0x0800058a   0x0800058a   0x00000002   Code   RO          238    i.SVC_Handler       gd32e10x_it.o
    0x0800058c   0x0800058c   0x00000008   Code   RO          239    i.SysTick_Handler   gd32e10x_it.o
    0x08000594   0x08000594   0x00000058   Code   RO          341    i.SystemInit        system_gd32e10x.o
    0x080005ec   0x080005ec   0x00000008   Code   RO          240    i.TIMER2_IRQHandler  gd32e10x_it.o
    0x080005f4   0x080005f4   0x00000008   Code   RO         4906    i.TIMER2_IRQHandler_lib  cdc_acm.lib(gd32e10x_it.o)
    0x080005fc   0x080005fc   0x0000001c   Code   RO            5    i.TIMER3_IRQHandler  main.o
    0x08000618   0x08000618   0x00000010   Code   RO         4278    i.USART0_GetDataCount  uart.o
    0x08000628   0x08000628   0x0000006c   Code   RO         4279    i.USART0_IRQHandler  uart.o
    0x08000694   0x08000694   0x00000020   Code   RO         4281    i.USART0_Recv       uart.o
    0x080006b4   0x080006b4   0x00000010   Code   RO         4282    i.USART1_GetDataCount  uart.o
    0x080006c4   0x080006c4   0x0000006c   Code   RO         4283    i.USART1_IRQHandler  uart.o
    0x08000730   0x08000730   0x00000020   Code   RO         4284    i.USART1_Recv       uart.o
    0x08000750   0x08000750   0x00000010   Code   RO         4285    i.USART2_GetDataCount  uart.o
    0x08000760   0x08000760   0x0000006c   Code   RO         4286    i.USART2_IRQHandler  uart.o
    0x080007cc   0x080007cc   0x00000020   Code   RO         4287    i.USART2_Recv       uart.o
    0x080007ec   0x080007ec   0x00000008   Code   RO          241    i.USBFS_IRQHandler  gd32e10x_it.o
    0x080007f4   0x080007f4   0x00000010   Code   RO         4907    i.USBFS_IRQHandler_lib  cdc_acm.lib(gd32e10x_it.o)
    0x08000804   0x08000804   0x00000008   Code   RO          242    i.USBFS_WKUP_IRQHandler  gd32e10x_it.o
    0x0800080c   0x0800080c   0x00000038   Code   RO         4908    i.USBFS_WKUP_IRQHandler_lib  cdc_acm.lib(gd32e10x_it.o)
    0x08000844   0x08000844   0x00000004   Code   RO          243    i.UsageFault_Handler  gd32e10x_it.o
    0x08000848   0x08000848   0x0000000e   Code   RO         5670    i.__scatterload_copy  mc_w.l(handlers.o)
    0x08000856   0x08000856   0x00000002   Code   RO         5671    i.__scatterload_null  mc_w.l(handlers.o)
    0x08000858   0x08000858   0x0000000e   Code   RO         5672    i.__scatterload_zeroinit  mc_w.l(handlers.o)
    0x08000866   0x08000866   0x00000014   Code   RO         5417    i._usb_bos_desc_get  cdc_acm.lib(usbd_enum.o)
    0x0800087a   0x0800087a   0x00000022   Code   RO         5418    i._usb_config_desc_get  cdc_acm.lib(usbd_enum.o)
    0x0800089c   0x0800089c   0x00000014   Code   RO         5419    i._usb_dev_desc_get  cdc_acm.lib(usbd_enum.o)
    0x080008b0   0x080008b0   0x00000074   Code   RO         5420    i._usb_std_clearfeature  cdc_acm.lib(usbd_enum.o)
    0x08000924   0x08000924   0x00000040   Code   RO         5421    i._usb_std_getconfiguration  cdc_acm.lib(usbd_enum.o)
    0x08000964   0x08000964   0x00000110   Code   RO         5422    i._usb_std_getdescriptor  cdc_acm.lib(usbd_enum.o)
    0x08000a74   0x08000a74   0x0000003c   Code   RO         5423    i._usb_std_getinterface  cdc_acm.lib(usbd_enum.o)
    0x08000ab0   0x08000ab0   0x000000c4   Code   RO         5424    i._usb_std_getstatus  cdc_acm.lib(usbd_enum.o)
    0x08000b74   0x08000b74   0x00000006   Code   RO         5425    i._usb_std_reserved  cdc_acm.lib(usbd_enum.o)
    0x08000b7a   0x08000b7a   0x0000005c   Code   RO         5426    i._usb_std_setaddress  cdc_acm.lib(usbd_enum.o)
    0x08000bd6   0x08000bd6   0x00000002   PAD
    0x08000bd8   0x08000bd8   0x000000b4   Code   RO         5427    i._usb_std_setconfiguration  cdc_acm.lib(usbd_enum.o)
    0x08000c8c   0x08000c8c   0x00000006   Code   RO         5428    i._usb_std_setdescriptor  cdc_acm.lib(usbd_enum.o)
    0x08000c92   0x08000c92   0x00000068   Code   RO         5429    i._usb_std_setfeature  cdc_acm.lib(usbd_enum.o)
    0x08000cfa   0x08000cfa   0x00000044   Code   RO         5430    i._usb_std_setinterface  cdc_acm.lib(usbd_enum.o)
    0x08000d3e   0x08000d3e   0x00000006   Code   RO         5431    i._usb_std_synchframe  cdc_acm.lib(usbd_enum.o)
    0x08000d44   0x08000d44   0x00000014   Code   RO         5432    i._usb_str_desc_get  cdc_acm.lib(usbd_enum.o)
    0x08000d58   0x08000d58   0x000001c4   Code   RO          847    i.can_message_receive  gd32e10x_can.o
    0x08000f1c   0x08000f1c   0x00000022   Code   RO         5276    i.cdc_acm_deinit    cdc_acm.lib(cdc_acm_core.o)
    0x08000f3e   0x08000f3e   0x00000046   Code   RO         5277    i.cdc_acm_in        cdc_acm.lib(cdc_acm_core.o)
    0x08000f84   0x08000f84   0x00000060   Code   RO         5278    i.cdc_acm_init      cdc_acm.lib(cdc_acm_core.o)
    0x08000fe4   0x08000fe4   0x00000020   Code   RO         5279    i.cdc_acm_out       cdc_acm.lib(cdc_acm_core.o)
    0x08001004   0x08001004   0x000000b0   Code   RO         5280    i.cdc_acm_req       cdc_acm.lib(cdc_acm_core.o)
    0x080010b4   0x080010b4   0x00000052   Code   RO         5281    i.cdc_ctlx_out      cdc_acm.lib(cdc_acm_core.o)
    0x08001106   0x08001106   0x00000002   PAD
    0x08001108   0x08001108   0x00000014   Code   RO          190    i.delay_1ms         systick.o
    0x0800111c   0x0800111c   0x00000018   Code   RO          191    i.delay_decrement   systick.o
    0x08001134   0x08001134   0x00000080   Code   RO         4288    i.dma0_ch1_usart2_tx_init  uart.o
    0x080011b4   0x080011b4   0x00000088   Code   RO         4289    i.dma0_ch2_usart2_rx_init  uart.o
    0x0800123c   0x0800123c   0x00000080   Code   RO         4290    i.dma0_ch3_usart0_tx_init  uart.o
    0x080012bc   0x080012bc   0x00000080   Code   RO         4291    i.dma0_ch4_usart0_rx_init  uart.o
    0x0800133c   0x0800133c   0x00000088   Code   RO         4292    i.dma0_ch5_usart1_rx_init  uart.o
    0x080013c4   0x080013c4   0x00000080   Code   RO         4293    i.dma0_ch6_usart1_tx_init  uart.o
    0x08001444   0x08001444   0x00000032   Code   RO         1475    i.dma_channel_disable  gd32e10x_dma.o
    0x08001476   0x08001476   0x00000032   Code   RO         1476    i.dma_channel_enable  gd32e10x_dma.o
    0x080014a8   0x080014a8   0x00000032   Code   RO         1477    i.dma_circulation_disable  gd32e10x_dma.o
    0x080014da   0x080014da   0x00000070   Code   RO         1479    i.dma_deinit        gd32e10x_dma.o
    0x0800154a   0x0800154a   0x0000012e   Code   RO         1482    i.dma_init          gd32e10x_dma.o
    0x08001678   0x08001678   0x00000032   Code   RO         1484    i.dma_interrupt_enable  gd32e10x_dma.o
    0x080016aa   0x080016aa   0x00000010   Code   RO         1485    i.dma_interrupt_flag_clear  gd32e10x_dma.o
    0x080016ba   0x080016ba   0x00000082   Code   RO         1486    i.dma_interrupt_flag_get  gd32e10x_dma.o
    0x0800173c   0x0800173c   0x00000032   Code   RO         1490    i.dma_memory_to_memory_disable  gd32e10x_dma.o
    0x0800176e   0x0800176e   0x00000002   PAD
    0x08001770   0x08001770   0x00000018   Code   RO         1494    i.dma_periph_and_channel_check  gd32e10x_dma.o
    0x08001788   0x08001788   0x0000001c   Code   RO         1499    i.dma_struct_para_init  gd32e10x_dma.o
    0x080017a4   0x080017a4   0x00000026   Code   RO         1501    i.dma_transfer_number_config  gd32e10x_dma.o
    0x080017ca   0x080017ca   0x00000022   Code   RO         1502    i.dma_transfer_number_get  gd32e10x_dma.o
    0x080017ec   0x080017ec   0x000000b8   Code   RO         1721    i.exti_init         gd32e10x_exti.o
    0x080018a4   0x080018a4   0x00000010   Code   RO         1723    i.exti_interrupt_enable  gd32e10x_exti.o
    0x080018b4   0x080018b4   0x0000000c   Code   RO         1724    i.exti_interrupt_flag_clear  gd32e10x_exti.o
    0x080018c0   0x080018c0   0x000000b0   Code   RO         4295    i.gd_eval_com_init  uart.o
    0x08001970   0x08001970   0x00000004   Code   RO         2087    i.gpio_bit_reset    gd32e10x_gpio.o
    0x08001974   0x08001974   0x00000004   Code   RO         2088    i.gpio_bit_set      gd32e10x_gpio.o
    0x08001978   0x08001978   0x000000bc   Code   RO         2097    i.gpio_init         gd32e10x_gpio.o
    0x08001a34   0x08001a34   0x00000090   Code   RO         2103    i.gpio_pin_remap_config  gd32e10x_gpio.o
    0x08001ac4   0x08001ac4   0x0000002c   Code   RO         4945    i.hw_delay          cdc_acm.lib(gd32e10x_hw.o)
    0x08001af0   0x08001af0   0x00000070   Code   RO         4946    i.hw_time_set       cdc_acm.lib(gd32e10x_hw.o)
    0x08001b60   0x08001b60   0x0000003c   Code   RO         5433    i.int_to_unicode    cdc_acm.lib(usbd_enum.o)
    0x08001b9c   0x08001b9c   0x00000034   Code   RO         4718    i.led_init          led.o
    0x08001bd0   0x08001bd0   0x00000224   Code   RO            6    i.main              main.o
    0x08001df4   0x08001df4   0x0000006c   Code   RO         5619    i.malloc            mc_w.l(malloc.o)
    0x08001e60   0x08001e60   0x00000084   Code   RO         4296    i.nvic_config       uart.o
    0x08001ee4   0x08001ee4   0x000000ac   Code   RO         2445    i.nvic_irq_enable   gd32e10x_misc.o
    0x08001f90   0x08001f90   0x00000014   Code   RO         2446    i.nvic_priority_group_set  gd32e10x_misc.o
    0x08001fa4   0x08001fa4   0x00000014   Code   RO         2447    i.nvic_vector_table_set  gd32e10x_misc.o
    0x08001fb8   0x08001fb8   0x000000c4   Code   RO         2508    i.pmu_to_deepsleepmode  gd32e10x_pmu.o
    0x0800207c   0x0800207c   0x00000184   Code   RO         2602    i.rcu_clock_freq_get  gd32e10x_rcu.o
    0x08002200   0x08002200   0x00000020   Code   RO         2622    i.rcu_periph_clock_enable  gd32e10x_rcu.o
    0x08002220   0x08002220   0x00000020   Code   RO         2625    i.rcu_periph_reset_disable  gd32e10x_rcu.o
    0x08002240   0x08002240   0x00000020   Code   RO         2626    i.rcu_periph_reset_enable  gd32e10x_rcu.o
    0x08002260   0x08002260   0x00000018   Code   RO         2636    i.rcu_usb_clock_config  gd32e10x_rcu.o
    0x08002278   0x08002278   0x00000078   Code   RO         4134    i.read_adc_value    adc.o
    0x080022f0   0x080022f0   0x0000004c   Code   RO         5434    i.serial_string_get  cdc_acm.lib(usbd_enum.o)
    0x0800233c   0x0800233c   0x000000fc   Code   RO          342    i.system_clock_120m_hxtal  system_gd32e10x.o
    0x08002438   0x08002438   0x00000008   Code   RO          343    i.system_clock_config  system_gd32e10x.o
    0x08002440   0x08002440   0x00000050   Code   RO          192    i.systick_config    systick.o
    0x08002490   0x08002490   0x0000000a   Code   RO         3236    i.timer_auto_reload_shadow_enable  gd32e10x_timer.o
    0x0800249a   0x0800249a   0x0000000a   Code   RO         3267    i.timer_disable     gd32e10x_timer.o
    0x080024a4   0x080024a4   0x0000000a   Code   RO         3271    i.timer_enable      gd32e10x_timer.o
    0x080024ae   0x080024ae   0x00000002   PAD
    0x080024b0   0x080024b0   0x000000a4   Code   RO         3281    i.timer_init        gd32e10x_timer.o
    0x08002554   0x08002554   0x00000008   Code   RO         3287    i.timer_interrupt_disable  gd32e10x_timer.o
    0x0800255c   0x0800255c   0x00000008   Code   RO         3288    i.timer_interrupt_enable  gd32e10x_timer.o
    0x08002564   0x08002564   0x00000006   Code   RO         3289    i.timer_interrupt_flag_clear  gd32e10x_timer.o
    0x0800256a   0x0800256a   0x00000018   Code   RO         3290    i.timer_interrupt_flag_get  gd32e10x_timer.o
    0x08002582   0x08002582   0x00000002   PAD
    0x08002584   0x08002584   0x00000034   Code   RO         4298    i.usart0_init       uart.o
    0x080025b8   0x080025b8   0x00000010   Code   RO         4299    i.usart0_rx_probe   uart.o
    0x080025c8   0x080025c8   0x00000034   Code   RO         4302    i.usart1_init       uart.o
    0x080025fc   0x080025fc   0x00000010   Code   RO         4303    i.usart1_rx_probe   uart.o
    0x0800260c   0x0800260c   0x00000034   Code   RO         4306    i.usart2_init       uart.o
    0x08002640   0x08002640   0x00000010   Code   RO         4307    i.usart2_rx_probe   uart.o
    0x08002650   0x08002650   0x00000090   Code   RO         3679    i.usart_baudrate_set  gd32e10x_usart.o
    0x080026e0   0x080026e0   0x00000090   Code   RO         3684    i.usart_deinit      gd32e10x_usart.o
    0x08002770   0x08002770   0x00000010   Code   RO         3686    i.usart_dma_receive_config  gd32e10x_usart.o
    0x08002780   0x08002780   0x0000000a   Code   RO         3688    i.usart_enable      gd32e10x_usart.o
    0x0800278a   0x0800278a   0x0000001a   Code   RO         3698    i.usart_interrupt_enable  gd32e10x_usart.o
    0x080027a4   0x080027a4   0x00000038   Code   RO         3700    i.usart_interrupt_flag_get  gd32e10x_usart.o
    0x080027dc   0x080027dc   0x00000010   Code   RO         3713    i.usart_receive_config  gd32e10x_usart.o
    0x080027ec   0x080027ec   0x00000010   Code   RO         3727    i.usart_transmit_config  gd32e10x_usart.o
    0x080027fc   0x080027fc   0x000000da   Code   RO         5343    i.usb_basic_init    cdc_acm.lib(drv_usb_core.o)
    0x080028d6   0x080028d6   0x00000020   Code   RO         5008    i.usb_clock_active  cdc_acm.lib(drv_usb_dev.o)
    0x080028f6   0x080028f6   0x00000002   PAD
    0x080028f8   0x080028f8   0x00000098   Code   RO         5344    i.usb_core_init     cdc_acm.lib(drv_usb_core.o)
    0x08002990   0x08002990   0x00000026   Code   RO         5345    i.usb_core_reset    cdc_acm.lib(drv_usb_core.o)
    0x080029b6   0x080029b6   0x00000002   PAD
    0x080029b8   0x080029b8   0x0000000c   Code   RO         5009    i.usb_ctlep_startout  cdc_acm.lib(drv_usb_dev.o)
    0x080029c4   0x080029c4   0x0000002e   Code   RO         5346    i.usb_curmode_set   cdc_acm.lib(drv_usb_core.o)
    0x080029f2   0x080029f2   0x00000002   PAD
    0x080029f4   0x080029f4   0x00000150   Code   RO         5012    i.usb_devcore_init  cdc_acm.lib(drv_usb_dev.o)
    0x08002b44   0x08002b44   0x00000040   Code   RO         5013    i.usb_devint_enable  cdc_acm.lib(drv_usb_dev.o)
    0x08002b84   0x08002b84   0x0000002a   Code   RO         5014    i.usb_iepintr_read  cdc_acm.lib(drv_usb_dev.o)
    0x08002bae   0x08002bae   0x00000002   PAD
    0x08002bb0   0x08002bb0   0x00000040   Code   RO         4739    i.usb_init          cdc_acm.lib(app.o)
    0x08002bf0   0x08002bf0   0x00000044   Code   RO         4947    i.usb_intr_config   cdc_acm.lib(gd32e10x_hw.o)
    0x08002c34   0x08002c34   0x0000000e   Code   RO         4948    i.usb_mdelay        cdc_acm.lib(gd32e10x_hw.o)
    0x08002c42   0x08002c42   0x00000002   PAD
    0x08002c44   0x08002c44   0x00000088   Code   RO         4949    i.usb_rcu_config    cdc_acm.lib(gd32e10x_hw.o)
    0x08002ccc   0x08002ccc   0x00000022   Code   RO         5347    i.usb_rxfifo_flush  cdc_acm.lib(drv_usb_core.o)
    0x08002cee   0x08002cee   0x0000001e   Code   RO         5348    i.usb_rxfifo_read   cdc_acm.lib(drv_usb_core.o)
    0x08002d0c   0x08002d0c   0x00000016   Code   RO         4740    i.usb_send_buffer   cdc_acm.lib(app.o)
    0x08002d22   0x08002d22   0x00000048   Code   RO         5349    i.usb_set_txfifo    cdc_acm.lib(drv_usb_core.o)
    0x08002d6a   0x08002d6a   0x0000001e   Code   RO         4950    i.usb_timer_init    cdc_acm.lib(gd32e10x_hw.o)
    0x08002d88   0x08002d88   0x00000038   Code   RO         4951    i.usb_timer_irq     cdc_acm.lib(gd32e10x_hw.o)
    0x08002dc0   0x08002dc0   0x00000098   Code   RO         5017    i.usb_transc_active  cdc_acm.lib(drv_usb_dev.o)
    0x08002e58   0x08002e58   0x00000044   Code   RO         5018    i.usb_transc_clrstall  cdc_acm.lib(drv_usb_dev.o)
    0x08002e9c   0x08002e9c   0x00000064   Code   RO         5019    i.usb_transc_deactivate  cdc_acm.lib(drv_usb_dev.o)
    0x08002f00   0x08002f00   0x00000106   Code   RO         5020    i.usb_transc_inxfer  cdc_acm.lib(drv_usb_dev.o)
    0x08003006   0x08003006   0x0000007e   Code   RO         5021    i.usb_transc_outxfer  cdc_acm.lib(drv_usb_dev.o)
    0x08003084   0x08003084   0x00000042   Code   RO         5022    i.usb_transc_stall  cdc_acm.lib(drv_usb_dev.o)
    0x080030c6   0x080030c6   0x00000028   Code   RO         5350    i.usb_txfifo_flush  cdc_acm.lib(drv_usb_core.o)
    0x080030ee   0x080030ee   0x00000022   Code   RO         5351    i.usb_txfifo_write  cdc_acm.lib(drv_usb_core.o)
    0x08003110   0x08003110   0x0000000e   Code   RO         4952    i.usb_udelay        cdc_acm.lib(gd32e10x_hw.o)
    0x0800311e   0x0800311e   0x00000026   Code   RO         5435    i.usbd_class_request  cdc_acm.lib(usbd_enum.o)
    0x08003144   0x08003144   0x0000001c   Code   RO         5187    i.usbd_connect      cdc_acm.lib(usbd_core.o)
    0x08003160   0x08003160   0x0000002e   Code   RO         5555    i.usbd_ctl_recev    cdc_acm.lib(usbd_transc.o)
    0x0800318e   0x0800318e   0x0000002e   Code   RO         5556    i.usbd_ctl_send     cdc_acm.lib(usbd_transc.o)
    0x080031bc   0x080031bc   0x00000020   Code   RO         5557    i.usbd_ctl_status_recev  cdc_acm.lib(usbd_transc.o)
    0x080031dc   0x080031dc   0x00000020   Code   RO         5558    i.usbd_ctl_status_send  cdc_acm.lib(usbd_transc.o)
    0x080031fc   0x080031fc   0x0000001c   Code   RO         5188    i.usbd_disconnect   cdc_acm.lib(usbd_core.o)
    0x08003218   0x08003218   0x0000008c   Code   RO         5121    i.usbd_emptytxfifo_write  cdc_acm.lib(drv_usbd_int.o)
    0x080032a4   0x080032a4   0x0000001e   Code   RO         5436    i.usbd_enum_error   cdc_acm.lib(usbd_enum.o)
    0x080032c2   0x080032c2   0x00000034   Code   RO         5189    i.usbd_ep_clear     cdc_acm.lib(usbd_core.o)
    0x080032f6   0x080032f6   0x00000034   Code   RO         5190    i.usbd_ep_recev     cdc_acm.lib(usbd_core.o)
    0x0800332a   0x0800332a   0x00000034   Code   RO         5191    i.usbd_ep_send      cdc_acm.lib(usbd_core.o)
    0x0800335e   0x0800335e   0x00000002   PAD
    0x08003360   0x08003360   0x00000070   Code   RO         5192    i.usbd_ep_setup     cdc_acm.lib(usbd_core.o)
    0x080033d0   0x080033d0   0x0000003a   Code   RO         5193    i.usbd_ep_stall     cdc_acm.lib(usbd_core.o)
    0x0800340a   0x0800340a   0x0000003a   Code   RO         5194    i.usbd_ep_stall_clear  cdc_acm.lib(usbd_core.o)
    0x08003444   0x08003444   0x00000092   Code   RO         5559    i.usbd_in_transc    cdc_acm.lib(usbd_transc.o)
    0x080034d6   0x080034d6   0x0000007c   Code   RO         5196    i.usbd_init         cdc_acm.lib(usbd_core.o)
    0x08003552   0x08003552   0x00000002   PAD
    0x08003554   0x08003554   0x00000068   Code   RO         5122    i.usbd_int_enumfinish  cdc_acm.lib(drv_usbd_int.o)
    0x080035bc   0x080035bc   0x00000074   Code   RO         5123    i.usbd_int_epin     cdc_acm.lib(drv_usbd_int.o)
    0x08003630   0x08003630   0x0000007e   Code   RO         5124    i.usbd_int_epout    cdc_acm.lib(drv_usbd_int.o)
    0x080036ae   0x080036ae   0x00000002   PAD
    0x080036b0   0x080036b0   0x000000d8   Code   RO         5125    i.usbd_int_reset    cdc_acm.lib(drv_usbd_int.o)
    0x08003788   0x08003788   0x000000b2   Code   RO         5126    i.usbd_int_rxfifo   cdc_acm.lib(drv_usbd_int.o)
    0x0800383a   0x0800383a   0x00000066   Code   RO         5127    i.usbd_int_suspend  cdc_acm.lib(drv_usbd_int.o)
    0x080038a0   0x080038a0   0x000000de   Code   RO         5128    i.usbd_isr          cdc_acm.lib(drv_usbd_int.o)
    0x0800397e   0x0800397e   0x00000076   Code   RO         5560    i.usbd_out_transc   cdc_acm.lib(usbd_transc.o)
    0x080039f4   0x080039f4   0x00000084   Code   RO         5561    i.usbd_setup_transc  cdc_acm.lib(usbd_transc.o)
    0x08003a78   0x08003a78   0x0000001c   Code   RO         5437    i.usbd_standard_request  cdc_acm.lib(usbd_enum.o)
    0x08003a94   0x08003a94   0x00000006   Code   RO         5438    i.usbd_vendor_request  cdc_acm.lib(usbd_enum.o)
    0x08003a9a   0x08003a9a   0x00000002   PAD
    0x08003a9c   0x08003a9c   0x000000c0   Data   RO          861    .constdata          gd32e10x_can.o
    0x08003b5c   0x08003b5c   0x00000004   Data   RO         5023    .constdata          cdc_acm.lib(drv_usb_dev.o)
    0x08003b60   0x08003b60   0x00000034   Data   RO         5129    .constdata          cdc_acm.lib(drv_usbd_int.o)
    0x08003b94   0x08003b94   0x00000010   Data   RO         5197    .constdata          cdc_acm.lib(usbd_core.o)
    0x08003ba4   0x08003ba4   0x00000177   Data   RO         5283    .constdata          cdc_acm.lib(cdc_acm_core.o)
    0x08003d1b   0x08003d1b   0x00000001   PAD
    0x08003d1c   0x08003d1c   0x00000020   Data   RO         5668    Region$$Table       anon$$obj.o


    Execution Region RW_IRAM1 (Exec base: 0x20000000, Load base: 0x08003d3c, Size: 0x00004da0, Max: 0x00005000, ABSOLUTE, COMPRESSED[0x00000090])

    Exec Addr    Load Addr    Size         Type   Attr      Idx    E Section Name        Object

    0x20000000   COMPRESSED   0x00000002   Data   RW            8    .data               main.o
    0x20000002   COMPRESSED   0x00000002   PAD
    0x20000004   COMPRESSED   0x00000004   Data   RW          193    .data               systick.o
    0x20000008   COMPRESSED   0x00000004   Data   RW          344    .data               system_gd32e10x.o
    0x2000000c   COMPRESSED   0x00000036   Data   RW         4310    .data               uart.o
    0x20000042   COMPRESSED   0x00000002   PAD
    0x20000044   COMPRESSED   0x00000004   Data   RW         4741    .data               cdc_acm.lib(app.o)
    0x20000048   COMPRESSED   0x0000000c   Data   RW         4953    .data               cdc_acm.lib(gd32e10x_hw.o)
    0x20000054   COMPRESSED   0x00000008   Data   RW         5024    .data               cdc_acm.lib(drv_usb_dev.o)
    0x2000005c   COMPRESSED   0x000000c4   Data   RW         5284    .data               cdc_acm.lib(cdc_acm_core.o)
    0x20000120   COMPRESSED   0x00000043   Data   RW         5439    .data               cdc_acm.lib(usbd_enum.o)
    0x20000163   COMPRESSED   0x00000001   PAD
    0x20000164   COMPRESSED   0x00000004   Data   RW         5664    .data               mc_w.l(mvars.o)
    0x20000168   COMPRESSED   0x00000004   Data   RW         5665    .data               mc_w.l(mvars.o)
    0x2000016c        -       0x000015b6   Zero   RW            7    .bss                main.o
    0x20001722   COMPRESSED   0x00000002   PAD
    0x20001724        -       0x00000010   Zero   RW         2513    .bss                gd32e10x_pmu.o
    0x20001734        -       0x00000030   Zero   RW         4135    .bss                adc.o
    0x20001764        -       0x00002de4   Zero   RW         4309    .bss                uart.o
    0x20004548        -       0x00000058   Zero   RW         5282    .bss                cdc_acm.lib(cdc_acm_core.o)
    0x200045a0        -       0x00000400   Zero   RW         4056    HEAP                startup_gd32e10x.o
    0x200049a0        -       0x00000400   Zero   RW         4055    STACK               startup_gd32e10x.o


==============================================================================

Image component sizes


      Code (inc. data)   RO Data    RW Data    ZI Data      Debug   Object Name

       156         28          0          0         48       1870   adc.o
       420          0          0          0          0       6066   circular_buffer.o
       452          4        192          0          0      20105   gd32e10x_can.o
       934          6          0          0          0      15509   gd32e10x_dma.o
       212         16          0          0          0       6268   gd32e10x_exti.o
       340          6          0          0          0       3332   gd32e10x_gpio.o
        56          0          0          0          0       6173   gd32e10x_it.o
       212         28          0          0          0       2312   gd32e10x_misc.o
       196         26          0          0         16        799   gd32e10x_pmu.o
       508         54          0          0          0      20583   gd32e10x_rcu.o
       240         30          0          0          0      21589   gd32e10x_timer.o
       428         16          0          0          0      12853   gd32e10x_usart.o
        52         10          0          0          0        523   led.o
       642         44          0          2       5558      53250   main.o
        36          8        336          0       2048        932   startup_gd32e10x.o
       348         38          0          4          0       2243   system_gd32e10x.o
       164         24          0          4          0      27574   systick.o
      1980        330          0         54      11748      20387   uart.o

    ----------------------------------------------------------------------
      7386        668        560         68      19420     222368   Object Totals
         0          0         32          0          0          0   (incl. Generated)
        10          0          0          4          2          0   (incl. Padding)

    ----------------------------------------------------------------------

      Code (inc. data)   RO Data    RW Data    ZI Data      Debug   Library Member Name

        86         14          0          4          0      44727   app.o
       490         12        375        196         88       6611   cdc_acm_core.o
       664          6          0          0          0      21139   drv_usb_core.o
      1260         28          4          8          0      13972   drv_usb_dev.o
      1204         22         52          0          0      10491   drv_usbd_int.o
       474         54          0         12          0       5327   gd32e10x_hw.o
        80         12          0          0          0       1623   gd32e10x_it.o
       564          6         16          0          0      12624   usbd_core.o
      1502         46          0         67          0      22018   usbd_enum.o
       552          0          0          0          0       6083   usbd_transc.o
        86          0          0          0          0          0   __dczerorl2.o
        28          0          0          0          0         76   calloc.o
         0          0          0          0          0          0   entry.o
         0          0          0          0          0          0   entry10a.o
         0          0          0          0          0          0   entry11a.o
         4          0          0          0          0          0   entry12b.o
         8          4          0          0          0          0   entry2.o
         4          0          0          0          0          0   entry5.o
         0          0          0          0          0          0   entry7b.o
         0          0          0          0          0          0   entry8b.o
         8          4          0          0          0          0   entry9a.o
        30          0          0          0          0          0   handlers.o
        36          8          0          0          0         68   init.o
       108         16          0          0          0         84   malloc.o
        36          0          0          0          0         68   memcpya.o
        36          0          0          0          0        108   memseta.o
         0          0          0          8          0          0   mvars.o

    ----------------------------------------------------------------------
      7282        232        448        296         88     145019   Library Totals
        22          0          1          1          0          0   (incl. Padding)

    ----------------------------------------------------------------------

      Code (inc. data)   RO Data    RW Data    ZI Data      Debug   Library Name

      6876        200        447        287         88     144615   cdc_acm.lib
       384         32          0          8          0        404   mc_w.l

    ----------------------------------------------------------------------
      7282        232        448        296         88     145019   Library Totals

    ----------------------------------------------------------------------

==============================================================================


      Code (inc. data)   RO Data    RW Data    ZI Data      Debug   

     14668        900       1008        364      19508     348867   Grand Totals
     14668        900       1008        144      19508     348867   ELF Image Totals (compressed)
     14668        900       1008        144          0          0   ROM Totals

==============================================================================

    Total RO  Size (Code + RO Data)                15676 (  15.31kB)
    Total RW  Size (RW Data + ZI Data)             19872 (  19.41kB)
    Total ROM Size (Code + RO Data + RW Data)      15820 (  15.45kB)

==============================================================================

