<html>
<body>
<pre>
<h1>礦ision Build Log</h1>
<h2>Project:</h2>
E:\ADS1256模块资料\STM32F103C8T6只采集第一通道测试OK\STM32F103C8T6测试OK\STM32F10x_StdPeriph_Lib_V3.3.0_ADS1256\Project\ADS1256_STM32F103_SPI1\MDK-ARM\Project.uvproj
Project File Date:  09/10/2016

<h2>Output:</h2>
Rebuild target '神舟III号'
compiling stm32f10x_it.c...
compiling main.c...
..\ADS1256_Driver\ADS1256.h(106): warning:  #1295-D: Deprecated declaration ADS1256ReadData - give arg types
..\main.c(145): warning:  #181-D: argument is incompatible with corresponding format string conversion
..\main.c(98): warning:  #177-D: variable "i" was declared but never referenced
compiling delay.c...
compiling ADS1256.c...
..\ADS1256_Driver\ADS1256.h(106): warning:  #1295-D: Deprecated declaration ADS1256ReadData - give arg types
..\ADS1256_Driver\ADS1256.c(128): warning:  #177-D: variable "i" was declared but never referenced
..\ADS1256_Driver\ADS1256.c(130): warning:  #177-D: variable "r" was declared but never referenced
compiling stm32f10x_rcc.c...
compiling stm32f10x_gpio.c...
compiling misc.c...
compiling stm32f10x_exti.c...
compiling stm32f10x_spi.c...
compiling stm32f10x_fsmc.c...
compiling stm32f10x_usart.c...
compiling stm32f10x_sdio.c...
compiling stm32f10x_dma.c...
compiling stm32f10x_i2c.c...
compiling core_cm3.c...
compiling system_stm32f10x.c...
compiling stm32_eval.c...
compiling stm3210e_eval_lcd.c...
assembling startup_stm32f10x_hd.s...
linking...
Program Size: Code=5556 RO-data=504 RW-data=96 ZI-data=1024  
FromELF: creating hex file...
".\obj\ADS1256.axf" - 0 Errors, 6 Warning(s).
Rebuild target '神舟III号'
compiling stm32f10x_it.c...
compiling main.c...
..\ADS1256_Driver\ADS1256.h(106): warning:  #1295-D: Deprecated declaration ADS1256ReadData - give arg types
..\main.c(145): warning:  #181-D: argument is incompatible with corresponding format string conversion
..\main.c(98): warning:  #177-D: variable "i" was declared but never referenced
compiling delay.c...
compiling ADS1256.c...
..\ADS1256_Driver\ADS1256.h(106): warning:  #1295-D: Deprecated declaration ADS1256ReadData - give arg types
..\ADS1256_Driver\ADS1256.c(128): warning:  #177-D: variable "i" was declared but never referenced
..\ADS1256_Driver\ADS1256.c(130): warning:  #177-D: variable "r" was declared but never referenced
compiling stm32f10x_rcc.c...
compiling stm32f10x_gpio.c...
compiling misc.c...
compiling stm32f10x_exti.c...
compiling stm32f10x_spi.c...
compiling stm32f10x_fsmc.c...
compiling stm32f10x_usart.c...
compiling stm32f10x_sdio.c...
compiling stm32f10x_dma.c...
compiling stm32f10x_i2c.c...
compiling core_cm3.c...
compiling system_stm32f10x.c...
compiling stm32_eval.c...
compiling stm3210e_eval_lcd.c...
assembling startup_stm32f10x_hd.s...
linking...
Program Size: Code=5556 RO-data=504 RW-data=96 ZI-data=1024  
FromELF: creating hex file...
".\obj\ADS1256.axf" - 0 Errors, 6 Warning(s).
Load "E:\\ADS1256模块资料\\STM32F103C8T6只采集第一通道测试OK\\STM32F103C8T6测试OK\\STM32F10x_StdPeriph_Lib_V3.3.0_ADS1256\\Project\\ADS1256_STM32F103_SPI1\\MDK-ARM\\obj\\ADS1256.axf" 
Rebuild target '神舟III号'
compiling stm32f10x_it.c...
compiling main.c...
..\ADS1256_Driver\ADS1256.h(106): warning:  #1295-D: Deprecated declaration ADS1256ReadData - give arg types
..\main.c(145): warning:  #181-D: argument is incompatible with corresponding format string conversion
..\main.c(98): warning:  #177-D: variable "i" was declared but never referenced
compiling delay.c...
compiling ADS1256.c...
..\ADS1256_Driver\ADS1256.h(106): warning:  #1295-D: Deprecated declaration ADS1256ReadData - give arg types
..\ADS1256_Driver\ADS1256.c(128): warning:  #177-D: variable "i" was declared but never referenced
..\ADS1256_Driver\ADS1256.c(130): warning:  #177-D: variable "r" was declared but never referenced
compiling stm32f10x_rcc.c...
compiling stm32f10x_gpio.c...
compiling misc.c...
compiling stm32f10x_exti.c...
compiling stm32f10x_spi.c...
compiling stm32f10x_fsmc.c...
compiling stm32f10x_usart.c...
compiling stm32f10x_sdio.c...
compiling stm32f10x_dma.c...
compiling stm32f10x_i2c.c...
compiling core_cm3.c...
compiling system_stm32f10x.c...
compiling stm32_eval.c...
compiling stm3210e_eval_lcd.c...
assembling startup_stm32f10x_hd.s...
linking...
Program Size: Code=5556 RO-data=504 RW-data=96 ZI-data=1024  
FromELF: creating hex file...
".\obj\ADS1256.axf" - 0 Errors, 6 Warning(s).
