Component: ARM Compiler 5.06 update 7 (build 960) Tool: armlink [4d3601]

==============================================================================

Section Cross References

    main.o(i.CAN0_RX0_IRQHandler) refers to gd32e10x_can.o(i.can_message_receive) for can_message_receive
    main.o(i.CAN0_RX0_IRQHandler) refers to main.o(.data) for led_flag_red
    main.o(i.TIMER3_IRQHandler) refers to gd32e10x_timer.o(i.timer_interrupt_flag_get) for timer_interrupt_flag_get
    main.o(i.TIMER3_IRQHandler) refers to gd32e10x_timer.o(i.timer_interrupt_flag_clear) for timer_interrupt_flag_clear
    main.o(i.main) refers to systick.o(i.systick_config) for systick_config
    main.o(i.main) refers to led.o(i.led_init) for led_init
    main.o(i.main) refers to uart.o(i.usart0_init) for usart0_init
    main.o(i.main) refers to uart.o(i.usart2_init) for usart2_init
    main.o(i.main) refers to app.o(i.usb_init) for usb_init
    main.o(i.main) refers to gd32e10x_gpio.o(i.gpio_bit_set) for gpio_bit_set
    main.o(i.main) refers to gd32e10x_gpio.o(i.gpio_bit_reset) for gpio_bit_reset
    main.o(i.main) refers to uart.o(i.usart0_rx_probe) for usart0_rx_probe
    main.o(i.main) refers to uart.o(i.USART0_GetDataCount) for USART0_GetDataCount
    main.o(i.main) refers to uart.o(i.USART0_Recv) for USART0_Recv
    main.o(i.main) refers to memseta.o(.text) for __aeabi_memclr
    main.o(i.main) refers to printf3.o(i.__0sprintf$3) for __2sprintf
    main.o(i.main) refers to strcat.o(.text) for strcat
    main.o(i.main) refers to uart.o(i.usart2_rx_probe) for usart2_rx_probe
    main.o(i.main) refers to uart.o(i.USART2_GetDataCount) for USART2_GetDataCount
    main.o(i.main) refers to uart.o(i.USART2_Recv) for USART2_Recv
    main.o(i.main) refers to strlen.o(.text) for strlen
    main.o(i.main) refers to memcpya.o(.text) for __aeabi_memcpy
    main.o(i.main) refers to app.o(i.usb_send_buffer) for usb_send_buffer
    main.o(i.main) refers to systick.o(i.delay_1ms) for delay_1ms
    main.o(i.main) refers to main.o(.bss) for recv_cache_buf
    main.o(i.main) refers to main.o(.data) for pack_tail_index
    main.o(.data) refers to main.o(.conststring) for .conststring
    systick.o(i.delay_1ms) refers to systick.o(.data) for delay
    systick.o(i.delay_decrement) refers to systick.o(.data) for delay
    systick.o(i.systick_config) refers to systick.o(i.NVIC_SetPriority) for NVIC_SetPriority
    systick.o(i.systick_config) refers to system_gd32e10x.o(.data) for SystemCoreClock
    gd32e10x_it.o(i.SysTick_Handler) refers to systick.o(i.delay_decrement) for delay_decrement
    gd32e10x_it.o(i.TIMER2_IRQHandler) refers to gd32e10x_it.o(i.TIMER2_IRQHandler_lib) for TIMER2_IRQHandler_lib
    gd32e10x_it.o(i.USBFS_IRQHandler) refers to gd32e10x_it.o(i.USBFS_IRQHandler_lib) for USBFS_IRQHandler_lib
    gd32e10x_it.o(i.USBFS_WKUP_IRQHandler) refers to gd32e10x_it.o(i.USBFS_WKUP_IRQHandler_lib) for USBFS_WKUP_IRQHandler_lib
    system_gd32e10x.o(i.SystemCoreClockUpdate) refers to system_gd32e10x.o(.data) for SystemCoreClock
    system_gd32e10x.o(i.SystemInit) refers to system_gd32e10x.o(i.system_clock_config) for system_clock_config
    system_gd32e10x.o(i.SystemInit) refers to gd32e10x_misc.o(i.nvic_vector_table_set) for nvic_vector_table_set
    system_gd32e10x.o(i.system_clock_config) refers to system_gd32e10x.o(i.system_clock_120m_hxtal) for system_clock_120m_hxtal
    gd32e10x_adc.o(i.adc_deinit) refers to gd32e10x_rcu.o(i.rcu_periph_reset_enable) for rcu_periph_reset_enable
    gd32e10x_adc.o(i.adc_deinit) refers to gd32e10x_rcu.o(i.rcu_periph_reset_disable) for rcu_periph_reset_disable
    gd32e10x_bkp.o(i.bkp_deinit) refers to gd32e10x_rcu.o(i.rcu_bkp_reset_enable) for rcu_bkp_reset_enable
    gd32e10x_bkp.o(i.bkp_deinit) refers to gd32e10x_rcu.o(i.rcu_bkp_reset_disable) for rcu_bkp_reset_disable
    gd32e10x_can.o(i.can_debug_freeze_disable) refers to gd32e10x_dbg.o(i.dbg_periph_disable) for dbg_periph_disable
    gd32e10x_can.o(i.can_debug_freeze_enable) refers to gd32e10x_dbg.o(i.dbg_periph_enable) for dbg_periph_enable
    gd32e10x_can.o(i.can_deinit) refers to gd32e10x_rcu.o(i.rcu_periph_reset_enable) for rcu_periph_reset_enable
    gd32e10x_can.o(i.can_deinit) refers to gd32e10x_rcu.o(i.rcu_periph_reset_disable) for rcu_periph_reset_disable
    gd32e10x_can.o(i.can_fd_frequency_set) refers to gd32e10x_can.o(i.can_working_mode_set) for can_working_mode_set
    gd32e10x_can.o(i.can_fd_frequency_set) refers to gd32e10x_can.o(i.dev_can_baudrate_set) for dev_can_baudrate_set
    gd32e10x_can.o(i.can_filter_mask_mode_init) refers to gd32e10x_can.o(i.can_struct_para_init) for can_struct_para_init
    gd32e10x_can.o(i.can_filter_mask_mode_init) refers to gd32e10x_can.o(i.can_filter_init) for can_filter_init
    gd32e10x_can.o(i.can_frequency_set) refers to gd32e10x_can.o(i.can_working_mode_set) for can_working_mode_set
    gd32e10x_can.o(i.can_frequency_set) refers to gd32e10x_can.o(i.dev_can_baudrate_set) for dev_can_baudrate_set
[...]
    i.NMI_Handler                            0x0800053a   Section        0  gd32e10x_it.o(i.NMI_Handler)
    i.NVIC_SetPriority                       0x0800053c   Section        0  systick.o(i.NVIC_SetPriority)
    NVIC_SetPriority                         0x0800053d   Thumb Code    32  systick.o(i.NVIC_SetPriority)
    i.PendSV_Handler                         0x08000564   Section        0  gd32e10x_it.o(i.PendSV_Handler)
    i.RoundDown_PowerOf2                     0x08000566   Section        0  circular_buffer.o(i.RoundDown_PowerOf2)
    i.SVC_Handler                            0x0800059e   Section        0  gd32e10x_it.o(i.SVC_Handler)
    i.SysTick_Handler                        0x080005a0   Section        0  gd32e10x_it.o(i.SysTick_Handler)
    i.SystemInit                             0x080005a8   Section        0  system_gd32e10x.o(i.SystemInit)
    i.TIMER2_IRQHandler                      0x08000600   Section        0  gd32e10x_it.o(i.TIMER2_IRQHandler)
    i.TIMER2_IRQHandler_lib                  0x08000608   Section        0  gd32e10x_it.o(i.TIMER2_IRQHandler_lib)
    i.TIMER3_IRQHandler                      0x08000610   Section        0  main.o(i.TIMER3_IRQHandler)
    i.USART0_GetDataCount                    0x0800062c   Section        0  uart.o(i.USART0_GetDataCount)
    i.USART0_IRQHandler                      0x0800063c   Section        0  uart.o(i.USART0_IRQHandler)
    i.USART0_Recv                            0x080006a4   Section        0  uart.o(i.USART0_Recv)
    i.USART2_GetDataCount                    0x080006c4   Section        0  uart.o(i.USART2_GetDataCount)
    i.USART2_IRQHandler                      0x080006d4   Section        0  uart.o(i.USART2_IRQHandler)
    i.USART2_Recv                            0x0800073c   Section        0  uart.o(i.USART2_Recv)
    i.USBFS_IRQHandler                       0x0800075c   Section        0  gd32e10x_it.o(i.USBFS_IRQHandler)
    i.USBFS_IRQHandler_lib                   0x08000764   Section        0  gd32e10x_it.o(i.USBFS_IRQHandler_lib)
    i.USBFS_WKUP_IRQHandler                  0x08000774   Section        0  gd32e10x_it.o(i.USBFS_WKUP_IRQHandler)
    i.USBFS_WKUP_IRQHandler_lib              0x0800077c   Section        0  gd32e10x_it.o(i.USBFS_WKUP_IRQHandler_lib)
    i.UsageFault_Handler                     0x080007b4   Section        0  gd32e10x_it.o(i.UsageFault_Handler)
    i.__0sprintf$3                           0x080007b8   Section        0  printf3.o(i.__0sprintf$3)
    i.__scatterload_copy                     0x080007e0   Section       14  handlers.o(i.__scatterload_copy)
    i.__scatterload_null                     0x080007ee   Section        2  handlers.o(i.__scatterload_null)
    i.__scatterload_zeroinit                 0x080007f0   Section       14  handlers.o(i.__scatterload_zeroinit)
    i._printf_core                           0x08000800   Section        0  printf3.o(i._printf_core)
    _printf_core                             0x08000801   Thumb Code   436  printf3.o(i._printf_core)
    i._sputc                                 0x080009b8   Section        0  printf3.o(i._sputc)
    _sputc                                   0x080009b9   Thumb Code    10  printf3.o(i._sputc)
    i._usb_bos_desc_get                      0x080009c2   Section        0  usbd_enum.o(i._usb_bos_desc_get)
    _usb_bos_desc_get                        0x080009c3   Thumb Code    20  usbd_enum.o(i._usb_bos_desc_get)
    i._usb_config_desc_get                   0x080009d6   Section        0  usbd_enum.o(i._usb_config_desc_get)
    _usb_config_desc_get                     0x080009d7   Thumb Code    34  usbd_enum.o(i._usb_config_desc_get)
    i._usb_dev_desc_get                      0x080009f8   Section        0  usbd_enum.o(i._usb_dev_desc_get)
    _usb_dev_desc_get                        0x080009f9   Thumb Code    20  usbd_enum.o(i._usb_dev_desc_get)
    i._usb_std_clearfeature                  0x08000a0c   Section        0  usbd_enum.o(i._usb_std_clearfeature)
    _usb_std_clearfeature                    0x08000a0d   Thumb Code   116  usbd_enum.o(i._usb_std_clearfeature)
    i._usb_std_getconfiguration              0x08000a80   Section        0  usbd_enum.o(i._usb_std_getconfiguration)
    _usb_std_getconfiguration                0x08000a81   Thumb Code    64  usbd_enum.o(i._usb_std_getconfiguration)
    i._usb_std_getdescriptor                 0x08000ac0   Section        0  usbd_enum.o(i._usb_std_getdescriptor)
    _usb_std_getdescriptor                   0x08000ac1   Thumb Code   266  usbd_enum.o(i._usb_std_getdescriptor)
    i._usb_std_getinterface                  0x08000bd0   Section        0  usbd_enum.o(i._usb_std_getinterface)
    _usb_std_getinterface                    0x08000bd1   Thumb Code    60  usbd_enum.o(i._usb_std_getinterface)
    i._usb_std_getstatus                     0x08000c0c   Section        0  usbd_enum.o(i._usb_std_getstatus)
    _usb_std_getstatus                       0x08000c0d   Thumb Code   192  usbd_enum.o(i._usb_std_getstatus)
    i._usb_std_reserved                      0x08000cd0   Section        0  usbd_enum.o(i._usb_std_reserved)
    _usb_std_reserved                        0x08000cd1   Thumb Code     6  usbd_enum.o(i._usb_std_reserved)
    i._usb_std_setaddress                    0x08000cd6   Section        0  usbd_enum.o(i._usb_std_setaddress)
    _usb_std_setaddress                      0x08000cd7   Thumb Code    92  usbd_enum.o(i._usb_std_setaddress)
    i._usb_std_setconfiguration              0x08000d34   Section        0  usbd_enum.o(i._usb_std_setconfiguration)
    _usb_std_setconfiguration                0x08000d35   Thumb Code   176  usbd_enum.o(i._usb_std_setconfiguration)
    i._usb_std_setdescriptor                 0x08000de8   Section        0  usbd_enum.o(i._usb_std_setdescriptor)
    _usb_std_setdescriptor                   0x08000de9   Thumb Code     6  usbd_enum.o(i._usb_std_setdescriptor)
    i._usb_std_setfeature                    0x08000dee   Section        0  usbd_enum.o(i._usb_std_setfeature)
    _usb_std_setfeature                      0x08000def   Thumb Code   104  usbd_enum.o(i._usb_std_setfeature)
    i._usb_std_setinterface                  0x08000e56   Section        0  usbd_enum.o(i._usb_std_setinterface)
    _usb_std_setinterface                    0x08000e57   Thumb Code    68  usbd_enum.o(i._usb_std_setinterface)
    i._usb_std_synchframe                    0x08000e9a   Section        0  usbd_enum.o(i._usb_std_synchframe)
    _usb_std_synchframe                      0x08000e9b   Thumb Code     6  usbd_enum.o(i._usb_std_synchframe)
    i._usb_str_desc_get                      0x08000ea0   Section        0  usbd_enum.o(i._usb_str_desc_get)
    _usb_str_desc_get                        0x08000ea1   Thumb Code    20  usbd_enum.o(i._usb_str_desc_get)
    i.can_message_receive                    0x08000eb4   Section        0  gd32e10x_can.o(i.can_message_receive)
    i.cdc_acm_deinit                         0x08001078   Section        0  cdc_acm_core.o(i.cdc_acm_deinit)
    cdc_acm_deinit                           0x08001079   Thumb Code    34  cdc_acm_core.o(i.cdc_acm_deinit)
    i.cdc_acm_in                             0x0800109a   Section        0  cdc_acm_core.o(i.cdc_acm_in)
    cdc_acm_in                               0x0800109b   Thumb Code    70  cdc_acm_core.o(i.cdc_acm_in)
    i.cdc_acm_init                           0x080010e0   Section        0  cdc_acm_core.o(i.cdc_acm_init)
    cdc_acm_init                             0x080010e1   Thumb Code    84  cdc_acm_core.o(i.cdc_acm_init)
    i.cdc_acm_out                            0x08001140   Section        0  cdc_acm_core.o(i.cdc_acm_out)
    cdc_acm_out                              0x08001141   Thumb Code    32  cdc_acm_core.o(i.cdc_acm_out)
    i.cdc_acm_req                            0x08001160   Section        0  cdc_acm_core.o(i.cdc_acm_req)
    cdc_acm_req                              0x08001161   Thumb Code   176  cdc_acm_core.o(i.cdc_acm_req)
    i.cdc_ctlx_out                           0x08001210   Section        0  cdc_acm_core.o(i.cdc_ctlx_out)
    cdc_ctlx_out                             0x08001211   Thumb Code    82  cdc_acm_core.o(i.cdc_ctlx_out)
    i.delay_1ms                              0x08001264   Section        0  systick.o(i.delay_1ms)
    i.delay_decrement                        0x08001278   Section        0  systick.o(i.delay_decrement)
    i.dma0_ch1_usart2_tx_init                0x08001290   Section        0  uart.o(i.dma0_ch1_usart2_tx_init)
    i.dma0_ch2_usart2_rx_init                0x08001310   Section        0  uart.o(i.dma0_ch2_usart2_rx_init)
    i.dma0_ch4_usart0_rx_init                0x08001398   Section        0  uart.o(i.dma0_ch4_usart0_rx_init)
    i.dma_channel_disable                    0x08001418   Section        0  gd32e10x_dma.o(i.dma_channel_disable)
    i.dma_channel_enable                     0x0800144a   Section        0  gd32e10x_dma.o(i.dma_channel_enable)
    i.dma_circulation_disable                0x0800147c   Section        0  gd32e10x_dma.o(i.dma_circulation_disable)
    i.dma_deinit                             0x080014ae   Section        0  gd32e10x_dma.o(i.dma_deinit)
    i.dma_init                               0x0800151e   Section        0  gd32e10x_dma.o(i.dma_init)
    i.dma_interrupt_enable                   0x0800164c   Section        0  gd32e10x_dma.o(i.dma_interrupt_enable)
    i.dma_interrupt_flag_clear               0x0800167e   Section        0  gd32e10x_dma.o(i.dma_interrupt_flag_clear)
    i.dma_interrupt_flag_get                 0x0800168e   Section        0  gd32e10x_dma.o(i.dma_interrupt_flag_get)
    i.dma_memory_to_memory_disable           0x08001710   Section        0  gd32e10x_dma.o(i.dma_memory_to_memory_disable)
    i.dma_periph_and_channel_check           0x08001744   Section        0  gd32e10x_dma.o(i.dma_periph_and_channel_check)
    dma_periph_and_channel_check             0x08001745   Thumb Code    18  gd32e10x_dma.o(i.dma_periph_and_channel_check)
    i.dma_struct_para_init                   0x0800175c   Section        0  gd32e10x_dma.o(i.dma_struct_para_init)
    i.dma_transfer_number_config             0x08001778   Section        0  gd32e10x_dma.o(i.dma_transfer_number_config)
    i.dma_transfer_number_get                0x0800179e   Section        0  gd32e10x_dma.o(i.dma_transfer_number_get)
    i.exti_init                              0x080017c0   Section        0  gd32e10x_exti.o(i.exti_init)
    i.exti_interrupt_enable                  0x08001878   Section        0  gd32e10x_exti.o(i.exti_interrupt_enable)
    i.exti_interrupt_flag_clear              0x08001888   Section        0  gd32e10x_exti.o(i.exti_interrupt_flag_clear)
    i.gd_eval_com_init                       0x08001894   Section        0  uart.o(i.gd_eval_com_init)
    i.gpio_bit_reset                         0x08001944   Section        0  gd32e10x_gpio.o(i.gpio_bit_reset)
    i.gpio_bit_set                           0x08001948   Section        0  gd32e10x_gpio.o(i.gpio_bit_set)
    i.gpio_init                              0x0800194c   Section        0  gd32e10x_gpio.o(i.gpio_init)
    i.gpio_pin_remap_config                  0x08001a08   Section        0  gd32e10x_gpio.o(i.gpio_pin_remap_config)
    i.hw_delay                               0x08001a98   Section        0  gd32e10x_hw.o(i.hw_delay)
    hw_delay                                 0x08001a99   Thumb Code    34  gd32e10x_hw.o(i.hw_delay)
    i.hw_time_set                            0x08001ac4   Section        0  gd32e10x_hw.o(i.hw_time_set)
    hw_time_set                              0x08001ac5   Thumb Code   102  gd32e10x_hw.o(i.hw_time_set)
    i.int_to_unicode                         0x08001b34   Section        0  usbd_enum.o(i.int_to_unicode)
    i.led_init                               0x08001b70   Section        0  led.o(i.led_init)
    i.main                                   0x08001ba4   Section        0  main.o(i.main)
    i.malloc                                 0x08001e18   Section        0  malloc.o(i.malloc)
    i.nvic_config                            0x08001e84   Section        0  uart.o(i.nvic_config)
    i.nvic_irq_enable                        0x08001f08   Section        0  gd32e10x_misc.o(i.nvic_irq_enable)
    i.nvic_priority_group_set                0x08001fb4   Section        0  gd32e10x_misc.o(i.nvic_priority_group_set)
    i.nvic_vector_table_set                  0x08001fc8   Section        0  gd32e10x_misc.o(i.nvic_vector_table_set)
    i.pmu_to_deepsleepmode                   0x08001fdc   Section        0  gd32e10x_pmu.o(i.pmu_to_deepsleepmode)
    i.rcu_clock_freq_get                     0x080020a0   Section        0  gd32e10x_rcu.o(i.rcu_clock_freq_get)
    i.rcu_periph_clock_enable                0x08002224   Section        0  gd32e10x_rcu.o(i.rcu_periph_clock_enable)
    i.rcu_periph_reset_disable               0x08002244   Section        0  gd32e10x_rcu.o(i.rcu_periph_reset_disable)
    i.rcu_periph_reset_enable                0x08002264   Section        0  gd32e10x_rcu.o(i.rcu_periph_reset_enable)
    i.rcu_usb_clock_config                   0x08002284   Section        0  gd32e10x_rcu.o(i.rcu_usb_clock_config)
    i.serial_string_get                      0x0800229c   Section        0  usbd_enum.o(i.serial_string_get)
    i.system_clock_120m_hxtal                0x080022e8   Section        0  system_gd32e10x.o(i.system_clock_120m_hxtal)
    system_clock_120m_hxtal                  0x080022e9   Thumb Code   226  system_gd32e10x.o(i.system_clock_120m_hxtal)
    i.system_clock_config                    0x080023e4   Section        0  system_gd32e10x.o(i.system_clock_config)
    system_clock_config                      0x080023e5   Thumb Code     8  system_gd32e10x.o(i.system_clock_config)
    i.systick_config                         0x080023ec   Section        0  systick.o(i.systick_config)
    i.timer_auto_reload_shadow_enable        0x0800243c   Section        0  gd32e10x_timer.o(i.timer_auto_reload_shadow_enable)
    i.timer_disable                          0x08002446   Section        0  gd32e10x_timer.o(i.timer_disable)
    i.timer_enable                           0x08002450   Section        0  gd32e10x_timer.o(i.timer_enable)
    i.timer_init                             0x0800245c   Section        0  gd32e10x_timer.o(i.timer_init)
    i.timer_interrupt_disable                0x08002500   Section        0  gd32e10x_timer.o(i.timer_interrupt_disable)
    i.timer_interrupt_enable                 0x08002508   Section        0  gd32e10x_timer.o(i.timer_interrupt_enable)
    i.timer_interrupt_flag_clear             0x08002510   Section        0  gd32e10x_timer.o(i.timer_interrupt_flag_clear)
    i.timer_interrupt_flag_get               0x08002516   Section        0  gd32e10x_timer.o(i.timer_interrupt_flag_get)
    i.usart0_init                            0x08002530   Section        0  uart.o(i.usart0_init)
    i.usart0_rx_probe                        0x08002560   Section        0  uart.o(i.usart0_rx_probe)
    i.usart2_init                            0x08002570   Section        0  uart.o(i.usart2_init)
    i.usart2_rx_probe                        0x080025a4   Section        0  uart.o(i.usart2_rx_probe)
    i.usart_baudrate_set                     0x080025b4   Section        0  gd32e10x_usart.o(i.usart_baudrate_set)
    i.usart_deinit                           0x08002644   Section        0  gd32e10x_usart.o(i.usart_deinit)
    i.usart_dma_receive_config               0x080026d4   Section        0  gd32e10x_usart.o(i.usart_dma_receive_config)
    i.usart_enable                           0x080026e4   Section        0  gd32e10x_usart.o(i.usart_enable)
    i.usart_interrupt_enable                 0x080026ee   Section        0  gd32e10x_usart.o(i.usart_interrupt_enable)
    i.usart_interrupt_flag_get               0x08002708   Section        0  gd32e10x_usart.o(i.usart_interrupt_flag_get)
    i.usart_receive_config                   0x08002740   Section        0  gd32e10x_usart.o(i.usart_receive_config)
    i.usart_transmit_config                  0x08002750   Section        0  gd32e10x_usart.o(i.usart_transmit_config)
    i.usb_basic_init                         0x08002760   Section        0  drv_usb_core.o(i.usb_basic_init)
    i.usb_clock_active                       0x0800283a   Section        0  drv_usb_dev.o(i.usb_clock_active)
    i.usb_core_init                          0x0800285c   Section        0  drv_usb_core.o(i.usb_core_init)
    i.usb_core_reset                         0x080028f4   Section        0  drv_usb_core.o(i.usb_core_reset)
    usb_core_reset                           0x080028f5   Thumb Code    38  drv_usb_core.o(i.usb_core_reset)
    i.usb_ctlep_startout                     0x0800291c   Section        0  drv_usb_dev.o(i.usb_ctlep_startout)
    i.usb_curmode_set                        0x08002928   Section        0  drv_usb_core.o(i.usb_curmode_set)
    i.usb_devcore_init                       0x08002958   Section        0  drv_usb_dev.o(i.usb_devcore_init)
    i.usb_devint_enable                      0x08002aa8   Section        0  drv_usb_dev.o(i.usb_devint_enable)
    i.usb_iepintr_read                       0x08002ae8   Section        0  drv_usb_dev.o(i.usb_iepintr_read)
    i.usb_init                               0x08002b14   Section        0  app.o(i.usb_init)
    i.usb_intr_config                        0x08002b54   Section        0  gd32e10x_hw.o(i.usb_intr_config)
    i.usb_mdelay                             0x08002b98   Section        0  gd32e10x_hw.o(i.usb_mdelay)
    i.usb_rcu_config                         0x08002ba8   Section        0  gd32e10x_hw.o(i.usb_rcu_config)
    i.usb_rxfifo_flush                       0x08002c30   Section        0  drv_usb_core.o(i.usb_rxfifo_flush)
    i.usb_rxfifo_read                        0x08002c52   Section        0  drv_usb_core.o(i.usb_rxfifo_read)
    i.usb_send_buffer                        0x08002c70   Section        0  app.o(i.usb_send_buffer)
    i.usb_set_txfifo                         0x08002c86   Section        0  drv_usb_core.o(i.usb_set_txfifo)
    i.usb_timer_init                         0x08002cce   Section        0  gd32e10x_hw.o(i.usb_timer_init)
    i.usb_timer_irq                          0x08002cec   Section        0  gd32e10x_hw.o(i.usb_timer_irq)
    i.usb_transc_active                      0x08002d24   Section        0  drv_usb_dev.o(i.usb_transc_active)
    i.usb_transc_clrstall                    0x08002dbc   Section        0  drv_usb_dev.o(i.usb_transc_clrstall)
    i.usb_transc_deactivate                  0x08002e00   Section        0  drv_usb_dev.o(i.usb_transc_deactivate)
    i.usb_transc_inxfer                      0x08002e64   Section        0  drv_usb_dev.o(i.usb_transc_inxfer)
    i.usb_transc_outxfer                     0x08002f6a   Section        0  drv_usb_dev.o(i.usb_transc_outxfer)
    i.usb_transc_stall                       0x08002fe8   Section        0  drv_usb_dev.o(i.usb_transc_stall)
    i.usb_txfifo_flush                       0x0800302a   Section        0  drv_usb_core.o(i.usb_txfifo_flush)
    i.usb_txfifo_write                       0x08003052   Section        0  drv_usb_core.o(i.usb_txfifo_write)
    i.usb_udelay                             0x08003074   Section        0  gd32e10x_hw.o(i.usb_udelay)
    i.usbd_class_request                     0x08003082   Section        0  usbd_enum.o(i.usbd_class_request)
    i.usbd_connect                           0x080030a8   Section        0  usbd_core.o(i.usbd_connect)
    i.usbd_ctl_recev                         0x080030c4   Section        0  usbd_transc.o(i.usbd_ctl_recev)
    i.usbd_ctl_send                          0x080030f2   Section        0  usbd_transc.o(i.usbd_ctl_send)
    i.usbd_ctl_status_recev                  0x08003120   Section        0  usbd_transc.o(i.usbd_ctl_status_recev)
    i.usbd_ctl_status_send                   0x08003140   Section        0  usbd_transc.o(i.usbd_ctl_status_send)
    i.usbd_disconnect                        0x08003160   Section        0  usbd_core.o(i.usbd_disconnect)
    i.usbd_emptytxfifo_write                 0x0800317c   Section        0  drv_usbd_int.o(i.usbd_emptytxfifo_write)
    usbd_emptytxfifo_write                   0x0800317d   Thumb Code   140  drv_usbd_int.o(i.usbd_emptytxfifo_write)
    i.usbd_enum_error                        0x08003208   Section        0  usbd_enum.o(i.usbd_enum_error)
    i.usbd_ep_clear                          0x08003226   Section        0  usbd_core.o(i.usbd_ep_clear)
    i.usbd_ep_recev                          0x0800325a   Section        0  usbd_core.o(i.usbd_ep_recev)
    i.usbd_ep_send                           0x0800328e   Section        0  usbd_core.o(i.usbd_ep_send)
    i.usbd_ep_setup                          0x080032c4   Section        0  usbd_core.o(i.usbd_ep_setup)
    i.usbd_ep_stall                          0x08003334   Section        0  usbd_core.o(i.usbd_ep_stall)
    i.usbd_ep_stall_clear                    0x0800336e   Section        0  usbd_core.o(i.usbd_ep_stall_clear)
    i.usbd_in_transc                         0x080033a8   Section        0  usbd_transc.o(i.usbd_in_transc)
    i.usbd_init                              0x0800343a   Section        0  usbd_core.o(i.usbd_init)
    i.usbd_int_enumfinish                    0x080034b8   Section        0  drv_usbd_int.o(i.usbd_int_enumfinish)
    usbd_int_enumfinish                      0x080034b9   Thumb Code    98  drv_usbd_int.o(i.usbd_int_enumfinish)
    i.usbd_int_epin                          0x08003520   Section        0  drv_usbd_int.o(i.usbd_int_epin)
    usbd_int_epin                            0x08003521   Thumb Code   116  drv_usbd_int.o(i.usbd_int_epin)
    i.usbd_int_epout                         0x08003594   Section        0  drv_usbd_int.o(i.usbd_int_epout)
    usbd_int_epout                           0x08003595   Thumb Code   126  drv_usbd_int.o(i.usbd_int_epout)
    i.usbd_int_reset                         0x08003614   Section        0  drv_usbd_int.o(i.usbd_int_reset)
    usbd_int_reset                           0x08003615   Thumb Code   208  drv_usbd_int.o(i.usbd_int_reset)
    i.usbd_int_rxfifo                        0x080036ec   Section        0  drv_usbd_int.o(i.usbd_int_rxfifo)
    usbd_int_rxfifo                          0x080036ed   Thumb Code   178  drv_usbd_int.o(i.usbd_int_rxfifo)
    i.usbd_int_suspend                       0x0800379e   Section        0  drv_usbd_int.o(i.usbd_int_suspend)
    usbd_int_suspend                         0x0800379f   Thumb Code   102  drv_usbd_int.o(i.usbd_int_suspend)
    i.usbd_isr                               0x08003804   Section        0  drv_usbd_int.o(i.usbd_isr)
    i.usbd_out_transc                        0x080038e2   Section        0  usbd_transc.o(i.usbd_out_transc)
    i.usbd_setup_transc                      0x08003958   Section        0  usbd_transc.o(i.usbd_setup_transc)
    i.usbd_standard_request                  0x080039dc   Section        0  usbd_enum.o(i.usbd_standard_request)
    i.usbd_vendor_request                    0x080039f8   Section        0  usbd_enum.o(i.usbd_vendor_request)
    .constdata                               0x08003a00   Section      192  gd32e10x_can.o(.constdata)
    timing_pts                               0x08003a08   Data         184  gd32e10x_can.o(.constdata)
    .constdata                               0x08003ac0   Section        4  drv_usb_dev.o(.constdata)
    EP0_MAXLEN                               0x08003ac0   Data           4  drv_usb_dev.o(.constdata)
    .constdata                               0x08003ac4   Section       52  drv_usbd_int.o(.constdata)
    USB_SPEED                                0x08003ac4   Data           4  drv_usbd_int.o(.constdata)
    <Data1>                                  0x08003ac8   Data          24  drv_usbd_int.o(.constdata)
    <Data2>                                  0x08003ae0   Data          24  drv_usbd_int.o(.constdata)
    .constdata                               0x08003af8   Section       16  usbd_core.o(.constdata)
    .constdata                               0x08003b08   Section      375  cdc_acm_core.o(.constdata)
    usbd_language_id_desc                    0x08003b5d   Data           4  cdc_acm_core.o(.constdata)
    manufacturer_string                      0x08003b61   Data         130  cdc_acm_core.o(.constdata)
    product_string                           0x08003be3   Data         130  cdc_acm_core.o(.constdata)
    .conststring                             0x08003c80   Section        2  main.o(.conststring)
    .data                                    0x20000000   Section       15  main.o(.data)
    led_flag_red                             0x2000000e   Data           1  main.o(.data)
    .data                                    0x20000010   Section        4  systick.o(.data)
    delay                                    0x20000010   Data           4  systick.o(.data)
    .data                                    0x20000014   Section        4  system_gd32e10x.o(.data)
    .data                                    0x20000018   Section       54  uart.o(.data)
    COM_CLK                                  0x2000001c   Data           6  uart.o(.data)
    COM_TX_PIN                               0x20000024   Data          12  uart.o(.data)
    COM_RX_PIN                               0x20000030   Data          12  uart.o(.data)
    COM_GPIO_PORT                            0x2000003c   Data          12  uart.o(.data)
    COM_GPIO_CLK                             0x20000048   Data           6  uart.o(.data)
    .data                                    0x20000050   Section        4  app.o(.data)
    .data                                    0x20000054   Section       12  gd32e10x_hw.o(.data)
    .data                                    0x20000060   Section        8  drv_usb_dev.o(.data)
    USBFS_TX_FIFO_SIZE                       0x20000060   Data           8  drv_usb_dev.o(.data)
    .data                                    0x20000068   Section      196  cdc_acm_core.o(.data)
    serial_string                            0x20000068   Data         130  cdc_acm_core.o(.data)
    .data                                    0x2000012c   Section       67  usbd_enum.o(.data)
    _std_dev_req                             0x2000012c   Data          52  usbd_enum.o(.data)
    std_desc_get                             0x20000160   Data          12  usbd_enum.o(.data)
    status                                   0x2000016c   Data           2  usbd_enum.o(.data)
    config                                   0x2000016e   Data           1  usbd_enum.o(.data)
    .data                                    0x20000170   Section        4  mvars.o(.data)
    .data                                    0x20000174   Section        4  mvars.o(.data)
    .bss                                     0x20000178   Section     5422  main.o(.bss)
    .bss                                     0x200016a8   Section       16  gd32e10x_pmu.o(.bss)
    reg_snap                                 0x200016a8   Data          16  gd32e10x_pmu.o(.bss)
    .bss                                     0x200016b8   Section    10288  uart.o(.bss)
    .bss                                     0x20003ee8   Section       88  cdc_acm_core.o(.bss)
    cdc_handler                              0x20003ee8   Data          88  cdc_acm_core.o(.bss)
    HEAP                                     0x20003f40   Section     1024  startup_gd32e10x.o(HEAP)
    STACK                                    0x20004340   Section     1024  startup_gd32e10x.o(STACK)

    Global Symbols

    Symbol Name                              Value     Ov Type        Size  Object(Section)

    BuildAttributes$$THM_ISAv4$E$P$D$K$B$S$7EM$VFPi3$EXTD16$VFPS$VFMA$PE$A:L22UL41UL21$X:L11$S22US41US21$IEEE1$IW$USESV6$~STKCKD$USESV7$~SHL$OSPACE$ROPI$EBA8$MICROLIB$REQ8$PRES8$EABIv2 0x00000000   Number         0  anon$$obj.o ABSOLUTE
    __ARM_use_no_argv                        0x00000000   Number         0  main.o ABSOLUTE
    _printf_a                                0x00000000   Number         0  stubs.o ABSOLUTE
    _printf_c                                0x00000000   Number         0  stubs.o ABSOLUTE
    _printf_charcount                        0x00000000   Number         0  stubs.o ABSOLUTE
    _printf_d                                0x00000000   Number         0  stubs.o ABSOLUTE
    _printf_e                                0x00000000   Number         0  stubs.o ABSOLUTE
    _printf_f                                0x00000000   Number         0  stubs.o ABSOLUTE
    _printf_flags                            0x00000000   Number         0  stubs.o ABSOLUTE
    _printf_fp_dec                           0x00000000   Number         0  stubs.o ABSOLUTE
    _printf_fp_hex                           0x00000000   Number         0  stubs.o ABSOLUTE
    _printf_g                                0x00000000   Number         0  stubs.o ABSOLUTE
    _printf_i                                0x00000000   Number         0  stubs.o ABSOLUTE
    _printf_int_dec                          0x00000000   Number         0  stubs.o ABSOLUTE
    _printf_l                                0x00000000   Number         0  stubs.o ABSOLUTE
    _printf_lc                               0x00000000   Number         0  stubs.o ABSOLUTE
    _printf_ll                               0x00000000   Number         0  stubs.o ABSOLUTE
    _printf_lld                              0x00000000   Number         0  stubs.o ABSOLUTE
    _printf_lli                              0x00000000   Number         0  stubs.o ABSOLUTE
    _printf_llo                              0x00000000   Number         0  stubs.o ABSOLUTE
    _printf_llu                              0x00000000   Number         0  stubs.o ABSOLUTE
    _printf_llx                              0x00000000   Number         0  stubs.o ABSOLUTE
    _printf_longlong_dec                     0x00000000   Number         0  stubs.o ABSOLUTE
    _printf_longlong_hex                     0x00000000   Number         0  stubs.o ABSOLUTE
    _printf_longlong_oct                     0x00000000   Number         0  stubs.o ABSOLUTE
    _printf_ls                               0x00000000   Number         0  stubs.o ABSOLUTE
    _printf_mbtowc                           0x00000000   Number         0  stubs.o ABSOLUTE
    _printf_n                                0x00000000   Number         0  stubs.o ABSOLUTE
    _printf_o                                0x00000000   Number         0  stubs.o ABSOLUTE
    _printf_p                                0x00000000   Number         0  stubs.o ABSOLUTE
    _printf_percent                          0x00000000   Number         0  stubs.o ABSOLUTE
    _printf_pre_padding                      0x00000000   Number         0  stubs.o ABSOLUTE
    _printf_return_value                     0x00000000   Number         0  stubs.o ABSOLUTE
    _printf_s                                0x00000000   Number         0  stubs.o ABSOLUTE
    _printf_sizespec                         0x00000000   Number         0  stubs.o ABSOLUTE
    _printf_str                              0x00000000   Number         0  stubs.o ABSOLUTE
    _printf_truncate_signed                  0x00000000   Number         0  stubs.o ABSOLUTE
    _printf_truncate_unsigned                0x00000000   Number         0  stubs.o ABSOLUTE
    _printf_u                                0x00000000   Number         0  stubs.o ABSOLUTE
    _printf_wc                               0x00000000   Number         0  stubs.o ABSOLUTE
    _printf_wctomb                           0x00000000   Number         0  stubs.o ABSOLUTE
    _printf_widthprec                        0x00000000   Number         0  stubs.o ABSOLUTE
    _printf_x                                0x00000000   Number         0  stubs.o ABSOLUTE
    __arm_fini_                               - Undefined Weak Reference
    __cpp_initialize__aeabi_                  - Undefined Weak Reference
    __cxa_finalize                            - Undefined Weak Reference
    _clock_init                               - Undefined Weak Reference
    _microlib_exit                            - Undefined Weak Reference
    __Vectors_Size                           0x00000150   Number         0  startup_gd32e10x.o ABSOLUTE
    __Vectors                                0x08000000   Data           4  startup_gd32e10x.o(RESET)
    __Vectors_End                            0x08000150   Data           0  startup_gd32e10x.o(RESET)
    __main                                   0x08000151   Thumb Code     0  entry.o(.ARM.Collect$$$$00000000)
    _main_stk                                0x08000151   Thumb Code     0  entry2.o(.ARM.Collect$$$$00000001)
    _main_scatterload                        0x08000155   Thumb Code     0  entry5.o(.ARM.Collect$$$$00000004)
    __main_after_scatterload                 0x08000159   Thumb Code     0  entry5.o(.ARM.Collect$$$$00000004)
    _main_clock                              0x08000159   Thumb Code     0  entry7b.o(.ARM.Collect$$$$00000008)
    _main_cpp_init                           0x08000159   Thumb Code     0  entry8b.o(.ARM.Collect$$$$0000000A)
    _main_init                               0x08000159   Thumb Code     0  entry9a.o(.ARM.Collect$$$$0000000B)
    __rt_lib_shutdown_fini                   0x08000161   Thumb Code     0  entry12b.o(.ARM.Collect$$$$0000000E)
    __rt_final_cpp                           0x08000165   Thumb Code     0  entry10a.o(.ARM.Collect$$$$0000000F)
    __rt_final_exit                          0x08000165   Thumb Code     0  entry11a.o(.ARM.Collect$$$$00000011)
    Reset_Handler                            0x08000169   Thumb Code     8  startup_gd32e10x.o(.text)
    ADC0_1_IRQHandler                        0x08000183   Thumb Code     0  startup_gd32e10x.o(.text)
    CAN0_EWMC_IRQHandler                     0x08000183   Thumb Code     0  startup_gd32e10x.o(.text)
    CAN0_RX1_IRQHandler                      0x08000183   Thumb Code     0  startup_gd32e10x.o(.text)
    CAN0_TX_IRQHandler                       0x08000183   Thumb Code     0  startup_gd32e10x.o(.text)
    CAN1_EWMC_IRQHandler                     0x08000183   Thumb Code     0  startup_gd32e10x.o(.text)
    CAN1_RX0_IRQHandler                      0x08000183   Thumb Code     0  startup_gd32e10x.o(.text)
    CAN1_RX1_IRQHandler                      0x08000183   Thumb Code     0  startup_gd32e10x.o(.text)
    CAN1_TX_IRQHandler                       0x08000183   Thumb Code     0  startup_gd32e10x.o(.text)
    DMA0_Channel0_IRQHandler                 0x08000183   Thumb Code     0  startup_gd32e10x.o(.text)
    DMA1_Channel0_IRQHandler                 0x08000183   Thumb Code     0  startup_gd32e10x.o(.text)
    DMA1_Channel1_IRQHandler                 0x08000183   Thumb Code     0  startup_gd32e10x.o(.text)
    DMA1_Channel2_IRQHandler                 0x08000183   Thumb Code     0  startup_gd32e10x.o(.text)
    DMA1_Channel3_IRQHandler                 0x08000183   Thumb Code     0  startup_gd32e10x.o(.text)
    DMA1_Channel4_IRQHandler                 0x08000183   Thumb Code     0  startup_gd32e10x.o(.text)
    EXMC_IRQHandler                          0x08000183   Thumb Code     0  startup_gd32e10x.o(.text)
    EXTI0_IRQHandler                         0x08000183   Thumb Code     0  startup_gd32e10x.o(.text)
    EXTI10_15_IRQHandler                     0x08000183   Thumb Code     0  startup_gd32e10x.o(.text)
    EXTI1_IRQHandler                         0x08000183   Thumb Code     0  startup_gd32e10x.o(.text)
    EXTI2_IRQHandler                         0x08000183   Thumb Code     0  startup_gd32e10x.o(.text)
    EXTI3_IRQHandler                         0x08000183   Thumb Code     0  startup_gd32e10x.o(.text)
    EXTI4_IRQHandler                         0x08000183   Thumb Code     0  startup_gd32e10x.o(.text)
    EXTI5_9_IRQHandler                       0x08000183   Thumb Code     0  startup_gd32e10x.o(.text)
    FMC_IRQHandler                           0x08000183   Thumb Code     0  startup_gd32e10x.o(.text)
    I2C0_ER_IRQHandler                       0x08000183   Thumb Code     0  startup_gd32e10x.o(.text)
    I2C0_EV_IRQHandler                       0x08000183   Thumb Code     0  startup_gd32e10x.o(.text)
    I2C1_ER_IRQHandler                       0x08000183   Thumb Code     0  startup_gd32e10x.o(.text)
    I2C1_EV_IRQHandler                       0x08000183   Thumb Code     0  startup_gd32e10x.o(.text)
    LVD_IRQHandler                           0x08000183   Thumb Code     0  startup_gd32e10x.o(.text)
    RCU_CTC_IRQHandler                       0x08000183   Thumb Code     0  startup_gd32e10x.o(.text)
    RTC_Alarm_IRQHandler                     0x08000183   Thumb Code     0  startup_gd32e10x.o(.text)
    RTC_IRQHandler                           0x08000183   Thumb Code     0  startup_gd32e10x.o(.text)
    SPI0_IRQHandler                          0x08000183   Thumb Code     0  startup_gd32e10x.o(.text)
    SPI1_IRQHandler                          0x08000183   Thumb Code     0  startup_gd32e10x.o(.text)
    SPI2_IRQHandler                          0x08000183   Thumb Code     0  startup_gd32e10x.o(.text)
    TAMPER_IRQHandler                        0x08000183   Thumb Code     0  startup_gd32e10x.o(.text)
    TIMER0_BRK_TIMER8_IRQHandler             0x08000183   Thumb Code     0  startup_gd32e10x.o(.text)
    TIMER0_Channel_IRQHandler                0x08000183   Thumb Code     0  startup_gd32e10x.o(.text)
    TIMER0_TRG_CMT_TIMER10_IRQHandler        0x08000183   Thumb Code     0  startup_gd32e10x.o(.text)
    TIMER0_UP_TIMER9_IRQHandler              0x08000183   Thumb Code     0  startup_gd32e10x.o(.text)
    TIMER1_IRQHandler                        0x08000183   Thumb Code     0  startup_gd32e10x.o(.text)
    TIMER4_IRQHandler                        0x08000183   Thumb Code     0  startup_gd32e10x.o(.text)
    TIMER5_IRQHandler                        0x08000183   Thumb Code     0  startup_gd32e10x.o(.text)
    TIMER6_IRQHandler                        0x08000183   Thumb Code     0  startup_gd32e10x.o(.text)
    TIMER7_BRK_TIMER11_IRQHandler            0x08000183   Thumb Code     0  startup_gd32e10x.o(.text)
    TIMER7_Channel_IRQHandler                0x08000183   Thumb Code     0  startup_gd32e10x.o(.text)
    TIMER7_TRG_CMT_TIMER13_IRQHandler        0x08000183   Thumb Code     0  startup_gd32e10x.o(.text)
    TIMER7_UP_TIMER12_IRQHandler             0x08000183   Thumb Code     0  startup_gd32e10x.o(.text)
    UART3_IRQHandler                         0x08000183   Thumb Code     0  startup_gd32e10x.o(.text)
    UART4_IRQHandler                         0x08000183   Thumb Code     0  startup_gd32e10x.o(.text)
    USART1_IRQHandler                        0x08000183   Thumb Code     0  startup_gd32e10x.o(.text)
    WWDGT_IRQHandler                         0x08000183   Thumb Code     0  startup_gd32e10x.o(.text)
    __aeabi_memcpy                           0x0800018d   Thumb Code    36  memcpya.o(.text)
    __aeabi_memcpy4                          0x0800018d   Thumb Code     0  memcpya.o(.text)
    __aeabi_memcpy8                          0x0800018d   Thumb Code     0  memcpya.o(.text)
    __aeabi_memset                           0x080001b1   Thumb Code    14  memseta.o(.text)
    __aeabi_memset4                          0x080001b1   Thumb Code     0  memseta.o(.text)
    __aeabi_memset8                          0x080001b1   Thumb Code     0  memseta.o(.text)
    __aeabi_memclr                           0x080001bf   Thumb Code     4  memseta.o(.text)
    __aeabi_memclr4                          0x080001bf   Thumb Code     0  memseta.o(.text)
    __aeabi_memclr8                          0x080001bf   Thumb Code     0  memseta.o(.text)
    _memset$wrapper                          0x080001c3   Thumb Code    18  memseta.o(.text)
    strcat                                   0x080001d5   Thumb Code    24  strcat.o(.text)
    strlen                                   0x080001ed   Thumb Code    14  strlen.o(.text)
    calloc                                   0x080001fb   Thumb Code    28  calloc.o(.text)
    __aeabi_uidiv                            0x08000217   Thumb Code     0  uidiv.o(.text)
    __aeabi_uidivmod                         0x08000217   Thumb Code    44  uidiv.o(.text)
    __scatterload                            0x08000245   Thumb Code    28  init.o(.text)
    __scatterload_rt2                        0x08000245   Thumb Code     0  init.o(.text)
    __decompress                             0x08000269   Thumb Code     0  __dczerorl2.o(.text)
    __decompress1                            0x08000269   Thumb Code    86  __dczerorl2.o(.text)
    BusFault_Handler                         0x080002bf   Thumb Code     4  gd32e10x_it.o(i.BusFault_Handler)
    CAN0_RX0_IRQHandler                      0x080002c5   Thumb Code    30  main.o(i.CAN0_RX0_IRQHandler)
    CircBuf_GetUsedSize                      0x080002ed   Thumb Code    10  circular_buffer.o(i.CircBuf_GetUsedSize)
    CircBuf_Init                             0x080002f7   Thumb Code    60  circular_buffer.o(i.CircBuf_Init)
    CircBuf_IsEmpty                          0x08000333   Thumb Code    22  circular_buffer.o(i.CircBuf_IsEmpty)
    CircBuf_Pop                              0x08000349   Thumb Code   108  circular_buffer.o(i.CircBuf_Pop)
    CircBuf_Push                             0x080003b5   Thumb Code   116  circular_buffer.o(i.CircBuf_Push)
    DMA0_Channel1_IRQHandler                 0x08000429   Thumb Code    32  uart.o(i.DMA0_Channel1_IRQHandler)
    DMA0_Channel2_IRQHandler                 0x08000451   Thumb Code    26  uart.o(i.DMA0_Channel2_IRQHandler)
    DMA0_Channel3_IRQHandler                 0x08000471   Thumb Code    32  uart.o(i.DMA0_Channel3_IRQHandler)
    DMA0_Channel4_IRQHandler                 0x08000499   Thumb Code    26  uart.o(i.DMA0_Channel4_IRQHandler)
    DMA0_Channel5_IRQHandler                 0x080004b9   Thumb Code    26  uart.o(i.DMA0_Channel5_IRQHandler)
    DMA0_Channel6_IRQHandler                 0x080004d9   Thumb Code    32  uart.o(i.DMA0_Channel6_IRQHandler)
    DebugMon_Handler                         0x08000501   Thumb Code     2  gd32e10x_it.o(i.DebugMon_Handler)
    HardFault_Handler                        0x08000503   Thumb Code     4  gd32e10x_it.o(i.HardFault_Handler)
    IsPowerOf2                               0x08000507   Thumb Code    48  circular_buffer.o(i.IsPowerOf2)
    MemManage_Handler                        0x08000537   Thumb Code     4  gd32e10x_it.o(i.MemManage_Handler)
    NMI_Handler                              0x0800053b   Thumb Code     2  gd32e10x_it.o(i.NMI_Handler)
    PendSV_Handler                           0x08000565   Thumb Code     2  gd32e10x_it.o(i.PendSV_Handler)
    RoundDown_PowerOf2                       0x08000567   Thumb Code    56  circular_buffer.o(i.RoundDown_PowerOf2)
    SVC_Handler                              0x0800059f   Thumb Code     2  gd32e10x_it.o(i.SVC_Handler)
    SysTick_Handler                          0x080005a1   Thumb Code     8  gd32e10x_it.o(i.SysTick_Handler)
    SystemInit                               0x080005a9   Thumb Code    76  system_gd32e10x.o(i.SystemInit)
    TIMER2_IRQHandler                        0x08000601   Thumb Code     8  gd32e10x_it.o(i.TIMER2_IRQHandler)
    TIMER2_IRQHandler_lib                    0x08000609   Thumb Code     8  gd32e10x_it.o(i.TIMER2_IRQHandler_lib)
    TIMER3_IRQHandler                        0x08000611   Thumb Code    24  main.o(i.TIMER3_IRQHandler)
    USART0_GetDataCount                      0x0800062d   Thumb Code    10  uart.o(i.USART0_GetDataCount)
    USART0_IRQHandler                        0x0800063d   Thumb Code    84  uart.o(i.USART0_IRQHandler)
    USART0_Recv                              0x080006a5   Thumb Code    26  uart.o(i.USART0_Recv)
    USART2_GetDataCount                      0x080006c5   Thumb Code    10  uart.o(i.USART2_GetDataCount)
    USART2_IRQHandler                        0x080006d5   Thumb Code    84  uart.o(i.USART2_IRQHandler)
    USART2_Recv                              0x0800073d   Thumb Code    26  uart.o(i.USART2_Recv)
    USBFS_IRQHandler                         0x0800075d   Thumb Code     8  gd32e10x_it.o(i.USBFS_IRQHandler)
    USBFS_IRQHandler_lib                     0x08000765   Thumb Code    12  gd32e10x_it.o(i.USBFS_IRQHandler_lib)
    USBFS_WKUP_IRQHandler                    0x08000775   Thumb Code     8  gd32e10x_it.o(i.USBFS_WKUP_IRQHandler)
    USBFS_WKUP_IRQHandler_lib                0x0800077d   Thumb Code    48  gd32e10x_it.o(i.USBFS_WKUP_IRQHandler_lib)
    UsageFault_Handler                       0x080007b5   Thumb Code     4  gd32e10x_it.o(i.UsageFault_Handler)
    __0sprintf$3                             0x080007b9   Thumb Code    34  printf3.o(i.__0sprintf$3)
    __1sprintf$3                             0x080007b9   Thumb Code     0  printf3.o(i.__0sprintf$3)
    __2sprintf                               0x080007b9   Thumb Code     0  printf3.o(i.__0sprintf$3)
    __scatterload_copy                       0x080007e1   Thumb Code    14  handlers.o(i.__scatterload_copy)
    __scatterload_null                       0x080007ef   Thumb Code     2  handlers.o(i.__scatterload_null)
    __scatterload_zeroinit                   0x080007f1   Thumb Code    14  handlers.o(i.__scatterload_zeroinit)
    can_message_receive                      0x08000eb5   Thumb Code   448  gd32e10x_can.o(i.can_message_receive)
    delay_1ms                                0x08001265   Thumb Code    16  systick.o(i.delay_1ms)
    delay_decrement                          0x08001279   Thumb Code    18  systick.o(i.delay_decrement)
    dma0_ch1_usart2_tx_init                  0x08001291   Thumb Code   114  uart.o(i.dma0_ch1_usart2_tx_init)
    dma0_ch2_usart2_rx_init                  0x08001311   Thumb Code   122  uart.o(i.dma0_ch2_usart2_rx_init)
    dma0_ch4_usart0_rx_init                  0x08001399   Thumb Code   114  uart.o(i.dma0_ch4_usart0_rx_init)
    dma_channel_disable                      0x08001419   Thumb Code    50  gd32e10x_dma.o(i.dma_channel_disable)
    dma_channel_enable                       0x0800144b   Thumb Code    50  gd32e10x_dma.o(i.dma_channel_enable)
    dma_circulation_disable                  0x0800147d   Thumb Code    50  gd32e10x_dma.o(i.dma_circulation_disable)
    dma_deinit                               0x080014af   Thumb Code   112  gd32e10x_dma.o(i.dma_deinit)
    dma_init                                 0x0800151f   Thumb Code   302  gd32e10x_dma.o(i.dma_init)
    dma_interrupt_enable                     0x0800164d   Thumb Code    50  gd32e10x_dma.o(i.dma_interrupt_enable)
    dma_interrupt_flag_clear                 0x0800167f   Thumb Code    16  gd32e10x_dma.o(i.dma_interrupt_flag_clear)
    dma_interrupt_flag_get                   0x0800168f   Thumb Code   130  gd32e10x_dma.o(i.dma_interrupt_flag_get)
    dma_memory_to_memory_disable             0x08001711   Thumb Code    50  gd32e10x_dma.o(i.dma_memory_to_memory_disable)
    dma_struct_para_init                     0x0800175d   Thumb Code    28  gd32e10x_dma.o(i.dma_struct_para_init)
    dma_transfer_number_config               0x08001779   Thumb Code    38  gd32e10x_dma.o(i.dma_transfer_number_config)
    dma_transfer_number_get                  0x0800179f   Thumb Code    34  gd32e10x_dma.o(i.dma_transfer_number_get)
    exti_init                                0x080017c1   Thumb Code   178  gd32e10x_exti.o(i.exti_init)
    exti_interrupt_enable                    0x08001879   Thumb Code    12  gd32e10x_exti.o(i.exti_interrupt_enable)
    exti_interrupt_flag_clear                0x08001889   Thumb Code     6  gd32e10x_exti.o(i.exti_interrupt_flag_clear)
    gd_eval_com_init                         0x08001895   Thumb Code   142  uart.o(i.gd_eval_com_init)
    gpio_bit_reset                           0x08001945   Thumb Code     4  gd32e10x_gpio.o(i.gpio_bit_reset)
    gpio_bit_set                             0x08001949   Thumb Code     4  gd32e10x_gpio.o(i.gpio_bit_set)
    gpio_init                                0x0800194d   Thumb Code   188  gd32e10x_gpio.o(i.gpio_init)
    gpio_pin_remap_config                    0x08001a09   Thumb Code   138  gd32e10x_gpio.o(i.gpio_pin_remap_config)
    int_to_unicode                           0x08001b35   Thumb Code    60  usbd_enum.o(i.int_to_unicode)
    led_init                                 0x08001b71   Thumb Code    42  led.o(i.led_init)
    main                                     0x08001ba5   Thumb Code   520  main.o(i.main)
    malloc                                   0x08001e19   Thumb Code    92  malloc.o(i.malloc)
    nvic_config                              0x08001e85   Thumb Code   118  uart.o(i.nvic_config)
    nvic_irq_enable                          0x08001f09   Thumb Code   162  gd32e10x_misc.o(i.nvic_irq_enable)
    nvic_priority_group_set                  0x08001fb5   Thumb Code    10  gd32e10x_misc.o(i.nvic_priority_group_set)
    nvic_vector_table_set                    0x08001fc9   Thumb Code    12  gd32e10x_misc.o(i.nvic_vector_table_set)
    pmu_to_deepsleepmode                     0x08001fdd   Thumb Code   170  gd32e10x_pmu.o(i.pmu_to_deepsleepmode)
    rcu_clock_freq_get                       0x080020a1   Thumb Code   352  gd32e10x_rcu.o(i.rcu_clock_freq_get)
    rcu_periph_clock_enable                  0x08002225   Thumb Code    28  gd32e10x_rcu.o(i.rcu_periph_clock_enable)
    rcu_periph_reset_disable                 0x08002245   Thumb Code    28  gd32e10x_rcu.o(i.rcu_periph_reset_disable)
    rcu_periph_reset_enable                  0x08002265   Thumb Code    28  gd32e10x_rcu.o(i.rcu_periph_reset_enable)
    rcu_usb_clock_config                     0x08002285   Thumb Code    18  gd32e10x_rcu.o(i.rcu_usb_clock_config)
    serial_string_get                        0x0800229d   Thumb Code    66  usbd_enum.o(i.serial_string_get)
    systick_config                           0x080023ed   Thumb Code    74  systick.o(i.systick_config)
    timer_auto_reload_shadow_enable          0x0800243d   Thumb Code    10  gd32e10x_timer.o(i.timer_auto_reload_shadow_enable)
    timer_disable                            0x08002447   Thumb Code    10  gd32e10x_timer.o(i.timer_disable)
    timer_enable                             0x08002451   Thumb Code    10  gd32e10x_timer.o(i.timer_enable)
    timer_init                               0x0800245d   Thumb Code   134  gd32e10x_timer.o(i.timer_init)
    timer_interrupt_disable                  0x08002501   Thumb Code     8  gd32e10x_timer.o(i.timer_interrupt_disable)
    timer_interrupt_enable                   0x08002509   Thumb Code     8  gd32e10x_timer.o(i.timer_interrupt_enable)
    timer_interrupt_flag_clear               0x08002511   Thumb Code     6  gd32e10x_timer.o(i.timer_interrupt_flag_clear)
    timer_interrupt_flag_get                 0x08002517   Thumb Code    24  gd32e10x_timer.o(i.timer_interrupt_flag_get)
    usart0_init                              0x08002531   Thumb Code    36  uart.o(i.usart0_init)
    usart0_rx_probe                          0x08002561   Thumb Code    10  uart.o(i.usart0_rx_probe)
    usart2_init                              0x08002571   Thumb Code    40  uart.o(i.usart2_init)
    usart2_rx_probe                          0x080025a5   Thumb Code    10  uart.o(i.usart2_rx_probe)
    usart_baudrate_set                       0x080025b5   Thumb Code   136  gd32e10x_usart.o(i.usart_baudrate_set)
    usart_deinit                             0x08002645   Thumb Code   136  gd32e10x_usart.o(i.usart_deinit)
    usart_dma_receive_config                 0x080026d5   Thumb Code    16  gd32e10x_usart.o(i.usart_dma_receive_config)
    usart_enable                             0x080026e5   Thumb Code    10  gd32e10x_usart.o(i.usart_enable)
    usart_interrupt_enable                   0x080026ef   Thumb Code    26  gd32e10x_usart.o(i.usart_interrupt_enable)
    usart_interrupt_flag_get                 0x08002709   Thumb Code    56  gd32e10x_usart.o(i.usart_interrupt_flag_get)
    usart_receive_config                     0x08002741   Thumb Code    16  gd32e10x_usart.o(i.usart_receive_config)
    usart_transmit_config                    0x08002751   Thumb Code    16  gd32e10x_usart.o(i.usart_transmit_config)
    usb_basic_init                           0x08002761   Thumb Code   218  drv_usb_core.o(i.usb_basic_init)
    usb_clock_active                         0x0800283b   Thumb Code    32  drv_usb_dev.o(i.usb_clock_active)
    usb_core_init                            0x0800285d   Thumb Code   146  drv_usb_core.o(i.usb_core_init)
    usb_ctlep_startout                       0x0800291d   Thumb Code     8  drv_usb_dev.o(i.usb_ctlep_startout)
    usb_curmode_set                          0x08002929   Thumb Code    46  drv_usb_core.o(i.usb_curmode_set)
    usb_devcore_init                         0x08002959   Thumb Code   330  drv_usb_dev.o(i.usb_devcore_init)
    usb_devint_enable                        0x08002aa9   Thumb Code    56  drv_usb_dev.o(i.usb_devint_enable)
    usb_iepintr_read                         0x08002ae9   Thumb Code    42  drv_usb_dev.o(i.usb_iepintr_read)
    usb_init                                 0x08002b15   Thumb Code    50  app.o(i.usb_init)
    usb_intr_config                          0x08002b55   Thumb Code    68  gd32e10x_hw.o(i.usb_intr_config)
    usb_mdelay                               0x08002b99   Thumb Code    14  gd32e10x_hw.o(i.usb_mdelay)
    usb_rcu_config                           0x08002ba9   Thumb Code   112  gd32e10x_hw.o(i.usb_rcu_config)
    usb_rxfifo_flush                         0x08002c31   Thumb Code    34  drv_usb_core.o(i.usb_rxfifo_flush)
    usb_rxfifo_read                          0x08002c53   Thumb Code    30  drv_usb_core.o(i.usb_rxfifo_read)
    usb_send_buffer                          0x08002c71   Thumb Code    22  app.o(i.usb_send_buffer)
    usb_set_txfifo                           0x08002c87   Thumb Code    72  drv_usb_core.o(i.usb_set_txfifo)
    usb_timer_init                           0x08002ccf   Thumb Code    30  gd32e10x_hw.o(i.usb_timer_init)
    usb_timer_irq                            0x08002ced   Thumb Code    46  gd32e10x_hw.o(i.usb_timer_irq)
    usb_transc_active                        0x08002d25   Thumb Code   142  drv_usb_dev.o(i.usb_transc_active)
    usb_transc_clrstall                      0x08002dbd   Thumb Code    68  drv_usb_dev.o(i.usb_transc_clrstall)
    usb_transc_deactivate                    0x08002e01   Thumb Code   100  drv_usb_dev.o(i.usb_transc_deactivate)
    usb_transc_inxfer                        0x08002e65   Thumb Code   262  drv_usb_dev.o(i.usb_transc_inxfer)
    usb_transc_outxfer                       0x08002f6b   Thumb Code   126  drv_usb_dev.o(i.usb_transc_outxfer)
    usb_transc_stall                         0x08002fe9   Thumb Code    66  drv_usb_dev.o(i.usb_transc_stall)
    usb_txfifo_flush                         0x0800302b   Thumb Code    40  drv_usb_core.o(i.usb_txfifo_flush)
    usb_txfifo_write                         0x08003053   Thumb Code    34  drv_usb_core.o(i.usb_txfifo_write)
    usb_udelay                               0x08003075   Thumb Code    14  gd32e10x_hw.o(i.usb_udelay)
    usbd_class_request                       0x08003083   Thumb Code    38  usbd_enum.o(i.usbd_class_request)
    usbd_connect                             0x080030a9   Thumb Code    28  usbd_core.o(i.usbd_connect)
    usbd_ctl_recev                           0x080030c5   Thumb Code    46  usbd_transc.o(i.usbd_ctl_recev)
    usbd_ctl_send                            0x080030f3   Thumb Code    46  usbd_transc.o(i.usbd_ctl_send)
    usbd_ctl_status_recev                    0x08003121   Thumb Code    32  usbd_transc.o(i.usbd_ctl_status_recev)
    usbd_ctl_status_send                     0x08003141   Thumb Code    32  usbd_transc.o(i.usbd_ctl_status_send)
    usbd_disconnect                          0x08003161   Thumb Code    28  usbd_core.o(i.usbd_disconnect)
    usbd_enum_error                          0x08003209   Thumb Code    30  usbd_enum.o(i.usbd_enum_error)
    usbd_ep_clear                            0x08003227   Thumb Code    52  usbd_core.o(i.usbd_ep_clear)
    usbd_ep_recev                            0x0800325b   Thumb Code    52  usbd_core.o(i.usbd_ep_recev)
    usbd_ep_send                             0x0800328f   Thumb Code    52  usbd_core.o(i.usbd_ep_send)
    usbd_ep_setup                            0x080032c5   Thumb Code   106  usbd_core.o(i.usbd_ep_setup)
    usbd_ep_stall                            0x08003335   Thumb Code    58  usbd_core.o(i.usbd_ep_stall)
    usbd_ep_stall_clear                      0x0800336f   Thumb Code    58  usbd_core.o(i.usbd_ep_stall_clear)
    usbd_in_transc                           0x080033a9   Thumb Code   146  usbd_transc.o(i.usbd_in_transc)
    usbd_init                                0x0800343b   Thumb Code   124  usbd_core.o(i.usbd_init)
    usbd_isr                                 0x08003805   Thumb Code   222  drv_usbd_int.o(i.usbd_isr)
    usbd_out_transc                          0x080038e3   Thumb Code   118  usbd_transc.o(i.usbd_out_transc)
    usbd_setup_transc                        0x08003959   Thumb Code   132  usbd_transc.o(i.usbd_setup_transc)
    usbd_standard_request                    0x080039dd   Thumb Code    22  usbd_enum.o(i.usbd_standard_request)
    usbd_vendor_request                      0x080039f9   Thumb Code     6  usbd_enum.o(i.usbd_vendor_request)
    g_can_fdlength_table                     0x08003a00   Data           7  gd32e10x_can.o(.constdata)
    ep_type                                  0x08003af8   Data          16  usbd_core.o(.constdata)
    cdc_dev_desc                             0x08003b08   Data          18  cdc_acm_core.o(.constdata)
    cdc_config_desc                          0x08003b1a   Data          67  cdc_acm_core.o(.constdata)
    usbd_cdc_strings                         0x08003c68   Data          16  cdc_acm_core.o(.constdata)
    Region$$Table$$Base                      0x08003c84   Number         0  anon$$obj.o(Region$$Table)
    Region$$Table$$Limit                     0x08003ca4   Number         0  anon$$obj.o(Region$$Table)
    timer3_interrupt                         0x20000000   Data           1  main.o(.data)
    somma                                    0x20000004   Data           4  main.o(.data)
    pack_tail_index                          0x20000008   Data           2  main.o(.data)
    adc_value_pack_head_index                0x2000000a   Data           2  main.o(.data)
    adc_value_index                          0x2000000c   Data           2  main.o(.data)
    SystemCoreClock                          0x20000014   Data           4  system_gd32e10x.o(.data)
    dma_idle                                 0x20000018   Data           1  uart.o(.data)
    dma_ch6_idle                             0x20000019   Data           1  uart.o(.data)
    dma_ch1_idle                             0x2000001a   Data           1  uart.o(.data)
    cdc_acm                                  0x20000050   Data           4  app.o(.data)
    delay_time                               0x20000054   Data           4  gd32e10x_hw.o(.data)
    timer_prescaler                          0x20000058   Data           2  gd32e10x_hw.o(.data)
    usbfs_prescaler                          0x2000005c   Data           4  gd32e10x_hw.o(.data)
    cdc_desc                                 0x200000ec   Data          16  cdc_acm_core.o(.data)
    cdc_class                                0x200000fc   Data          48  cdc_acm_core.o(.data)
    __microlib_freelist                      0x20000170   Data           4  mvars.o(.data)
    __microlib_freelist_initialised          0x20000174   Data           4  mvars.o(.data)
    str                                      0x20000178   Data          64  main.o(.bss)
    cache_buf                                0x200001b8   Data         512  main.o(.bss)
    usb_cache_buf                            0x200003b8   Data         512  main.o(.bss)
    recv_cache_buf                           0x200005b8   Data        2048  main.o(.bss)
    sensor_1_single_frame                    0x20000db8   Data        2262  main.o(.bss)
    equiment_data_pack                       0x2000168e   Data          24  main.o(.bss)
    USART0_RxBuff                            0x200016b8   Data        2048  uart.o(.bss)
    USART2_RxBuff                            0x20001eb8   Data        2048  uart.o(.bss)
    USART2_TxBuff                            0x200026b8   Data        2048  uart.o(.bss)
    USART0_RX_CACHE_BUFFER                   0x20002eb8   Data        2048  uart.o(.bss)
    USART2_RX_CACHE_BUFFER                   0x200036b8   Data        2048  uart.o(.bss)
    USART0_RxCBuf                            0x20003eb8   Data          16  uart.o(.bss)
    USART1_RxCBuf                            0x20003ec8   Data          16  uart.o(.bss)
    USART2_RxCBuf                            0x20003ed8   Data          16  uart.o(.bss)
    __heap_base                              0x20003f40   Data           0  startup_gd32e10x.o(HEAP)
    __heap_limit                             0x20004340   Data           0  startup_gd32e10x.o(HEAP)
    __initial_sp                             0x20004740   Data           0  startup_gd32e10x.o(STACK)



==============================================================================

Memory Map of the image

  Image Entry point : 0x08000151

  Load Region LR_IROM1 (Base: 0x08000000, Size: 0x00003e1c, Max: 0x00010000, ABSOLUTE, COMPRESSED[0x00003d34])

    Execution Region ER_IROM1 (Exec base: 0x08000000, Load base: 0x08000000, Size: 0x00003ca4, Max: 0x00010000, ABSOLUTE)

    Exec Addr    Load Addr    Size         Type   Attr      Idx    E Section Name        Object

    0x08000000   0x08000000   0x00000150   Data   RO         4043    RESET               startup_gd32e10x.o
    0x08000150   0x08000150   0x00000000   Code   RO         5355  * .ARM.Collect$$$$00000000  mc_w.l(entry.o)
    0x08000150   0x08000150   0x00000004   Code   RO         5659    .ARM.Collect$$$$00000001  mc_w.l(entry2.o)
    0x08000154   0x08000154   0x00000004   Code   RO         5662    .ARM.Collect$$$$00000004  mc_w.l(entry5.o)
    0x08000158   0x08000158   0x00000000   Code   RO         5664    .ARM.Collect$$$$00000008  mc_w.l(entry7b.o)
    0x08000158   0x08000158   0x00000000   Code   RO         5666    .ARM.Collect$$$$0000000A  mc_w.l(entry8b.o)
    0x08000158   0x08000158   0x00000008   Code   RO         5667    .ARM.Collect$$$$0000000B  mc_w.l(entry9a.o)
    0x08000160   0x08000160   0x00000004   Code   RO         5674    .ARM.Collect$$$$0000000E  mc_w.l(entry12b.o)
    0x08000164   0x08000164   0x00000000   Code   RO         5669    .ARM.Collect$$$$0000000F  mc_w.l(entry10a.o)
    0x08000164   0x08000164   0x00000000   Code   RO         5671    .ARM.Collect$$$$00000011  mc_w.l(entry11a.o)
    0x08000164   0x08000164   0x00000004   Code   RO         5660    .ARM.Collect$$$$00002712  mc_w.l(entry2.o)
    0x08000168   0x08000168   0x00000024   Code   RO         4044    .text               startup_gd32e10x.o
    0x0800018c   0x0800018c   0x00000024   Code   RO         5358    .text               mc_w.l(memcpya.o)
    0x080001b0   0x080001b0   0x00000024   Code   RO         5360    .text               mc_w.l(memseta.o)
    0x080001d4   0x080001d4   0x00000018   Code   RO         5362    .text               mc_w.l(strcat.o)
    0x080001ec   0x080001ec   0x0000000e   Code   RO         5364    .text               mc_w.l(strlen.o)
    0x080001fa   0x080001fa   0x0000001c   Code   RO         5657    .text               mc_w.l(calloc.o)
    0x08000216   0x08000216   0x0000002c   Code   RO         5676    .text               mc_w.l(uidiv.o)
    0x08000242   0x08000242   0x00000002   PAD
    0x08000244   0x08000244   0x00000024   Code   RO         5693    .text               mc_w.l(init.o)
    0x08000268   0x08000268   0x00000056   Code   RO         5711    .text               mc_w.l(__dczerorl2.o)
    0x080002be   0x080002be   0x00000004   Code   RO          218    i.BusFault_Handler  gd32e10x_it.o
    0x080002c2   0x080002c2   0x00000002   PAD
    0x080002c4   0x080002c4   0x00000028   Code   RO            3    i.CAN0_RX0_IRQHandler  main.o
    0x080002ec   0x080002ec   0x0000000a   Code   RO         4359    i.CircBuf_GetUsedSize  circular_buffer.o
    0x080002f6   0x080002f6   0x0000003c   Code   RO         4360    i.CircBuf_Init      circular_buffer.o
    0x08000332   0x08000332   0x00000016   Code   RO         4361    i.CircBuf_IsEmpty   circular_buffer.o
    0x08000348   0x08000348   0x0000006c   Code   RO         4363    i.CircBuf_Pop       circular_buffer.o
    0x080003b4   0x080003b4   0x00000074   Code   RO         4365    i.CircBuf_Push      circular_buffer.o
    0x08000428   0x08000428   0x00000028   Code   RO         4128    i.DMA0_Channel1_IRQHandler  uart.o
    0x08000450   0x08000450   0x00000020   Code   RO         4129    i.DMA0_Channel2_IRQHandler  uart.o
    0x08000470   0x08000470   0x00000028   Code   RO         4130    i.DMA0_Channel3_IRQHandler  uart.o
    0x08000498   0x08000498   0x00000020   Code   RO         4131    i.DMA0_Channel4_IRQHandler  uart.o
    0x080004b8   0x080004b8   0x00000020   Code   RO         4132    i.DMA0_Channel5_IRQHandler  uart.o
    0x080004d8   0x080004d8   0x00000028   Code   RO         4133    i.DMA0_Channel6_IRQHandler  uart.o
    0x08000500   0x08000500   0x00000002   Code   RO          219    i.DebugMon_Handler  gd32e10x_it.o
    0x08000502   0x08000502   0x00000004   Code   RO          220    i.HardFault_Handler  gd32e10x_it.o
    0x08000506   0x08000506   0x00000030   Code   RO         4367    i.IsPowerOf2        circular_buffer.o
    0x08000536   0x08000536   0x00000004   Code   RO          221    i.MemManage_Handler  gd32e10x_it.o
    0x0800053a   0x0800053a   0x00000002   Code   RO          222    i.NMI_Handler       gd32e10x_it.o
    0x0800053c   0x0800053c   0x00000028   Code   RO          175    i.NVIC_SetPriority  systick.o
    0x08000564   0x08000564   0x00000002   Code   RO          223    i.PendSV_Handler    gd32e10x_it.o
    0x08000566   0x08000566   0x00000038   Code   RO         4368    i.RoundDown_PowerOf2  circular_buffer.o
    0x0800059e   0x0800059e   0x00000002   Code   RO          224    i.SVC_Handler       gd32e10x_it.o
    0x080005a0   0x080005a0   0x00000008   Code   RO          225    i.SysTick_Handler   gd32e10x_it.o
    0x080005a8   0x080005a8   0x00000058   Code   RO          327    i.SystemInit        system_gd32e10x.o
    0x08000600   0x08000600   0x00000008   Code   RO          226    i.TIMER2_IRQHandler  gd32e10x_it.o
    0x08000608   0x08000608   0x00000008   Code   RO         4652    i.TIMER2_IRQHandler_lib  cdc_acm.lib(gd32e10x_it.o)
    0x08000610   0x08000610   0x0000001c   Code   RO            5    i.TIMER3_IRQHandler  main.o
    0x0800062c   0x0800062c   0x00000010   Code   RO         4136    i.USART0_GetDataCount  uart.o
    0x0800063c   0x0800063c   0x00000068   Code   RO         4137    i.USART0_IRQHandler  uart.o
    0x080006a4   0x080006a4   0x00000020   Code   RO         4139    i.USART0_Recv       uart.o
    0x080006c4   0x080006c4   0x00000010   Code   RO         4142    i.USART2_GetDataCount  uart.o
    0x080006d4   0x080006d4   0x00000068   Code   RO         4143    i.USART2_IRQHandler  uart.o
    0x0800073c   0x0800073c   0x00000020   Code   RO         4144    i.USART2_Recv       uart.o
    0x0800075c   0x0800075c   0x00000008   Code   RO          227    i.USBFS_IRQHandler  gd32e10x_it.o
    0x08000764   0x08000764   0x00000010   Code   RO         4653    i.USBFS_IRQHandler_lib  cdc_acm.lib(gd32e10x_it.o)
    0x08000774   0x08000774   0x00000008   Code   RO          228    i.USBFS_WKUP_IRQHandler  gd32e10x_it.o
    0x0800077c   0x0800077c   0x00000038   Code   RO         4654    i.USBFS_WKUP_IRQHandler_lib  cdc_acm.lib(gd32e10x_it.o)
    0x080007b4   0x080007b4   0x00000004   Code   RO          229    i.UsageFault_Handler  gd32e10x_it.o
    0x080007b8   0x080007b8   0x00000028   Code   RO         5459    i.__0sprintf$3      mc_w.l(printf3.o)
    0x080007e0   0x080007e0   0x0000000e   Code   RO         5705    i.__scatterload_copy  mc_w.l(handlers.o)
    0x080007ee   0x080007ee   0x00000002   Code   RO         5706    i.__scatterload_null  mc_w.l(handlers.o)
    0x080007f0   0x080007f0   0x0000000e   Code   RO         5707    i.__scatterload_zeroinit  mc_w.l(handlers.o)
    0x080007fe   0x080007fe   0x00000002   PAD
    0x08000800   0x08000800   0x000001b8   Code   RO         5464    i._printf_core      mc_w.l(printf3.o)
    0x080009b8   0x080009b8   0x0000000a   Code   RO         5466    i._sputc            mc_w.l(printf3.o)
    0x080009c2   0x080009c2   0x00000014   Code   RO         5163    i._usb_bos_desc_get  cdc_acm.lib(usbd_enum.o)
    0x080009d6   0x080009d6   0x00000022   Code   RO         5164    i._usb_config_desc_get  cdc_acm.lib(usbd_enum.o)
    0x080009f8   0x080009f8   0x00000014   Code   RO         5165    i._usb_dev_desc_get  cdc_acm.lib(usbd_enum.o)
    0x08000a0c   0x08000a0c   0x00000074   Code   RO         5166    i._usb_std_clearfeature  cdc_acm.lib(usbd_enum.o)
    0x08000a80   0x08000a80   0x00000040   Code   RO         5167    i._usb_std_getconfiguration  cdc_acm.lib(usbd_enum.o)
    0x08000ac0   0x08000ac0   0x00000110   Code   RO         5168    i._usb_std_getdescriptor  cdc_acm.lib(usbd_enum.o)
    0x08000bd0   0x08000bd0   0x0000003c   Code   RO         5169    i._usb_std_getinterface  cdc_acm.lib(usbd_enum.o)
    0x08000c0c   0x08000c0c   0x000000c4   Code   RO         5170    i._usb_std_getstatus  cdc_acm.lib(usbd_enum.o)
    0x08000cd0   0x08000cd0   0x00000006   Code   RO         5171    i._usb_std_reserved  cdc_acm.lib(usbd_enum.o)
    0x08000cd6   0x08000cd6   0x0000005c   Code   RO         5172    i._usb_std_setaddress  cdc_acm.lib(usbd_enum.o)
    0x08000d32   0x08000d32   0x00000002   PAD
    0x08000d34   0x08000d34   0x000000b4   Code   RO         5173    i._usb_std_setconfiguration  cdc_acm.lib(usbd_enum.o)
    0x08000de8   0x08000de8   0x00000006   Code   RO         5174    i._usb_std_setdescriptor  cdc_acm.lib(usbd_enum.o)
    0x08000dee   0x08000dee   0x00000068   Code   RO         5175    i._usb_std_setfeature  cdc_acm.lib(usbd_enum.o)
    0x08000e56   0x08000e56   0x00000044   Code   RO         5176    i._usb_std_setinterface  cdc_acm.lib(usbd_enum.o)
    0x08000e9a   0x08000e9a   0x00000006   Code   RO         5177    i._usb_std_synchframe  cdc_acm.lib(usbd_enum.o)
    0x08000ea0   0x08000ea0   0x00000014   Code   RO         5178    i._usb_str_desc_get  cdc_acm.lib(usbd_enum.o)
    0x08000eb4   0x08000eb4   0x000001c4   Code   RO          833    i.can_message_receive  gd32e10x_can.o
    0x08001078   0x08001078   0x00000022   Code   RO         5022    i.cdc_acm_deinit    cdc_acm.lib(cdc_acm_core.o)
    0x0800109a   0x0800109a   0x00000046   Code   RO         5023    i.cdc_acm_in        cdc_acm.lib(cdc_acm_core.o)
    0x080010e0   0x080010e0   0x00000060   Code   RO         5024    i.cdc_acm_init      cdc_acm.lib(cdc_acm_core.o)
    0x08001140   0x08001140   0x00000020   Code   RO         5025    i.cdc_acm_out       cdc_acm.lib(cdc_acm_core.o)
    0x08001160   0x08001160   0x000000b0   Code   RO         5026    i.cdc_acm_req       cdc_acm.lib(cdc_acm_core.o)
    0x08001210   0x08001210   0x00000052   Code   RO         5027    i.cdc_ctlx_out      cdc_acm.lib(cdc_acm_core.o)
    0x08001262   0x08001262   0x00000002   PAD
    0x08001264   0x08001264   0x00000014   Code   RO          176    i.delay_1ms         systick.o
    0x08001278   0x08001278   0x00000018   Code   RO          177    i.delay_decrement   systick.o
    0x08001290   0x08001290   0x00000080   Code   RO         4145    i.dma0_ch1_usart2_tx_init  uart.o
    0x08001310   0x08001310   0x00000088   Code   RO         4146    i.dma0_ch2_usart2_rx_init  uart.o
    0x08001398   0x08001398   0x00000080   Code   RO         4147    i.dma0_ch4_usart0_rx_init  uart.o
    0x08001418   0x08001418   0x00000032   Code   RO         1461    i.dma_channel_disable  gd32e10x_dma.o
    0x0800144a   0x0800144a   0x00000032   Code   RO         1462    i.dma_channel_enable  gd32e10x_dma.o
    0x0800147c   0x0800147c   0x00000032   Code   RO         1463    i.dma_circulation_disable  gd32e10x_dma.o
    0x080014ae   0x080014ae   0x00000070   Code   RO         1465    i.dma_deinit        gd32e10x_dma.o
    0x0800151e   0x0800151e   0x0000012e   Code   RO         1468    i.dma_init          gd32e10x_dma.o
    0x0800164c   0x0800164c   0x00000032   Code   RO         1470    i.dma_interrupt_enable  gd32e10x_dma.o
    0x0800167e   0x0800167e   0x00000010   Code   RO         1471    i.dma_interrupt_flag_clear  gd32e10x_dma.o
    0x0800168e   0x0800168e   0x00000082   Code   RO         1472    i.dma_interrupt_flag_get  gd32e10x_dma.o
    0x08001710   0x08001710   0x00000032   Code   RO         1476    i.dma_memory_to_memory_disable  gd32e10x_dma.o
    0x08001742   0x08001742   0x00000002   PAD
    0x08001744   0x08001744   0x00000018   Code   RO         1480    i.dma_periph_and_channel_check  gd32e10x_dma.o
    0x0800175c   0x0800175c   0x0000001c   Code   RO         1485    i.dma_struct_para_init  gd32e10x_dma.o
    0x08001778   0x08001778   0x00000026   Code   RO         1487    i.dma_transfer_number_config  gd32e10x_dma.o
    0x0800179e   0x0800179e   0x00000022   Code   RO         1488    i.dma_transfer_number_get  gd32e10x_dma.o
    0x080017c0   0x080017c0   0x000000b8   Code   RO         1707    i.exti_init         gd32e10x_exti.o
    0x08001878   0x08001878   0x00000010   Code   RO         1709    i.exti_interrupt_enable  gd32e10x_exti.o
    0x08001888   0x08001888   0x0000000c   Code   RO         1710    i.exti_interrupt_flag_clear  gd32e10x_exti.o
    0x08001894   0x08001894   0x000000b0   Code   RO         4149    i.gd_eval_com_init  uart.o
    0x08001944   0x08001944   0x00000004   Code   RO         2073    i.gpio_bit_reset    gd32e10x_gpio.o
    0x08001948   0x08001948   0x00000004   Code   RO         2074    i.gpio_bit_set      gd32e10x_gpio.o
    0x0800194c   0x0800194c   0x000000bc   Code   RO         2083    i.gpio_init         gd32e10x_gpio.o
    0x08001a08   0x08001a08   0x00000090   Code   RO         2089    i.gpio_pin_remap_config  gd32e10x_gpio.o
    0x08001a98   0x08001a98   0x0000002c   Code   RO         4691    i.hw_delay          cdc_acm.lib(gd32e10x_hw.o)
    0x08001ac4   0x08001ac4   0x00000070   Code   RO         4692    i.hw_time_set       cdc_acm.lib(gd32e10x_hw.o)
    0x08001b34   0x08001b34   0x0000003c   Code   RO         5179    i.int_to_unicode    cdc_acm.lib(usbd_enum.o)
    0x08001b70   0x08001b70   0x00000034   Code   RO         4464    i.led_init          led.o
    0x08001ba4   0x08001ba4   0x00000274   Code   RO            6    i.main              main.o
    0x08001e18   0x08001e18   0x0000006c   Code   RO         5630    i.malloc            mc_w.l(malloc.o)
    0x08001e84   0x08001e84   0x00000084   Code   RO         4150    i.nvic_config       uart.o
    0x08001f08   0x08001f08   0x000000ac   Code   RO         2431    i.nvic_irq_enable   gd32e10x_misc.o
    0x08001fb4   0x08001fb4   0x00000014   Code   RO         2432    i.nvic_priority_group_set  gd32e10x_misc.o
    0x08001fc8   0x08001fc8   0x00000014   Code   RO         2433    i.nvic_vector_table_set  gd32e10x_misc.o
    0x08001fdc   0x08001fdc   0x000000c4   Code   RO         2494    i.pmu_to_deepsleepmode  gd32e10x_pmu.o
    0x080020a0   0x080020a0   0x00000184   Code   RO         2588    i.rcu_clock_freq_get  gd32e10x_rcu.o
    0x08002224   0x08002224   0x00000020   Code   RO         2608    i.rcu_periph_clock_enable  gd32e10x_rcu.o
    0x08002244   0x08002244   0x00000020   Code   RO         2611    i.rcu_periph_reset_disable  gd32e10x_rcu.o
    0x08002264   0x08002264   0x00000020   Code   RO         2612    i.rcu_periph_reset_enable  gd32e10x_rcu.o
    0x08002284   0x08002284   0x00000018   Code   RO         2622    i.rcu_usb_clock_config  gd32e10x_rcu.o
    0x0800229c   0x0800229c   0x0000004c   Code   RO         5180    i.serial_string_get  cdc_acm.lib(usbd_enum.o)
    0x080022e8   0x080022e8   0x000000fc   Code   RO          328    i.system_clock_120m_hxtal  system_gd32e10x.o
    0x080023e4   0x080023e4   0x00000008   Code   RO          329    i.system_clock_config  system_gd32e10x.o
    0x080023ec   0x080023ec   0x00000050   Code   RO          178    i.systick_config    systick.o
    0x0800243c   0x0800243c   0x0000000a   Code   RO         3222    i.timer_auto_reload_shadow_enable  gd32e10x_timer.o
    0x08002446   0x08002446   0x0000000a   Code   RO         3253    i.timer_disable     gd32e10x_timer.o
    0x08002450   0x08002450   0x0000000a   Code   RO         3257    i.timer_enable      gd32e10x_timer.o
    0x0800245a   0x0800245a   0x00000002   PAD
    0x0800245c   0x0800245c   0x000000a4   Code   RO         3267    i.timer_init        gd32e10x_timer.o
    0x08002500   0x08002500   0x00000008   Code   RO         3273    i.timer_interrupt_disable  gd32e10x_timer.o
    0x08002508   0x08002508   0x00000008   Code   RO         3274    i.timer_interrupt_enable  gd32e10x_timer.o
    0x08002510   0x08002510   0x00000006   Code   RO         3275    i.timer_interrupt_flag_clear  gd32e10x_timer.o
    0x08002516   0x08002516   0x00000018   Code   RO         3276    i.timer_interrupt_flag_get  gd32e10x_timer.o
    0x0800252e   0x0800252e   0x00000002   PAD
    0x08002530   0x08002530   0x00000030   Code   RO         4152    i.usart0_init       uart.o
    0x08002560   0x08002560   0x00000010   Code   RO         4153    i.usart0_rx_probe   uart.o
    0x08002570   0x08002570   0x00000034   Code   RO         4159    i.usart2_init       uart.o
    0x080025a4   0x080025a4   0x00000010   Code   RO         4160    i.usart2_rx_probe   uart.o
    0x080025b4   0x080025b4   0x00000090   Code   RO         3665    i.usart_baudrate_set  gd32e10x_usart.o
    0x08002644   0x08002644   0x00000090   Code   RO         3670    i.usart_deinit      gd32e10x_usart.o
    0x080026d4   0x080026d4   0x00000010   Code   RO         3672    i.usart_dma_receive_config  gd32e10x_usart.o
    0x080026e4   0x080026e4   0x0000000a   Code   RO         3674    i.usart_enable      gd32e10x_usart.o
    0x080026ee   0x080026ee   0x0000001a   Code   RO         3684    i.usart_interrupt_enable  gd32e10x_usart.o
    0x08002708   0x08002708   0x00000038   Code   RO         3686    i.usart_interrupt_flag_get  gd32e10x_usart.o
    0x08002740   0x08002740   0x00000010   Code   RO         3699    i.usart_receive_config  gd32e10x_usart.o
    0x08002750   0x08002750   0x00000010   Code   RO         3713    i.usart_transmit_config  gd32e10x_usart.o
    0x08002760   0x08002760   0x000000da   Code   RO         5089    i.usb_basic_init    cdc_acm.lib(drv_usb_core.o)
    0x0800283a   0x0800283a   0x00000020   Code   RO         4754    i.usb_clock_active  cdc_acm.lib(drv_usb_dev.o)
    0x0800285a   0x0800285a   0x00000002   PAD
    0x0800285c   0x0800285c   0x00000098   Code   RO         5090    i.usb_core_init     cdc_acm.lib(drv_usb_core.o)
    0x080028f4   0x080028f4   0x00000026   Code   RO         5091    i.usb_core_reset    cdc_acm.lib(drv_usb_core.o)
    0x0800291a   0x0800291a   0x00000002   PAD
    0x0800291c   0x0800291c   0x0000000c   Code   RO         4755    i.usb_ctlep_startout  cdc_acm.lib(drv_usb_dev.o)
    0x08002928   0x08002928   0x0000002e   Code   RO         5092    i.usb_curmode_set   cdc_acm.lib(drv_usb_core.o)
    0x08002956   0x08002956   0x00000002   PAD
    0x08002958   0x08002958   0x00000150   Code   RO         4758    i.usb_devcore_init  cdc_acm.lib(drv_usb_dev.o)
    0x08002aa8   0x08002aa8   0x00000040   Code   RO         4759    i.usb_devint_enable  cdc_acm.lib(drv_usb_dev.o)
    0x08002ae8   0x08002ae8   0x0000002a   Code   RO         4760    i.usb_iepintr_read  cdc_acm.lib(drv_usb_dev.o)
    0x08002b12   0x08002b12   0x00000002   PAD
    0x08002b14   0x08002b14   0x00000040   Code   RO         4485    i.usb_init          cdc_acm.lib(app.o)
    0x08002b54   0x08002b54   0x00000044   Code   RO         4693    i.usb_intr_config   cdc_acm.lib(gd32e10x_hw.o)
    0x08002b98   0x08002b98   0x0000000e   Code   RO         4694    i.usb_mdelay        cdc_acm.lib(gd32e10x_hw.o)
    0x08002ba6   0x08002ba6   0x00000002   PAD
    0x08002ba8   0x08002ba8   0x00000088   Code   RO         4695    i.usb_rcu_config    cdc_acm.lib(gd32e10x_hw.o)
    0x08002c30   0x08002c30   0x00000022   Code   RO         5093    i.usb_rxfifo_flush  cdc_acm.lib(drv_usb_core.o)
    0x08002c52   0x08002c52   0x0000001e   Code   RO         5094    i.usb_rxfifo_read   cdc_acm.lib(drv_usb_core.o)
    0x08002c70   0x08002c70   0x00000016   Code   RO         4486    i.usb_send_buffer   cdc_acm.lib(app.o)
    0x08002c86   0x08002c86   0x00000048   Code   RO         5095    i.usb_set_txfifo    cdc_acm.lib(drv_usb_core.o)
    0x08002cce   0x08002cce   0x0000001e   Code   RO         4696    i.usb_timer_init    cdc_acm.lib(gd32e10x_hw.o)
    0x08002cec   0x08002cec   0x00000038   Code   RO         4697    i.usb_timer_irq     cdc_acm.lib(gd32e10x_hw.o)
    0x08002d24   0x08002d24   0x00000098   Code   RO         4763    i.usb_transc_active  cdc_acm.lib(drv_usb_dev.o)
    0x08002dbc   0x08002dbc   0x00000044   Code   RO         4764    i.usb_transc_clrstall  cdc_acm.lib(drv_usb_dev.o)
    0x08002e00   0x08002e00   0x00000064   Code   RO         4765    i.usb_transc_deactivate  cdc_acm.lib(drv_usb_dev.o)
    0x08002e64   0x08002e64   0x00000106   Code   RO         4766    i.usb_transc_inxfer  cdc_acm.lib(drv_usb_dev.o)
    0x08002f6a   0x08002f6a   0x0000007e   Code   RO         4767    i.usb_transc_outxfer  cdc_acm.lib(drv_usb_dev.o)
    0x08002fe8   0x08002fe8   0x00000042   Code   RO         4768    i.usb_transc_stall  cdc_acm.lib(drv_usb_dev.o)
    0x0800302a   0x0800302a   0x00000028   Code   RO         5096    i.usb_txfifo_flush  cdc_acm.lib(drv_usb_core.o)
    0x08003052   0x08003052   0x00000022   Code   RO         5097    i.usb_txfifo_write  cdc_acm.lib(drv_usb_core.o)
    0x08003074   0x08003074   0x0000000e   Code   RO         4698    i.usb_udelay        cdc_acm.lib(gd32e10x_hw.o)
    0x08003082   0x08003082   0x00000026   Code   RO         5181    i.usbd_class_request  cdc_acm.lib(usbd_enum.o)
    0x080030a8   0x080030a8   0x0000001c   Code   RO         4933    i.usbd_connect      cdc_acm.lib(usbd_core.o)
    0x080030c4   0x080030c4   0x0000002e   Code   RO         5301    i.usbd_ctl_recev    cdc_acm.lib(usbd_transc.o)
    0x080030f2   0x080030f2   0x0000002e   Code   RO         5302    i.usbd_ctl_send     cdc_acm.lib(usbd_transc.o)
    0x08003120   0x08003120   0x00000020   Code   RO         5303    i.usbd_ctl_status_recev  cdc_acm.lib(usbd_transc.o)
    0x08003140   0x08003140   0x00000020   Code   RO         5304    i.usbd_ctl_status_send  cdc_acm.lib(usbd_transc.o)
    0x08003160   0x08003160   0x0000001c   Code   RO         4934    i.usbd_disconnect   cdc_acm.lib(usbd_core.o)
    0x0800317c   0x0800317c   0x0000008c   Code   RO         4867    i.usbd_emptytxfifo_write  cdc_acm.lib(drv_usbd_int.o)
    0x08003208   0x08003208   0x0000001e   Code   RO         5182    i.usbd_enum_error   cdc_acm.lib(usbd_enum.o)
    0x08003226   0x08003226   0x00000034   Code   RO         4935    i.usbd_ep_clear     cdc_acm.lib(usbd_core.o)
    0x0800325a   0x0800325a   0x00000034   Code   RO         4936    i.usbd_ep_recev     cdc_acm.lib(usbd_core.o)
    0x0800328e   0x0800328e   0x00000034   Code   RO         4937    i.usbd_ep_send      cdc_acm.lib(usbd_core.o)
    0x080032c2   0x080032c2   0x00000002   PAD
    0x080032c4   0x080032c4   0x00000070   Code   RO         4938    i.usbd_ep_setup     cdc_acm.lib(usbd_core.o)
    0x08003334   0x08003334   0x0000003a   Code   RO         4939    i.usbd_ep_stall     cdc_acm.lib(usbd_core.o)
    0x0800336e   0x0800336e   0x0000003a   Code   RO         4940    i.usbd_ep_stall_clear  cdc_acm.lib(usbd_core.o)
    0x080033a8   0x080033a8   0x00000092   Code   RO         5305    i.usbd_in_transc    cdc_acm.lib(usbd_transc.o)
    0x0800343a   0x0800343a   0x0000007c   Code   RO         4942    i.usbd_init         cdc_acm.lib(usbd_core.o)
    0x080034b6   0x080034b6   0x00000002   PAD
    0x080034b8   0x080034b8   0x00000068   Code   RO         4868    i.usbd_int_enumfinish  cdc_acm.lib(drv_usbd_int.o)
    0x08003520   0x08003520   0x00000074   Code   RO         4869    i.usbd_int_epin     cdc_acm.lib(drv_usbd_int.o)
    0x08003594   0x08003594   0x0000007e   Code   RO         4870    i.usbd_int_epout    cdc_acm.lib(drv_usbd_int.o)
    0x08003612   0x08003612   0x00000002   PAD
    0x08003614   0x08003614   0x000000d8   Code   RO         4871    i.usbd_int_reset    cdc_acm.lib(drv_usbd_int.o)
    0x080036ec   0x080036ec   0x000000b2   Code   RO         4872    i.usbd_int_rxfifo   cdc_acm.lib(drv_usbd_int.o)
    0x0800379e   0x0800379e   0x00000066   Code   RO         4873    i.usbd_int_suspend  cdc_acm.lib(drv_usbd_int.o)
    0x08003804   0x08003804   0x000000de   Code   RO         4874    i.usbd_isr          cdc_acm.lib(drv_usbd_int.o)
    0x080038e2   0x080038e2   0x00000076   Code   RO         5306    i.usbd_out_transc   cdc_acm.lib(usbd_transc.o)
    0x08003958   0x08003958   0x00000084   Code   RO         5307    i.usbd_setup_transc  cdc_acm.lib(usbd_transc.o)
    0x080039dc   0x080039dc   0x0000001c   Code   RO         5183    i.usbd_standard_request  cdc_acm.lib(usbd_enum.o)
    0x080039f8   0x080039f8   0x00000006   Code   RO         5184    i.usbd_vendor_request  cdc_acm.lib(usbd_enum.o)
    0x080039fe   0x080039fe   0x00000002   PAD
    0x08003a00   0x08003a00   0x000000c0   Data   RO          847    .constdata          gd32e10x_can.o
    0x08003ac0   0x08003ac0   0x00000004   Data   RO         4769    .constdata          cdc_acm.lib(drv_usb_dev.o)
    0x08003ac4   0x08003ac4   0x00000034   Data   RO         4875    .constdata          cdc_acm.lib(drv_usbd_int.o)
    0x08003af8   0x08003af8   0x00000010   Data   RO         4943    .constdata          cdc_acm.lib(usbd_core.o)
    0x08003b08   0x08003b08   0x00000177   Data   RO         5029    .constdata          cdc_acm.lib(cdc_acm_core.o)
    0x08003c7f   0x08003c7f   0x00000001   PAD
    0x08003c80   0x08003c80   0x00000002   Data   RO            8    .conststring        main.o
    0x08003c82   0x08003c82   0x00000002   PAD
    0x08003c84   0x08003c84   0x00000020   Data   RO         5703    Region$$Table       anon$$obj.o


    Execution Region RW_IRAM1 (Exec base: 0x20000000, Load base: 0x08003ca4, Size: 0x00004740, Max: 0x00005000, ABSOLUTE, COMPRESSED[0x00000090])

    Exec Addr    Load Addr    Size         Type   Attr      Idx    E Section Name        Object

    0x20000000   COMPRESSED   0x0000000f   Data   RW            9    .data               main.o
    0x2000000f   COMPRESSED   0x00000001   PAD
    0x20000010   COMPRESSED   0x00000004   Data   RW          179    .data               systick.o
    0x20000014   COMPRESSED   0x00000004   Data   RW          330    .data               system_gd32e10x.o
    0x20000018   COMPRESSED   0x00000036   Data   RW         4163    .data               uart.o
    0x2000004e   COMPRESSED   0x00000002   PAD
    0x20000050   COMPRESSED   0x00000004   Data   RW         4487    .data               cdc_acm.lib(app.o)
    0x20000054   COMPRESSED   0x0000000c   Data   RW         4699    .data               cdc_acm.lib(gd32e10x_hw.o)
    0x20000060   COMPRESSED   0x00000008   Data   RW         4770    .data               cdc_acm.lib(drv_usb_dev.o)
    0x20000068   COMPRESSED   0x000000c4   Data   RW         5030    .data               cdc_acm.lib(cdc_acm_core.o)
    0x2000012c   COMPRESSED   0x00000043   Data   RW         5185    .data               cdc_acm.lib(usbd_enum.o)
    0x2000016f   COMPRESSED   0x00000001   PAD
    0x20000170   COMPRESSED   0x00000004   Data   RW         5680    .data               mc_w.l(mvars.o)
    0x20000174   COMPRESSED   0x00000004   Data   RW         5681    .data               mc_w.l(mvars.o)
    0x20000178        -       0x0000152e   Zero   RW            7    .bss                main.o
    0x200016a6   COMPRESSED   0x00000002   PAD
    0x200016a8        -       0x00000010   Zero   RW         2499    .bss                gd32e10x_pmu.o
    0x200016b8        -       0x00002830   Zero   RW         4162    .bss                uart.o
    0x20003ee8        -       0x00000058   Zero   RW         5028    .bss                cdc_acm.lib(cdc_acm_core.o)
    0x20003f40        -       0x00000400   Zero   RW         4042    HEAP                startup_gd32e10x.o
    0x20004340        -       0x00000400   Zero   RW         4041    STACK               startup_gd32e10x.o


==============================================================================

Image component sizes


      Code (inc. data)   RO Data    RW Data    ZI Data      Debug   Object Name

       420          0          0          0          0       6482   circular_buffer.o
       452          4        192          0          0      20289   gd32e10x_can.o
       934          6          0          0          0      16193   gd32e10x_dma.o
       212         16          0          0          0       6456   gd32e10x_exti.o
       340          6          0          0          0       3512   gd32e10x_gpio.o
        56          0          0          0          0       6725   gd32e10x_it.o
       212         28          0          0          0       2448   gd32e10x_misc.o
       196         26          0          0         16        843   gd32e10x_pmu.o
       508         54          0          0          0      20851   gd32e10x_rcu.o
       240         30          0          0          0      22049   gd32e10x_timer.o
       428         16          0          0          0      13265   gd32e10x_usart.o
        52         10          0          0          0        571   led.o
       696        122          2         15       5422      52036   main.o
        36          8        336          0       2048        988   startup_gd32e10x.o
       348         38          0          4          0       2423   system_gd32e10x.o
       164         24          0          4          0      27898   systick.o
      1352        232          0         54      10288      16236   uart.o

    ----------------------------------------------------------------------
      6654        620        564         80      17776     219265   Object Totals
         0          0         32          0          0          0   (incl. Generated)
         8          0          2          3          2          0   (incl. Padding)

    ----------------------------------------------------------------------

      Code (inc. data)   RO Data    RW Data    ZI Data      Debug   Library Member Name

        86         14          0          4          0      44727   app.o
       490         12        375        196         88       6611   cdc_acm_core.o
       664          6          0          0          0      21139   drv_usb_core.o
      1260         28          4          8          0      13972   drv_usb_dev.o
      1204         22         52          0          0      10491   drv_usbd_int.o
       474         54          0         12          0       5327   gd32e10x_hw.o
        80         12          0          0          0       1623   gd32e10x_it.o
       564          6         16          0          0      12624   usbd_core.o
      1502         46          0         67          0      22018   usbd_enum.o
       552          0          0          0          0       6083   usbd_transc.o
        86          0          0          0          0          0   __dczerorl2.o
        28          0          0          0          0         76   calloc.o
         0          0          0          0          0          0   entry.o
         0          0          0          0          0          0   entry10a.o
         0          0          0          0          0          0   entry11a.o
         4          0          0          0          0          0   entry12b.o
         8          4          0          0          0          0   entry2.o
         4          0          0          0          0          0   entry5.o
         0          0          0          0          0          0   entry7b.o
         0          0          0          0          0          0   entry8b.o
         8          4          0          0          0          0   entry9a.o
        30          0          0          0          0          0   handlers.o
        36          8          0          0          0         68   init.o
       108         16          0          0          0         84   malloc.o
        36          0          0          0          0         68   memcpya.o
        36          0          0          0          0        108   memseta.o
         0          0          0          8          0          0   mvars.o
       490         10          0          0          0        252   printf3.o
        24          0          0          0          0         68   strcat.o
        14          0          0          0          0         68   strlen.o
        44          0          0          0          0         80   uidiv.o

    ----------------------------------------------------------------------
      7858        242        448        296         88     145487   Library Totals
        26          0          1          1          0          0   (incl. Padding)

    ----------------------------------------------------------------------

      Code (inc. data)   RO Data    RW Data    ZI Data      Debug   Library Name

      6876        200        447        287         88     144615   cdc_acm.lib
       956         42          0          8          0        872   mc_w.l

    ----------------------------------------------------------------------
      7858        242        448        296         88     145487   Library Totals

    ----------------------------------------------------------------------

==============================================================================


      Code (inc. data)   RO Data    RW Data    ZI Data      Debug   

     14512        862       1012        376      17864     346972   Grand Totals
     14512        862       1012        144      17864     346972   ELF Image Totals (compressed)
     14512        862       1012        144          0          0   ROM Totals

==============================================================================

    Total RO  Size (Code + RO Data)                15524 (  15.16kB)
    Total RW  Size (RW Data + ZI Data)             18240 (  17.81kB)
    Total ROM Size (Code + RO Data + RW Data)      15668 (  15.30kB)

==============================================================================

